=== roman_features ablation run A3_freq20_k (feature_set=base45_freq20_k, dim=64, seed=64, device=cpu, folds=['Set_0', 'Set_1', 'Set_2', 'Set_3']) ===
hp={'epochs': 150, 'patience': 30, 'lr': 0.001, 'weight_decay': 0.0001, 'batch_size': 16, 'dropout': 0.3, 'threshold': 0.5, 'seed': 2026} model={'experiment_ref': 'EXP-PROP-001', 'deviation': 'learned', 'comparator': 'mlp', 'pool': 'deepset', 'n_stim': 100} smoke=False
Set_0: AUC=0.9520 Acc=0.8500 Sen=0.8182 Spec=0.8889 F1=0.8571 (best epoch 5, 36 epochs, early_stopping)
Set_1: AUC=0.8750 Acc=0.7500 Sen=0.6875 Spec=0.7917 F1=0.6875 (best epoch 25, 56 epochs, early_stopping)
Set_2: AUC=0.9450 Acc=0.8000 Sen=0.9500 Spec=0.6500 F1=0.8261 (best epoch 1, 32 epochs, early_stopping)
Set_3: AUC=0.8813 Acc=0.7750 Sen=0.7727 Spec=0.7778 F1=0.7907 (best epoch 21, 52 epochs, early_stopping)
{
 "acc": {
  "mean": 0.7937500000000001,
  "std": 0.04269562819149832
 },
 "auc": {
  "mean": 0.9133333333333333,
  "std": 0.0408011003464032
 },
 "balanced_acc": {
  "mean": 0.7920928030303029,
  "std": 0.04788371379349829
 },
 "sen": {
  "mean": 0.8071022727272728,
  "std": 0.10958841339867853
 },
 "spec": {
  "mean": 0.7770833333333332,
  "std": 0.09808807560622076
 },
 "f1": {
  "mean": 0.7903568720208003,
  "std": 0.07374880567472597
 }
}
