=== roman_features ablation run A2_k (feature_set=base45_k, dim=46, seed=100, device=cpu, folds=['Set_0', 'Set_1', 'Set_2', 'Set_3']) ===
hp={'epochs': 150, 'patience': 30, 'lr': 0.001, 'weight_decay': 0.0001, 'batch_size': 16, 'dropout': 0.3, 'threshold': 0.5, 'seed': 2026} model={'experiment_ref': 'EXP-PROP-001', 'deviation': 'learned', 'comparator': 'mlp', 'pool': 'deepset', 'n_stim': 100} smoke=False
Set_0: AUC=0.9773 Acc=0.8750 Sen=0.8182 Spec=0.9444 F1=0.8780 (best epoch 6, 37 epochs, early_stopping)
Set_1: AUC=0.9062 Acc=0.7500 Sen=0.8125 Spec=0.7083 F1=0.7222 (best epoch 31, 62 epochs, early_stopping)
Set_2: AUC=0.9875 Acc=0.9250 Sen=0.8500 Spec=1.0000 F1=0.9189 (best epoch 24, 55 epochs, early_stopping)
Set_3: AUC=0.9040 Acc=0.7500 Sen=0.6818 Spec=0.8333 F1=0.7500 (best epoch 24, 55 epochs, early_stopping)
{
 "acc": {
  "mean": 0.825,
  "std": 0.08897565210026095
 },
 "auc": {
  "mean": 0.9437657828282828,
  "std": 0.044799318293493894
 },
 "balanced_acc": {
  "mean": 0.831076388888889,
  "std": 0.08512836221749946
 },
 "sen": {
  "mean": 0.790625,
  "std": 0.0743913260202582
 },
 "spec": {
  "mean": 0.8715277777777778,
  "std": 0.12898733070143545
 },
 "f1": {
  "mean": 0.8172974804072365,
  "std": 0.09589211440428319
 }
}
