=== roman_features ablation run A3_freq20_k (feature_set=base45_freq20_k, dim=64, seed=2026, device=cpu, folds=['Set_0']) ===
hp={'epochs': 2, 'patience': 5, 'lr': 0.001, 'weight_decay': 0.0001, 'batch_size': 16, 'dropout': 0.3, 'threshold': 0.5, 'seed': 2026} model={'experiment_ref': 'EXP-PROP-001', 'deviation': 'learned', 'comparator': 'mlp', 'pool': 'deepset', 'n_stim': 100} smoke=True
Set_0: AUC=0.8258 Acc=0.7000 Sen=0.9545 Spec=0.3889 F1=0.7778 (best epoch 1, 2 epochs, max_epochs)
{
 "acc": {
  "mean": 0.7,
  "std": NaN
 },
 "auc": {
  "mean": 0.8257575757575758,
  "std": NaN
 },
 "balanced_acc": {
  "mean": 0.6717171717171717,
  "std": NaN
 },
 "sen": {
  "mean": 0.9545454545454546,
  "std": NaN
 },
 "spec": {
  "mean": 0.3888888888888889,
  "std": NaN
 },
 "f1": {
  "mean": 0.7777777777777778,
  "std": NaN
 }
}
