$ /root/EMS-Projects/.venv/bin/python /root/EMS-Projects/roman_features/code/run_ablation.py --ablation-id A4_freq10 --feature-set base45_freq10 --seed 64 --fold all
=== roman_features ablation run A4_freq10 (feature_set=base45_freq10, dim=81, seed=64, device=cpu, folds=['Set_0', 'Set_1', 'Set_2', 'Set_3']) ===
hp={'epochs': 150, 'patience': 30, 'lr': 0.001, 'weight_decay': 0.0001, 'batch_size': 16, 'dropout': 0.3, 'threshold': 0.5, 'seed': 2026} model={'experiment_ref': 'EXP-PROP-001', 'deviation': 'learned', 'comparator': 'mlp', 'pool': 'deepset', 'n_stim': 100} smoke=False
Set_0: AUC=0.9773 Acc=0.9250 Sen=0.8636 Spec=1.0000 F1=0.9268 (best epoch 41, 72 epochs, early_stopping)
Set_1: AUC=0.8568 Acc=0.7250 Sen=0.5625 Spec=0.8333 F1=0.6207 (best epoch 3, 34 epochs, early_stopping)
Set_2: AUC=0.9700 Acc=0.8750 Sen=0.9500 Spec=0.8000 F1=0.8837 (best epoch 31, 62 epochs, early_stopping)
Set_3: AUC=0.9066 Acc=0.7750 Sen=0.6364 Spec=0.9444 F1=0.7568 (best epoch 19, 50 epochs, early_stopping)
{
 "acc": {
  "mean": 0.825,
  "std": 0.0912870929175277
 },
 "auc": {
  "mean": 0.9276523042929292,
  "std": 0.05693371393167923
 },
 "balanced_acc": {
  "mean": 0.8237847222222223,
  "std": 0.10206414714630839
 },
 "sen": {
  "mean": 0.7531249999999999,
  "std": 0.1834335790606432
 },
 "spec": {
  "mean": 0.8944444444444446,
  "std": 0.09362388636862617
 },
 "f1": {
  "mean": 0.7969991526136029,
  "std": 0.13793841012434813
 }
}
