$ /root/EMS-Projects/.venv/bin/python /root/EMS-Projects/roman_features/code/run_ablation.py --ablation-id A2_k --feature-set base45_k --seed 1234 --fold all
=== roman_features ablation run A2_k (feature_set=base45_k, dim=46, seed=1234, device=cpu, folds=['Set_0', 'Set_1', 'Set_2', 'Set_3']) ===
hp={'epochs': 150, 'patience': 30, 'lr': 0.001, 'weight_decay': 0.0001, 'batch_size': 16, 'dropout': 0.3, 'threshold': 0.5, 'seed': 2026} model={'experiment_ref': 'EXP-PROP-001', 'deviation': 'learned', 'comparator': 'mlp', 'pool': 'deepset', 'n_stim': 100} smoke=False
Set_0: AUC=0.9394 Acc=0.8000 Sen=0.6818 Spec=0.9444 F1=0.7895 (best epoch 29, 60 epochs, early_stopping)
Set_1: AUC=0.8906 Acc=0.7750 Sen=0.6875 Spec=0.8333 F1=0.7097 (best epoch 9, 40 epochs, early_stopping)
Set_2: AUC=0.9775 Acc=0.9000 Sen=0.9500 Spec=0.8500 F1=0.9048 (best epoch 7, 38 epochs, early_stopping)
Set_3: AUC=0.9015 Acc=0.8000 Sen=0.7727 Spec=0.8333 F1=0.8095 (best epoch 28, 59 epochs, early_stopping)
{
 "acc": {
  "mean": 0.8187500000000001,
  "std": 0.05543389456520862
 },
 "auc": {
  "mean": 0.9272585227272727,
  "std": 0.039480841450819606
 },
 "balanced_acc": {
  "mean": 0.8191445707070706,
  "std": 0.058544558667034965
 },
 "sen": {
  "mean": 0.7730113636363636,
  "std": 0.12510455338179943
 },
 "spec": {
  "mean": 0.8652777777777778,
  "std": 0.053359368645273714
 },
 "f1": {
  "mean": 0.8033592044627698,
  "std": 0.08018643799961613
 }
}
