$ /root/EMS-Projects/.venv/bin/python /root/EMS-Projects/roman_features/code/run_ablation.py --ablation-id A2_k --feature-set base45_k --seed 13 --fold all
=== roman_features ablation run A2_k (feature_set=base45_k, dim=46, seed=13, device=cpu, folds=['Set_0', 'Set_1', 'Set_2', 'Set_3']) ===
hp={'epochs': 150, 'patience': 30, 'lr': 0.001, 'weight_decay': 0.0001, 'batch_size': 16, 'dropout': 0.3, 'threshold': 0.5, 'seed': 2026} model={'experiment_ref': 'EXP-PROP-001', 'deviation': 'learned', 'comparator': 'mlp', 'pool': 'deepset', 'n_stim': 100} smoke=False
Set_0: AUC=0.9545 Acc=0.8750 Sen=0.7727 Spec=1.0000 F1=0.8718 (best epoch 27, 58 epochs, early_stopping)
Set_1: AUC=0.8594 Acc=0.7500 Sen=0.7500 Spec=0.7500 F1=0.7059 (best epoch 7, 38 epochs, early_stopping)
Set_2: AUC=0.9750 Acc=0.9000 Sen=0.9500 Spec=0.8500 F1=0.9048 (best epoch 4, 35 epochs, early_stopping)
Set_3: AUC=0.9167 Acc=0.8500 Sen=0.8182 Spec=0.8889 F1=0.8571 (best epoch 16, 47 epochs, early_stopping)
{
 "acc": {
  "mean": 0.84375,
  "std": 0.06574889099191458
 },
 "auc": {
  "mean": 0.9263967803030304,
  "std": 0.050797686866241656
 },
 "balanced_acc": {
  "mean": 0.8474747474747475,
  "std": 0.06784616219296301
 },
 "sen": {
  "mean": 0.8227272727272728,
  "std": 0.08945811769166975
 },
 "spec": {
  "mean": 0.8722222222222222,
  "std": 0.10333930687632373
 },
 "f1": {
  "mean": 0.8348954966602026,
  "std": 0.0882840400205947
 }
}
