$ /root/EMS-Projects/.venv/bin/python /root/EMS-Projects/roman_features/code/run_ablation.py --ablation-id A3_freq20_k --feature-set base45_freq20_k --seed 123 --fold all
=== roman_features ablation run A3_freq20_k (feature_set=base45_freq20_k, dim=64, seed=123, device=cpu, folds=['Set_0', 'Set_1', 'Set_2', 'Set_3']) ===
hp={'epochs': 150, 'patience': 30, 'lr': 0.001, 'weight_decay': 0.0001, 'batch_size': 16, 'dropout': 0.3, 'threshold': 0.5, 'seed': 2026} model={'experiment_ref': 'EXP-PROP-001', 'deviation': 'learned', 'comparator': 'mlp', 'pool': 'deepset', 'n_stim': 100} smoke=False
Set_0: AUC=0.9293 Acc=0.7750 Sen=0.8636 Spec=0.6667 F1=0.8085 (best epoch 38, 69 epochs, early_stopping)
Set_1: AUC=0.8490 Acc=0.7500 Sen=0.6250 Spec=0.8333 F1=0.6667 (best epoch 5, 36 epochs, early_stopping)
Set_2: AUC=0.9775 Acc=0.8250 Sen=0.6500 Spec=1.0000 F1=0.7879 (best epoch 1, 32 epochs, early_stopping)
Set_3: AUC=0.8611 Acc=0.8000 Sen=0.7273 Spec=0.8889 F1=0.8000 (best epoch 2, 33 epochs, early_stopping)
{
 "acc": {
  "mean": 0.7874999999999999,
  "std": 0.03227486121839513
 },
 "auc": {
  "mean": 0.9042155934343434,
  "std": 0.06030709800587128
 },
 "balanced_acc": {
  "mean": 0.7818497474747474,
  "std": 0.04322171830481865
 },
 "sen": {
  "mean": 0.7164772727272728,
  "std": 0.10733073354653067
 },
 "spec": {
  "mean": 0.8472222222222222,
  "std": 0.1388888888888889
 },
 "f1": {
  "mean": 0.7657640232108317,
  "std": 0.06660511516509961
 }
}
