$ /root/EMS-Projects/.venv/bin/python /root/EMS-Projects/roman_features/code/run_ablation.py --ablation-id A4_freq10 --feature-set base45_freq10 --seed 0 --fold all
=== roman_features ablation run A4_freq10 (feature_set=base45_freq10, dim=81, seed=0, device=cpu, folds=['Set_0', 'Set_1', 'Set_2', 'Set_3']) ===
hp={'epochs': 150, 'patience': 30, 'lr': 0.001, 'weight_decay': 0.0001, 'batch_size': 16, 'dropout': 0.3, 'threshold': 0.5, 'seed': 2026} model={'experiment_ref': 'EXP-PROP-001', 'deviation': 'learned', 'comparator': 'mlp', 'pool': 'deepset', 'n_stim': 100} smoke=False
Set_0: AUC=0.9621 Acc=0.9000 Sen=0.8182 Spec=1.0000 F1=0.9000 (best epoch 3, 34 epochs, early_stopping)
Set_1: AUC=0.8672 Acc=0.7750 Sen=0.5625 Spec=0.9167 F1=0.6667 (best epoch 2, 33 epochs, early_stopping)
Set_2: AUC=0.9750 Acc=0.9250 Sen=0.9500 Spec=0.9000 F1=0.9268 (best epoch 13, 44 epochs, early_stopping)
Set_3: AUC=0.8636 Acc=0.8000 Sen=0.6818 Spec=0.9444 F1=0.7895 (best epoch 3, 34 epochs, early_stopping)
{
 "acc": {
  "mean": 0.8500000000000001,
  "std": 0.07359800721939873
 },
 "auc": {
  "mean": 0.9169862689393941,
  "std": 0.05980213449735649
 },
 "balanced_acc": {
  "mean": 0.8467013888888889,
  "std": 0.08684152721162035
 },
 "sen": {
  "mean": 0.753125,
  "std": 0.16774455595851392
 },
 "spec": {
  "mean": 0.9402777777777778,
  "std": 0.043832593994609724
 },
 "f1": {
  "mean": 0.820742404792469,
  "std": 0.11867779204107831
 }
}
