$ /root/EMS-Projects/.venv/bin/python /root/EMS-Projects/roman_features/code/run_ablation.py --ablation-id A4_freq10 --feature-set base45_freq10 --seed 13 --fold all
=== roman_features ablation run A4_freq10 (feature_set=base45_freq10, dim=81, seed=13, device=cpu, folds=['Set_0', 'Set_1', 'Set_2', 'Set_3']) ===
hp={'epochs': 150, 'patience': 30, 'lr': 0.001, 'weight_decay': 0.0001, 'batch_size': 16, 'dropout': 0.3, 'threshold': 0.5, 'seed': 2026} model={'experiment_ref': 'EXP-PROP-001', 'deviation': 'learned', 'comparator': 'mlp', 'pool': 'deepset', 'n_stim': 100} smoke=False
Set_0: AUC=0.9571 Acc=0.8500 Sen=0.8182 Spec=0.8889 F1=0.8571 (best epoch 24, 55 epochs, early_stopping)
Set_1: AUC=0.9167 Acc=0.8500 Sen=0.8125 Spec=0.8750 F1=0.8125 (best epoch 16, 47 epochs, early_stopping)
Set_2: AUC=0.9775 Acc=0.6750 Sen=1.0000 Spec=0.3500 F1=0.7547 (best epoch 2, 33 epochs, early_stopping)
Set_3: AUC=0.9040 Acc=0.8000 Sen=0.7727 Spec=0.8333 F1=0.8095 (best epoch 37, 68 epochs, early_stopping)
{
 "acc": {
  "mean": 0.79375,
  "std": 0.08260094833999584
 },
 "auc": {
  "mean": 0.9388194444444444,
  "std": 0.03430073458997983
 },
 "balanced_acc": {
  "mean": 0.7938289141414141,
  "std": 0.08218262207205486
 },
 "sen": {
  "mean": 0.8508522727272727,
  "std": 0.10146726171393666
 },
 "spec": {
  "mean": 0.7368055555555556,
  "std": 0.2589486399812676
 },
 "f1": {
  "mean": 0.8084709119496856,
  "std": 0.04193560726896374
 }
}
