$ /root/EMS-Projects/.venv/bin/python /root/EMS-Projects/roman_features/code/run_ablation.py --ablation-id A4_freq10 --feature-set base45_freq10 --seed 1234 --fold all
=== roman_features ablation run A4_freq10 (feature_set=base45_freq10, dim=81, seed=1234, device=cpu, folds=['Set_0', 'Set_1', 'Set_2', 'Set_3']) ===
hp={'epochs': 150, 'patience': 30, 'lr': 0.001, 'weight_decay': 0.0001, 'batch_size': 16, 'dropout': 0.3, 'threshold': 0.5, 'seed': 2026} model={'experiment_ref': 'EXP-PROP-001', 'deviation': 'learned', 'comparator': 'mlp', 'pool': 'deepset', 'n_stim': 100} smoke=False
Set_0: AUC=0.9596 Acc=0.8250 Sen=0.6818 Spec=1.0000 F1=0.8108 (best epoch 29, 60 epochs, early_stopping)
Set_1: AUC=0.8490 Acc=0.7500 Sen=0.6875 Spec=0.7917 F1=0.6875 (best epoch 6, 37 epochs, early_stopping)
Set_2: AUC=0.9650 Acc=0.5000 Sen=1.0000 Spec=0.0000 F1=0.6667 (best epoch 0, 31 epochs, early_stopping)
Set_3: AUC=0.8788 Acc=0.7750 Sen=0.6818 Spec=0.8889 F1=0.7692 (best epoch 14, 45 epochs, early_stopping)
{
 "acc": {
  "mean": 0.7125,
  "std": 0.14505745987941007
 },
 "auc": {
  "mean": 0.9130855429292929,
  "std": 0.05815771226465325
 },
 "balanced_acc": {
  "mean": 0.7164614898989898,
  "std": 0.15013717680527278
 },
 "sen": {
  "mean": 0.7627840909090908,
  "std": 0.15816661967649753
 },
 "spec": {
  "mean": 0.6701388888888888,
  "std": 0.454794842500915
 },
 "f1": {
  "mean": 0.7335520616770617,
  "std": 0.0679125244728321
 }
}
