$ /root/EMS-Projects/.venv/bin/python /root/EMS-Projects/roman_features/code/run_ablation.py --ablation-id A3_freq20_k --feature-set base45_freq20_k --seed 0 --fold all
=== roman_features ablation run A3_freq20_k (feature_set=base45_freq20_k, dim=64, seed=0, device=cpu, folds=['Set_0', 'Set_1', 'Set_2', 'Set_3']) ===
hp={'epochs': 150, 'patience': 30, 'lr': 0.001, 'weight_decay': 0.0001, 'batch_size': 16, 'dropout': 0.3, 'threshold': 0.5, 'seed': 2026} model={'experiment_ref': 'EXP-PROP-001', 'deviation': 'learned', 'comparator': 'mlp', 'pool': 'deepset', 'n_stim': 100} smoke=False
Set_0: AUC=0.9874 Acc=0.8750 Sen=0.9545 Spec=0.7778 F1=0.8936 (best epoch 11, 42 epochs, early_stopping)
Set_1: AUC=0.8750 Acc=0.7250 Sen=0.8125 Spec=0.6667 F1=0.7027 (best epoch 5, 36 epochs, early_stopping)
Set_2: AUC=0.9700 Acc=0.8750 Sen=0.9000 Spec=0.8500 F1=0.8780 (best epoch 3, 34 epochs, early_stopping)
Set_3: AUC=0.9242 Acc=0.7250 Sen=0.5455 Spec=0.9444 F1=0.6857 (best epoch 49, 80 epochs, early_stopping)
{
 "acc": {
  "mean": 0.8,
  "std": 0.08660254037844388
 },
 "auc": {
  "mean": 0.9391540404040405,
  "std": 0.050380914362350884
 },
 "balanced_acc": {
  "mean": 0.806423611111111,
  "std": 0.07420251579678565
 },
 "sen": {
  "mean": 0.803125,
  "std": 0.18147072624385205
 },
 "spec": {
  "mean": 0.8097222222222222,
  "std": 0.11727136059780711
 },
 "f1": {
  "mean": 0.7900206975453472,
  "std": 0.11103363071545033
 }
}
