$ /root/EMS-Projects/.venv/bin/python /root/EMS-Projects/roman_features/code/run_ablation.py --ablation-id A0_base45 --feature-set base45 --seed 0 --fold all
=== roman_features ablation run A0_base45 (feature_set=base45, dim=45, seed=0, device=cpu, folds=['Set_0', 'Set_1', 'Set_2', 'Set_3']) ===
hp={'epochs': 150, 'patience': 30, 'lr': 0.001, 'weight_decay': 0.0001, 'batch_size': 16, 'dropout': 0.3, 'threshold': 0.5, 'seed': 2026} model={'experiment_ref': 'EXP-PROP-001', 'deviation': 'learned', 'comparator': 'mlp', 'pool': 'deepset', 'n_stim': 100} smoke=False
Set_0: AUC=0.9722 Acc=0.8750 Sen=0.9091 Spec=0.8333 F1=0.8889 (best epoch 10, 41 epochs, early_stopping)
Set_1: AUC=0.8516 Acc=0.7500 Sen=0.6250 Spec=0.8333 F1=0.6667 (best epoch 35, 66 epochs, early_stopping)
Set_2: AUC=0.9925 Acc=0.8750 Sen=0.7500 Spec=1.0000 F1=0.8571 (best epoch 37, 68 epochs, early_stopping)
Set_3: AUC=0.9899 Acc=0.9250 Sen=0.9545 Spec=0.8889 F1=0.9333 (best epoch 55, 86 epochs, early_stopping)
{
 "acc": {
  "mean": 0.85625,
  "std": 0.0746519702798705
 },
 "auc": {
  "mean": 0.951545928030303,
  "std": 0.067261649270601
 },
 "balanced_acc": {
  "mean": 0.84927398989899,
  "std": 0.08330044595159813
 },
 "sen": {
  "mean": 0.8096590909090909,
  "std": 0.15114775532370284
 },
 "spec": {
  "mean": 0.888888888888889,
  "std": 0.0785674201318386
 },
 "f1": {
  "mean": 0.8365079365079364,
  "std": 0.11746031746031746
 }
}
