$ /root/EMS-Projects/.venv/bin/python /root/EMS-Projects/roman_features/code/run_ablation.py --ablation-id A2_k --feature-set base45_k --seed 2024 --fold all
=== roman_features ablation run A2_k (feature_set=base45_k, dim=46, seed=2024, device=cpu, folds=['Set_0', 'Set_1', 'Set_2', 'Set_3']) ===
hp={'epochs': 150, 'patience': 30, 'lr': 0.001, 'weight_decay': 0.0001, 'batch_size': 16, 'dropout': 0.3, 'threshold': 0.5, 'seed': 2026} model={'experiment_ref': 'EXP-PROP-001', 'deviation': 'learned', 'comparator': 'mlp', 'pool': 'deepset', 'n_stim': 100} smoke=False
Set_0: AUC=0.9773 Acc=0.8750 Sen=0.9091 Spec=0.8333 F1=0.8889 (best epoch 35, 66 epochs, early_stopping)
Set_1: AUC=0.8750 Acc=0.7750 Sen=0.8125 Spec=0.7500 F1=0.7429 (best epoch 5, 36 epochs, early_stopping)
Set_2: AUC=0.9950 Acc=0.9750 Sen=0.9500 Spec=1.0000 F1=0.9744 (best epoch 46, 77 epochs, early_stopping)
Set_3: AUC=0.8763 Acc=0.7250 Sen=0.5909 Spec=0.8889 F1=0.7027 (best epoch 36, 67 epochs, early_stopping)
{
 "acc": {
  "mean": 0.8375,
  "std": 0.11086778913041725
 },
 "auc": {
  "mean": 0.9308838383838384,
  "std": 0.06421134738459874
 },
 "balanced_acc": {
  "mean": 0.8418402777777778,
  "std": 0.10433507678725173
 },
 "sen": {
  "mean": 0.815625,
  "std": 0.16051949228545814
 },
 "spec": {
  "mean": 0.8680555555555556,
  "std": 0.10485881160098262
 },
 "f1": {
  "mean": 0.8272019272019273,
  "std": 0.12658933251163845
 }
}
