$ /root/EMS-Projects/.venv/bin/python /root/EMS-Projects/roman_features/code/run_ablation.py --ablation-id A4_freq10 --feature-set base45_freq10 --seed 123 --fold all
=== roman_features ablation run A4_freq10 (feature_set=base45_freq10, dim=81, seed=123, device=cpu, folds=['Set_0', 'Set_1', 'Set_2', 'Set_3']) ===
hp={'epochs': 150, 'patience': 30, 'lr': 0.001, 'weight_decay': 0.0001, 'batch_size': 16, 'dropout': 0.3, 'threshold': 0.5, 'seed': 2026} model={'experiment_ref': 'EXP-PROP-001', 'deviation': 'learned', 'comparator': 'mlp', 'pool': 'deepset', 'n_stim': 100} smoke=False
Set_0: AUC=0.9394 Acc=0.9000 Sen=0.9091 Spec=0.8889 F1=0.9091 (best epoch 4, 35 epochs, early_stopping)
Set_1: AUC=0.8516 Acc=0.7750 Sen=0.6250 Spec=0.8750 F1=0.6897 (best epoch 5, 36 epochs, early_stopping)
Set_2: AUC=0.9725 Acc=0.8750 Sen=0.9500 Spec=0.8000 F1=0.8837 (best epoch 18, 49 epochs, early_stopping)
Set_3: AUC=0.8535 Acc=0.7500 Sen=0.7273 Spec=0.7778 F1=0.7619 (best epoch 8, 39 epochs, early_stopping)
{
 "acc": {
  "mean": 0.825,
  "std": 0.07359800721939873
 },
 "auc": {
  "mean": 0.9042479482323232,
  "std": 0.06121303505400887
 },
 "balanced_acc": {
  "mean": 0.8191287878787878,
  "std": 0.07898145277421105
 },
 "sen": {
  "mean": 0.8028409090909092,
  "std": 0.1530607717942744
 },
 "spec": {
  "mean": 0.8354166666666667,
  "std": 0.05478047285083722
 },
 "f1": {
  "mean": 0.8110929434105056,
  "std": 0.10335220554300997
 }
}
