$ /root/EMS-Projects/.venv/bin/python /root/EMS-Projects/roman_features/code/run_ablation.py --ablation-id A2_k --feature-set base45_k --seed 3 --fold all
=== roman_features ablation run A2_k (feature_set=base45_k, dim=46, seed=3, device=cpu, folds=['Set_0', 'Set_1', 'Set_2', 'Set_3']) ===
hp={'epochs': 150, 'patience': 30, 'lr': 0.001, 'weight_decay': 0.0001, 'batch_size': 16, 'dropout': 0.3, 'threshold': 0.5, 'seed': 2026} model={'experiment_ref': 'EXP-PROP-001', 'deviation': 'learned', 'comparator': 'mlp', 'pool': 'deepset', 'n_stim': 100} smoke=False
Set_0: AUC=0.9545 Acc=0.8500 Sen=0.8182 Spec=0.8889 F1=0.8571 (best epoch 34, 65 epochs, early_stopping)
Set_1: AUC=0.8490 Acc=0.7000 Sen=0.8750 Spec=0.5833 F1=0.7000 (best epoch 12, 43 epochs, early_stopping)
Set_2: AUC=0.9850 Acc=0.9250 Sen=0.9500 Spec=0.9000 F1=0.9268 (best epoch 17, 48 epochs, early_stopping)
Set_3: AUC=0.8914 Acc=0.5250 Sen=0.1364 Spec=1.0000 F1=0.2400 (best epoch 2, 33 epochs, early_stopping)
{
 "acc": {
  "mean": 0.7499999999999999,
  "std": 0.1767766952966369
 },
 "auc": {
  "mean": 0.9199794823232323,
  "std": 0.061325515243712124
 },
 "balanced_acc": {
  "mean": 0.7689709595959597,
  "std": 0.15641489615460943
 },
 "sen": {
  "mean": 0.6948863636363637,
  "std": 0.3762416313375158
 },
 "spec": {
  "mean": 0.8430555555555556,
  "std": 0.18021335092565102
 },
 "f1": {
  "mean": 0.6809930313588851,
  "std": 0.3089230406198913
 }
}
