$ /root/EMS-Projects/.venv/bin/python /root/EMS-Projects/roman_features/code/run_ablation.py --ablation-id A2_k --feature-set base45_k --seed 0 --fold all
=== roman_features ablation run A2_k (feature_set=base45_k, dim=46, seed=0, device=cpu, folds=['Set_0', 'Set_1', 'Set_2', 'Set_3']) ===
hp={'epochs': 150, 'patience': 30, 'lr': 0.001, 'weight_decay': 0.0001, 'batch_size': 16, 'dropout': 0.3, 'threshold': 0.5, 'seed': 2026} model={'experiment_ref': 'EXP-PROP-001', 'deviation': 'learned', 'comparator': 'mlp', 'pool': 'deepset', 'n_stim': 100} smoke=False
Set_0: AUC=0.9419 Acc=0.8750 Sen=0.8182 Spec=0.9444 F1=0.8780 (best epoch 8, 39 epochs, early_stopping)
Set_1: AUC=0.9062 Acc=0.7500 Sen=0.3750 Spec=1.0000 F1=0.5455 (best epoch 35, 66 epochs, early_stopping)
Set_2: AUC=0.9700 Acc=0.8750 Sen=0.8500 Spec=0.9000 F1=0.8718 (best epoch 4, 35 epochs, early_stopping)
Set_3: AUC=0.8990 Acc=0.8000 Sen=0.7727 Spec=0.8333 F1=0.8095 (best epoch 37, 68 epochs, early_stopping)
{
 "acc": {
  "mean": 0.825,
  "std": 0.06123724356957945
 },
 "auc": {
  "mean": 0.9292897727272726,
  "std": 0.03299362721065738
 },
 "balanced_acc": {
  "mean": 0.8117108585858586,
  "std": 0.09009935483514868
 },
 "sen": {
  "mean": 0.7039772727272728,
  "std": 0.22159867896245755
 },
 "spec": {
  "mean": 0.9194444444444445,
  "std": 0.07049209744694176
 },
 "f1": {
  "mean": 0.7762055018152578,
  "std": 0.15691345231668186
 }
}
