$ /root/EMS-Projects/.venv/bin/python /root/EMS-Projects/roman_features/code/run_ablation.py --ablation-id A4_freq10 --feature-set base45_freq10 --seed 100 --fold all
=== roman_features ablation run A4_freq10 (feature_set=base45_freq10, dim=81, seed=100, device=cpu, folds=['Set_0', 'Set_1', 'Set_2', 'Set_3']) ===
hp={'epochs': 150, 'patience': 30, 'lr': 0.001, 'weight_decay': 0.0001, 'batch_size': 16, 'dropout': 0.3, 'threshold': 0.5, 'seed': 2026} model={'experiment_ref': 'EXP-PROP-001', 'deviation': 'learned', 'comparator': 'mlp', 'pool': 'deepset', 'n_stim': 100} smoke=False
Set_0: AUC=0.9722 Acc=0.9000 Sen=0.9091 Spec=0.8889 F1=0.9091 (best epoch 31, 62 epochs, early_stopping)
Set_1: AUC=0.7891 Acc=0.7000 Sen=0.5625 Spec=0.7917 F1=0.6000 (best epoch 5, 36 epochs, early_stopping)
Set_2: AUC=0.9850 Acc=0.9250 Sen=0.9500 Spec=0.9000 F1=0.9268 (best epoch 15, 46 epochs, early_stopping)
Set_3: AUC=0.8939 Acc=0.7750 Sen=0.6364 Spec=0.9444 F1=0.7568 (best epoch 4, 35 epochs, early_stopping)
{
 "acc": {
  "mean": 0.8250000000000001,
  "std": 0.10606601717798216
 },
 "auc": {
  "mean": 0.9100560290404042,
  "std": 0.09014879247581399
 },
 "balanced_acc": {
  "mean": 0.8228693181818183,
  "std": 0.11333220582375986
 },
 "sen": {
  "mean": 0.7644886363636364,
  "std": 0.19368333963900716
 },
 "spec": {
  "mean": 0.8812499999999999,
  "std": 0.06436517314824294
 },
 "f1": {
  "mean": 0.7981692335350872,
  "std": 0.15258119259893116
 }
}
