$ /root/EMS-Projects/.venv/bin/python /root/EMS-Projects/roman_features/code/run_ablation.py --ablation-id A4_freq10 --feature-set base45_freq10 --seed 2024 --fold all
=== roman_features ablation run A4_freq10 (feature_set=base45_freq10, dim=81, seed=2024, device=cpu, folds=['Set_0', 'Set_1', 'Set_2', 'Set_3']) ===
hp={'epochs': 150, 'patience': 30, 'lr': 0.001, 'weight_decay': 0.0001, 'batch_size': 16, 'dropout': 0.3, 'threshold': 0.5, 'seed': 2026} model={'experiment_ref': 'EXP-PROP-001', 'deviation': 'learned', 'comparator': 'mlp', 'pool': 'deepset', 'n_stim': 100} smoke=False
Set_0: AUC=0.9571 Acc=0.9000 Sen=0.9545 Spec=0.8333 F1=0.9130 (best epoch 19, 50 epochs, early_stopping)
Set_1: AUC=0.8750 Acc=0.8250 Sen=0.8750 Spec=0.7917 F1=0.8000 (best epoch 6, 37 epochs, early_stopping)
Set_2: AUC=0.9825 Acc=0.9250 Sen=0.9500 Spec=0.9000 F1=0.9268 (best epoch 41, 72 epochs, early_stopping)
Set_3: AUC=0.8611 Acc=0.7750 Sen=0.7273 Spec=0.8333 F1=0.7805 (best epoch 44, 75 epochs, early_stopping)
{
 "acc": {
  "mean": 0.8562500000000001,
  "std": 0.0688446318410763
 },
 "auc": {
  "mean": 0.9189204545454546,
  "std": 0.059913067255083156
 },
 "balanced_acc": {
  "mean": 0.8581439393939394,
  "std": 0.06435790732839472
 },
 "sen": {
  "mean": 0.8767045454545455,
  "std": 0.10608833511977105
 },
 "spec": {
  "mean": 0.8395833333333333,
  "std": 0.044811849458060236
 },
 "f1": {
  "mean": 0.8550901378579003,
  "std": 0.07551053761924066
 }
}
