$ /root/EMS-Projects/.venv/bin/python /root/EMS-Projects/roman_features/code/run_ablation.py --ablation-id A0_base45 --feature-set base45 --seed 42 --fold all
=== roman_features ablation run A0_base45 (feature_set=base45, dim=45, seed=42, device=cpu, folds=['Set_0', 'Set_1', 'Set_2', 'Set_3']) ===
hp={'epochs': 150, 'patience': 30, 'lr': 0.001, 'weight_decay': 0.0001, 'batch_size': 16, 'dropout': 0.3, 'threshold': 0.5, 'seed': 2026} model={'experiment_ref': 'EXP-PROP-001', 'deviation': 'learned', 'comparator': 'mlp', 'pool': 'deepset', 'n_stim': 100} smoke=False
Set_0: AUC=0.9444 Acc=0.8250 Sen=0.7273 Spec=0.9444 F1=0.8205 (best epoch 5, 36 epochs, early_stopping)
Set_1: AUC=0.8646 Acc=0.7750 Sen=0.6875 Spec=0.8333 F1=0.7097 (best epoch 4, 35 epochs, early_stopping)
Set_2: AUC=0.9800 Acc=0.9000 Sen=0.9500 Spec=0.8500 F1=0.9048 (best epoch 3, 34 epochs, early_stopping)
Set_3: AUC=0.9217 Acc=0.7500 Sen=0.5455 Spec=1.0000 F1=0.7059 (best epoch 9, 40 epochs, early_stopping)
{
 "acc": {
  "mean": 0.8125,
  "std": 0.06614378277661477
 },
 "auc": {
  "mean": 0.9276862373737373,
  "std": 0.04842579721417944
 },
 "balanced_acc": {
  "mean": 0.8172506313131314,
  "std": 0.0643069280550744
 },
 "sen": {
  "mean": 0.7275568181818182,
  "std": 0.16757767975910015
 },
 "spec": {
  "mean": 0.9069444444444444,
  "std": 0.07900812585182161
 },
 "f1": {
  "mean": 0.785208624392685,
  "std": 0.09580708635516455
 }
}
