$ /root/EMS-Projects/.venv/bin/python /root/EMS-Projects/roman_features/code/run_ablation.py --ablation-id A0_base45 --feature-set base45 --seed 2024 --fold all
=== roman_features ablation run A0_base45 (feature_set=base45, dim=45, seed=2024, device=cpu, folds=['Set_0', 'Set_1', 'Set_2', 'Set_3']) ===
hp={'epochs': 150, 'patience': 30, 'lr': 0.001, 'weight_decay': 0.0001, 'batch_size': 16, 'dropout': 0.3, 'threshold': 0.5, 'seed': 2026} model={'experiment_ref': 'EXP-PROP-001', 'deviation': 'learned', 'comparator': 'mlp', 'pool': 'deepset', 'n_stim': 100} smoke=False
Set_0: AUC=0.9899 Acc=0.7250 Sen=1.0000 Spec=0.3889 F1=0.8000 (best epoch 25, 56 epochs, early_stopping)
Set_1: AUC=0.8984 Acc=0.9000 Sen=0.8125 Spec=0.9583 F1=0.8667 (best epoch 24, 55 epochs, early_stopping)
Set_2: AUC=0.9925 Acc=0.9500 Sen=1.0000 Spec=0.9000 F1=0.9524 (best epoch 51, 82 epochs, early_stopping)
Set_3: AUC=0.9116 Acc=0.7750 Sen=0.7727 Spec=0.7778 F1=0.7907 (best epoch 19, 50 epochs, early_stopping)
{
 "acc": {
  "mean": 0.8375,
  "std": 0.10507933510765409
 },
 "auc": {
  "mean": 0.9481131628787879,
  "std": 0.050053135875781654
 },
 "balanced_acc": {
  "mean": 0.826278409090909,
  "std": 0.11370752045205956
 },
 "sen": {
  "mean": 0.8963068181818181,
  "std": 0.12083051317123146
 },
 "spec": {
  "mean": 0.75625,
  "std": 0.256202632880012
 },
 "f1": {
  "mean": 0.8524363233665558,
  "std": 0.07472763951262101
 }
}
