$ /root/EMS-Projects/.venv/bin/python /root/EMS-Projects/roman_features/code/run_ablation.py --ablation-id A4_freq10 --feature-set base45_freq10 --seed 42 --fold all
=== roman_features ablation run A4_freq10 (feature_set=base45_freq10, dim=81, seed=42, device=cpu, folds=['Set_0', 'Set_1', 'Set_2', 'Set_3']) ===
hp={'epochs': 150, 'patience': 30, 'lr': 0.001, 'weight_decay': 0.0001, 'batch_size': 16, 'dropout': 0.3, 'threshold': 0.5, 'seed': 2026} model={'experiment_ref': 'EXP-PROP-001', 'deviation': 'learned', 'comparator': 'mlp', 'pool': 'deepset', 'n_stim': 100} smoke=False
Set_0: AUC=0.9419 Acc=0.8250 Sen=0.8636 Spec=0.7778 F1=0.8444 (best epoch 11, 42 epochs, early_stopping)
Set_1: AUC=0.8880 Acc=0.7000 Sen=0.5000 Spec=0.8333 F1=0.5714 (best epoch 8, 39 epochs, early_stopping)
Set_2: AUC=0.9550 Acc=0.9500 Sen=0.9000 Spec=1.0000 F1=0.9474 (best epoch 7, 38 epochs, early_stopping)
Set_3: AUC=0.8838 Acc=0.8000 Sen=0.6818 Spec=0.9444 F1=0.7895 (best epoch 9, 40 epochs, early_stopping)
{
 "acc": {
  "mean": 0.8187499999999999,
  "std": 0.10282468899377555
 },
 "auc": {
  "mean": 0.9171946022727273,
  "std": 0.03653445648914699
 },
 "balanced_acc": {
  "mean": 0.8126262626262626,
  "std": 0.11581781945217316
 },
 "sen": {
  "mean": 0.7363636363636363,
  "std": 0.18422647458873534
 },
 "spec": {
  "mean": 0.8888888888888888,
  "std": 0.1014301032416974
 },
 "f1": {
  "mean": 0.7881787802840434,
  "std": 0.15862901847446104
 }
}
