$ /root/EMS-Projects/.venv/bin/python /root/EMS-Projects/roman_features/code/run_ablation.py --ablation-id A1_freq20 --feature-set base45_freq20 --seed 0 --fold all
=== roman_features ablation run A1_freq20 (feature_set=base45_freq20, dim=63, seed=0, device=cpu, folds=['Set_0', 'Set_1', 'Set_2', 'Set_3']) ===
hp={'epochs': 150, 'patience': 30, 'lr': 0.001, 'weight_decay': 0.0001, 'batch_size': 16, 'dropout': 0.3, 'threshold': 0.5, 'seed': 2026} model={'experiment_ref': 'EXP-PROP-001', 'deviation': 'learned', 'comparator': 'mlp', 'pool': 'deepset', 'n_stim': 100} smoke=False
Set_0: AUC=0.9520 Acc=0.8500 Sen=0.7727 Spec=0.9444 F1=0.8500 (best epoch 43, 74 epochs, early_stopping)
Set_1: AUC=0.8724 Acc=0.8000 Sen=0.6875 Spec=0.8750 F1=0.7333 (best epoch 66, 97 epochs, early_stopping)
Set_2: AUC=0.9925 Acc=0.9500 Sen=0.9000 Spec=1.0000 F1=0.9474 (best epoch 47, 78 epochs, early_stopping)
Set_3: AUC=0.9091 Acc=0.8250 Sen=0.7273 Spec=0.9444 F1=0.8205 (best epoch 15, 46 epochs, early_stopping)
{
 "acc": {
  "mean": 0.85625,
  "std": 0.06574889099191455
 },
 "auc": {
  "mean": 0.9315017361111111,
  "std": 0.05208182200994435
 },
 "balanced_acc": {
  "mean": 0.856423611111111,
  "std": 0.07032118680916437
 },
 "sen": {
  "mean": 0.7718750000000001,
  "std": 0.09224107066312646
 },
 "spec": {
  "mean": 0.9409722222222223,
  "std": 0.051188297193277735
 },
 "f1": {
  "mean": 0.8378036437246963,
  "std": 0.08825381929020833
 }
}
