$ /root/EMS-Projects/.venv/bin/python /root/EMS-Projects/roman_features/code/run_ablation.py --ablation-id A0_base45 --feature-set base45 --seed 1234 --fold all
=== roman_features ablation run A0_base45 (feature_set=base45, dim=45, seed=1234, device=cpu, folds=['Set_0', 'Set_1', 'Set_2', 'Set_3']) ===
hp={'epochs': 150, 'patience': 30, 'lr': 0.001, 'weight_decay': 0.0001, 'batch_size': 16, 'dropout': 0.3, 'threshold': 0.5, 'seed': 2026} model={'experiment_ref': 'EXP-PROP-001', 'deviation': 'learned', 'comparator': 'mlp', 'pool': 'deepset', 'n_stim': 100} smoke=False
Set_0: AUC=0.9975 Acc=0.9750 Sen=0.9545 Spec=1.0000 F1=0.9767 (best epoch 11, 42 epochs, early_stopping)
Set_1: AUC=0.9141 Acc=0.8250 Sen=0.8750 Spec=0.7917 F1=0.8000 (best epoch 32, 63 epochs, early_stopping)
Set_2: AUC=0.9900 Acc=0.8750 Sen=0.7500 Spec=1.0000 F1=0.8571 (best epoch 29, 60 epochs, early_stopping)
Set_3: AUC=0.9646 Acc=0.9250 Sen=0.9091 Spec=0.9444 F1=0.9302 (best epoch 44, 75 epochs, early_stopping)
{
 "acc": {
  "mean": 0.8999999999999999,
  "std": 0.06454972243679029
 },
 "auc": {
  "mean": 0.966545928030303,
  "std": 0.03770412684373469
 },
 "balanced_acc": {
  "mean": 0.9030934343434343,
  "std": 0.06250000000000001
 },
 "sen": {
  "mean": 0.8721590909090909,
  "std": 0.08771618315840464
 },
 "spec": {
  "mean": 0.9340277777777777,
  "std": 0.09845449221359603
 },
 "f1": {
  "mean": 0.8910299003322258,
  "std": 0.07814209622066781
 }
}
