$ /root/EMS-Projects/.venv/bin/python /root/EMS-Projects/roman_features/code/run_ablation.py --ablation-id A0_base45 --feature-set base45 --seed 64 --fold all
=== roman_features ablation run A0_base45 (feature_set=base45, dim=45, seed=64, device=cpu, folds=['Set_0', 'Set_1', 'Set_2', 'Set_3']) ===
hp={'epochs': 150, 'patience': 30, 'lr': 0.001, 'weight_decay': 0.0001, 'batch_size': 16, 'dropout': 0.3, 'threshold': 0.5, 'seed': 2026} model={'experiment_ref': 'EXP-PROP-001', 'deviation': 'learned', 'comparator': 'mlp', 'pool': 'deepset', 'n_stim': 100} smoke=False
Set_0: AUC=0.9520 Acc=0.9000 Sen=0.8636 Spec=0.9444 F1=0.9048 (best epoch 25, 56 epochs, early_stopping)
Set_1: AUC=0.8464 Acc=0.7500 Sen=0.5000 Spec=0.9167 F1=0.6154 (best epoch 5, 36 epochs, early_stopping)
Set_2: AUC=0.9750 Acc=0.9000 Sen=0.9500 Spec=0.8500 F1=0.9048 (best epoch 8, 39 epochs, early_stopping)
Set_3: AUC=0.9318 Acc=0.8500 Sen=0.7727 Spec=0.9444 F1=0.8500 (best epoch 27, 58 epochs, early_stopping)
{
 "acc": {
  "mean": 0.85,
  "std": 0.07071067811865477
 },
 "auc": {
  "mean": 0.9262981376262627,
  "std": 0.056139722645158256
 },
 "balanced_acc": {
  "mean": 0.842739898989899,
  "std": 0.09192875939959058
 },
 "sen": {
  "mean": 0.771590909090909,
  "std": 0.19499152344365134
 },
 "spec": {
  "mean": 0.913888888888889,
  "std": 0.04456003487228135
 },
 "f1": {
  "mean": 0.8187271062271062,
  "std": 0.13799774827245784
 }
}
