$ /root/EMS-Projects/.venv/bin/python /root/EMS-Projects/roman_features/code/run_ablation.py --ablation-id A3_freq20_k --feature-set base45_freq20_k --seed 2024 --fold all
=== roman_features ablation run A3_freq20_k (feature_set=base45_freq20_k, dim=64, seed=2024, device=cpu, folds=['Set_0', 'Set_1', 'Set_2', 'Set_3']) ===
hp={'epochs': 150, 'patience': 30, 'lr': 0.001, 'weight_decay': 0.0001, 'batch_size': 16, 'dropout': 0.3, 'threshold': 0.5, 'seed': 2026} model={'experiment_ref': 'EXP-PROP-001', 'deviation': 'learned', 'comparator': 'mlp', 'pool': 'deepset', 'n_stim': 100} smoke=False
Set_0: AUC=0.9646 Acc=0.8750 Sen=0.9091 Spec=0.8333 F1=0.8889 (best epoch 8, 39 epochs, early_stopping)
Set_1: AUC=0.8646 Acc=0.7500 Sen=0.5625 Spec=0.8750 F1=0.6429 (best epoch 9, 40 epochs, early_stopping)
Set_2: AUC=0.9750 Acc=0.9250 Sen=0.9500 Spec=0.9000 F1=0.9268 (best epoch 37, 68 epochs, early_stopping)
Set_3: AUC=0.8889 Acc=0.7500 Sen=0.7273 Spec=0.7778 F1=0.7619 (best epoch 8, 39 epochs, early_stopping)
{
 "acc": {
  "mean": 0.825,
  "std": 0.08897565210026095
 },
 "auc": {
  "mean": 0.9232796717171717,
  "std": 0.054815417533606005
 },
 "balanced_acc": {
  "mean": 0.8168718434343434,
  "std": 0.09731896689379875
 },
 "sen": {
  "mean": 0.7872159090909092,
  "std": 0.1783653560561771
 },
 "spec": {
  "mean": 0.8465277777777778,
  "std": 0.0534496705691496
 },
 "f1": {
  "mean": 0.8051200154858691,
  "std": 0.12913450913138294
 }
}
