$ /root/EMS-Projects/.venv/bin/python /root/EMS-Projects/roman_features/code/run_ablation.py --ablation-id A2_k --feature-set base45_k --seed 42 --fold all
=== roman_features ablation run A2_k (feature_set=base45_k, dim=46, seed=42, device=cpu, folds=['Set_0', 'Set_1', 'Set_2', 'Set_3']) ===
hp={'epochs': 150, 'patience': 30, 'lr': 0.001, 'weight_decay': 0.0001, 'batch_size': 16, 'dropout': 0.3, 'threshold': 0.5, 'seed': 2026} model={'experiment_ref': 'EXP-PROP-001', 'deviation': 'learned', 'comparator': 'mlp', 'pool': 'deepset', 'n_stim': 100} smoke=False
Set_0: AUC=0.9697 Acc=0.8750 Sen=0.9545 Spec=0.7778 F1=0.8936 (best epoch 5, 36 epochs, early_stopping)
Set_1: AUC=0.8568 Acc=0.7000 Sen=0.3125 Spec=0.9583 F1=0.4545 (best epoch 2, 33 epochs, early_stopping)
Set_2: AUC=0.9825 Acc=0.9000 Sen=1.0000 Spec=0.8000 F1=0.9091 (best epoch 32, 63 epochs, early_stopping)
Set_3: AUC=0.9343 Acc=0.8250 Sen=0.6818 Spec=1.0000 F1=0.8108 (best epoch 9, 40 epochs, early_stopping)
{
 "acc": {
  "mean": 0.825,
  "std": 0.08897565210026095
 },
 "auc": {
  "mean": 0.9358278093434343,
  "std": 0.05650257288754976
 },
 "balanced_acc": {
  "mean": 0.8106218434343434,
  "std": 0.11928578086743553
 },
 "sen": {
  "mean": 0.7372159090909091,
  "std": 0.3160907682846271
 },
 "spec": {
  "mean": 0.8840277777777779,
  "std": 0.11153564729396584
 },
 "f1": {
  "mean": 0.7670160489309426,
  "std": 0.21273530157770668
 }
}
