$ /root/EMS-Projects/.venv/bin/python /root/EMS-Projects/roman_features/code/run_ablation.py --ablation-id A2_k --feature-set base45_k --seed 123 --fold all
=== roman_features ablation run A2_k (feature_set=base45_k, dim=46, seed=123, device=cpu, folds=['Set_0', 'Set_1', 'Set_2', 'Set_3']) ===
hp={'epochs': 150, 'patience': 30, 'lr': 0.001, 'weight_decay': 0.0001, 'batch_size': 16, 'dropout': 0.3, 'threshold': 0.5, 'seed': 2026} model={'experiment_ref': 'EXP-PROP-001', 'deviation': 'learned', 'comparator': 'mlp', 'pool': 'deepset', 'n_stim': 100} smoke=False
Set_0: AUC=0.9217 Acc=0.7750 Sen=0.5909 Spec=1.0000 F1=0.7429 (best epoch 2, 33 epochs, early_stopping)
Set_1: AUC=0.9401 Acc=0.9000 Sen=0.9375 Spec=0.8750 F1=0.8824 (best epoch 7, 38 epochs, early_stopping)
Set_2: AUC=0.9825 Acc=0.8750 Sen=0.9500 Spec=0.8000 F1=0.8837 (best epoch 47, 78 epochs, early_stopping)
Set_3: AUC=0.9520 Acc=0.8250 Sen=0.7273 Spec=0.9444 F1=0.8205 (best epoch 47, 78 epochs, early_stopping)
{
 "acc": {
  "mean": 0.84375,
  "std": 0.05543389456520863
 },
 "auc": {
  "mean": 0.94908538510101,
  "std": 0.025526659447106647
 },
 "balanced_acc": {
  "mean": 0.8531407828282829,
  "std": 0.048044391411802674
 },
 "sen": {
  "mean": 0.8014204545454546,
  "std": 0.17359574082558119
 },
 "spec": {
  "mean": 0.9048611111111111,
  "std": 0.08661367682038257
 },
 "f1": {
  "mean": 0.832360958694748,
  "std": 0.06655412939026277
 }
}
