=== roman_features ablation run A1_freq20 (feature_set=base45_freq20, dim=63, seed=64, device=cpu, folds=['Set_0', 'Set_1', 'Set_2', 'Set_3']) ===
hp={'epochs': 150, 'patience': 30, 'lr': 0.001, 'weight_decay': 0.0001, 'batch_size': 16, 'dropout': 0.3, 'threshold': 0.5, 'seed': 2026} model={'experiment_ref': 'EXP-PROP-001', 'deviation': 'learned', 'comparator': 'mlp', 'pool': 'deepset', 'n_stim': 100} smoke=False
Set_0: AUC=0.9520 Acc=0.8500 Sen=0.8636 Spec=0.8333 F1=0.8636 (best epoch 7, 38 epochs, early_stopping)
Set_1: AUC=0.9010 Acc=0.8000 Sen=0.8750 Spec=0.7500 F1=0.7778 (best epoch 5, 36 epochs, early_stopping)
Set_2: AUC=0.9850 Acc=0.9250 Sen=0.9000 Spec=0.9500 F1=0.9231 (best epoch 16, 47 epochs, early_stopping)
Set_3: AUC=0.8838 Acc=0.8000 Sen=0.6364 Spec=1.0000 F1=0.7778 (best epoch 17, 48 epochs, early_stopping)
{
 "acc": {
  "mean": 0.84375,
  "std": 0.0590726953281576
 },
 "auc": {
  "mean": 0.9304750631313132,
  "std": 0.04647030031174898
 },
 "balanced_acc": {
  "mean": 0.8510416666666667,
  "std": 0.05177387404393254
 },
 "sen": {
  "mean": 0.81875,
  "std": 0.12253597605192218
 },
 "spec": {
  "mean": 0.8833333333333333,
  "std": 0.11303883305208778
 },
 "f1": {
  "mean": 0.8355672105672105,
  "std": 0.07100484542574269
 }
}
