149/150 jobs to run with 8 workers
[completed] EXP-PROP-001-s42  (96s)
[completed] EXP-PROP-001-s3  (131s)
[completed] EXP-PROP-001-s123  (134s)
[completed] EXP-PROP-001-s100  (148s)
[completed] EXP-PROP-001-s1234  (149s)
[completed] EXP-PROP-001-s13  (149s)
[completed] EXP-PROP-001-s2024  (152s)
[completed] EXP-PROP-001-s0  (165s)
[completed] EXP-PROP-001-s64  (119s)
[completed] EXP-PROP-001-s2026  (91s)
[completed] EXP-PROP-002-s2024  (98s)
[completed] EXP-PROP-002-s1234  (114s)
[completed] EXP-PROP-002-s100  (102s)
[completed] EXP-PROP-002-s3  (104s)
[completed] EXP-PROP-002-s42  (119s)
[completed] EXP-PROP-002-s0  (123s)
  wave 1 done
[completed] EXP-PROP-002-s123  (96s)
[completed] EXP-PROP-003-s0  (100s)
[completed] EXP-PROP-003-s2024  (101s)
[completed] EXP-PROP-002-s64  (109s)
[completed] EXP-PROP-003-s1234  (110s)
[completed] EXP-PROP-003-s100  (118s)
[completed] EXP-PROP-002-s13  (136s)
[completed] EXP-PROP-002-s2026  (148s)
[completed] EXP-PROP-004-s1234  (14s)
[completed] EXP-PROP-004-s100  (14s)
[completed] EXP-PROP-003-s123  (89s)
[completed] EXP-PROP-003-s3  (90s)
[completed] EXP-PROP-003-s42  (104s)
[completed] EXP-PROP-003-s13  (104s)
[completed] EXP-PROP-003-s64  (105s)
[completed] EXP-PROP-003-s2026  (102s)
  wave 2 done
[completed] EXP-PROP-004-s3  (14s)
[completed] EXP-PROP-004-s0  (14s)
[completed] EXP-PROP-004-s2024  (15s)
[completed] EXP-PROP-004-s42  (16s)
[completed] EXP-PROP-004-s2026  (16s)
[completed] EXP-PROP-004-s123  (16s)
[completed] EXP-PROP-004-s64  (16s)
[completed] EXP-PROP-005-s0  (124s)
[completed] EXP-PROP-005-s13  (129s)
[completed] EXP-PROP-005-s1234  (152s)
[completed] EXP-PROP-005-s3  (138s)
[completed] EXP-PROP-005-s42  (142s)
[completed] EXP-PROP-005-s100  (149s)
[completed] EXP-PROP-005-s123  (152s)
[completed] EXP-PROP-005-s2024  (153s)
[completed] EXP-PROP-005-s64  (95s)
  wave 3 done
[completed] svm_rbf-s42  (5s)
[completed] svm_rbf-s3  (5s)
[completed] svm_rbf-s100  (5s)
[completed] svm_rbf-s2024  (5s)
[completed] svm_rbf-s123  (5s)
[completed] svm_rbf-s0  (5s)
[completed] svm_rbf-s1234  (5s)
[completed] svm_linear-s2024  (4s)
[completed] svm_rbf-s64  (5s)
[completed] svm_rbf-s2026  (5s)
[completed] svm_linear-s100  (5s)
[completed] svm_linear-s1234  (5s)
[completed] svm_rbf-s13  (6s)
[completed] svm_linear-s0  (5s)
[completed] svm_linear-s42  (3s)
[completed] EXP-PROP-005-s2026  (100s)
  wave 4 done
[completed] svm_linear-s64  (5s)
[completed] svm_linear-s13  (5s)
[completed] svm_linear-s123  (5s)
[completed] svm_linear-s3  (5s)
[completed] svm_linear-s2026  (5s)
[completed] rf-s1234  (8s)
[completed] rf-s0  (8s)
[completed] rf-s100  (9s)
[completed] rf-s42  (8s)
[completed] rf-s2024  (9s)
[completed] rf-s3  (9s)
[completed] qda-s1234  (5s)
[completed] rf-s123  (9s)
[completed] rf-s13  (9s)
[completed] rf-s2026  (7s)
[completed] rf-s64  (8s)
  wave 5 done
[completed] qda-s100  (5s)
[completed] qda-s0  (5s)
[completed] qda-s64  (5s)
[completed] qda-s3  (5s)
[completed] qda-s2024  (5s)
[completed] qda-s13  (5s)
[completed] qda-s42  (5s)
[completed] qda-s123  (5s)
[completed] gnb-s2024  (4s)
[completed] gnb-s1234  (5s)
[completed] gnb-s100  (5s)
[completed] gnb-s123  (5s)
[completed] gnb-s42  (5s)
[completed] qda-s2026  (5s)
[completed] gnb-s0  (5s)
[completed] gnb-s3  (5s)
  wave 6 done
[completed] lr-s1234  (4s)
[completed] gnb-s64  (5s)
[completed] gnb-s13  (5s)
[completed] lr-s42  (5s)
[completed] lr-s0  (5s)
[completed] lr-s2024  (5s)
[completed] gnb-s2026  (5s)
[completed] lr-s100  (5s)
[completed] lr-s3  (5s)
[completed] lr-s123  (5s)
[completed] lr-s13  (5s)
[completed] knn-s1234  (5s)
[completed] knn-s0  (5s)
[completed] lr-s2026  (5s)
[completed] lr-s64  (5s)
[completed] knn-s100  (5s)
  wave 7 done
[completed] knn-s3  (4s)
[completed] knn-s2024  (5s)
[completed] knn-s13  (5s)
[completed] knn-s42  (5s)
[completed] knn-s123  (5s)
[completed] knn-s2026  (5s)
[completed] knn-s64  (5s)
[completed] fnn-s1234  (11s)
[completed] fnn-s2024  (11s)
[completed] fnn-s13  (11s)
[completed] fnn-s0  (12s)
[completed] fnn-s3  (12s)
[completed] fnn-s100  (12s)
[completed] fnn-s42  (13s)
[completed] fnn-s123  (13s)
[completed] fnn-s64  (10s)
  wave 8 done
[completed] fnn_cat-s1234  (11s)
[completed] fnn_cat-s3  (11s)
[completed] fnn_cat-s100  (11s)
[completed] fnn_cat-s123  (11s)
[completed] fnn_cat-s0  (12s)
[completed] fnn_cat-s2024  (12s)
[completed] fnn_cat-s42  (12s)
[completed] fnn-s2026  (12s)
[completed] lr_l1-s1234  (5s)
[completed] lr_l1-s100  (5s)
[completed] lr_l1-s0  (5s)
[completed] lr_l1-s2024  (5s)
[completed] lr_l1-s42  (5s)
[completed] fnn_cat-s13  (9s)
[completed] fnn_cat-s2026  (9s)
[completed] fnn_cat-s64  (10s)
  wave 9 done
[completed] lr_l1-s123  (4s)
[completed] lr_l1-s2026  (4s)
[completed] lr_l1-s13  (4s)
[completed] lr_l1-s3  (4s)
[completed] lr_l1-s64  (5s)
  wave 10 done
status -> /root/EMS-Projects/outputs/experiments/run_status.csv
