=== roman_features ablation run A2_k (feature_set=base45_k, dim=46, seed=2026, device=cpu, folds=['Set_0']) ===
hp={'epochs': 2, 'patience': 5, 'lr': 0.001, 'weight_decay': 0.0001, 'batch_size': 16, 'dropout': 0.3, 'threshold': 0.5, 'seed': 2026} model={'experiment_ref': 'EXP-PROP-001', 'deviation': 'learned', 'comparator': 'mlp', 'pool': 'deepset', 'n_stim': 100} smoke=True
Set_0: AUC=0.9545 Acc=0.8750 Sen=0.7727 Spec=1.0000 F1=0.8718 (best epoch 1, 2 epochs, max_epochs)
{
 "acc": {
  "mean": 0.875,
  "std": NaN
 },
 "auc": {
  "mean": 0.9545454545454546,
  "std": NaN
 },
 "balanced_acc": {
  "mean": 0.8863636363636364,
  "std": NaN
 },
 "sen": {
  "mean": 0.7727272727272727,
  "std": NaN
 },
 "spec": {
  "mean": 1.0,
  "std": NaN
 },
 "f1": {
  "mean": 0.8717948717948718,
  "std": NaN
 }
}
