=== roman_features ablation run A1_freq20 (feature_set=base45_freq20, dim=63, seed=2026, device=cpu, folds=['Set_0', 'Set_1', 'Set_2', 'Set_3']) ===
hp={'epochs': 150, 'patience': 30, 'lr': 0.001, 'weight_decay': 0.0001, 'batch_size': 16, 'dropout': 0.3, 'threshold': 0.5, 'seed': 2026} model={'experiment_ref': 'EXP-PROP-001', 'deviation': 'learned', 'comparator': 'mlp', 'pool': 'deepset', 'n_stim': 100} smoke=False
Set_0: AUC=0.9722 Acc=0.8500 Sen=0.9545 Spec=0.7222 F1=0.8750 (best epoch 19, 50 epochs, early_stopping)
Set_1: AUC=0.8646 Acc=0.8000 Sen=0.8125 Spec=0.7917 F1=0.7647 (best epoch 63, 94 epochs, early_stopping)
Set_2: AUC=0.9800 Acc=0.7750 Sen=0.5500 Spec=1.0000 F1=0.7097 (best epoch 2, 33 epochs, early_stopping)
Set_3: AUC=0.8434 Acc=0.7750 Sen=0.7273 Spec=0.8333 F1=0.7805 (best epoch 13, 44 epochs, early_stopping)
{
 "acc": {
  "mean": 0.7999999999999999,
  "std": 0.035355339059327355
 },
 "auc": {
  "mean": 0.9150599747474748,
  "std": 0.07109348729107642
 },
 "balanced_acc": {
  "mean": 0.7989425505050505,
  "std": 0.028787480753273486
 },
 "sen": {
  "mean": 0.7610795454545456,
  "std": 0.16908636510267872
 },
 "spec": {
  "mean": 0.8368055555555556,
  "std": 0.11805555555555557
 },
 "f1": {
  "mean": 0.7824677766464572,
  "std": 0.06875088763181932
 }
}
