=== roman_features ablation run A3_freq20_k (feature_set=base45_freq20_k, dim=64, seed=2026, device=cpu, folds=['Set_0', 'Set_1', 'Set_2', 'Set_3']) ===
hp={'epochs': 150, 'patience': 30, 'lr': 0.001, 'weight_decay': 0.0001, 'batch_size': 16, 'dropout': 0.3, 'threshold': 0.5, 'seed': 2026} model={'experiment_ref': 'EXP-PROP-001', 'deviation': 'learned', 'comparator': 'mlp', 'pool': 'deepset', 'n_stim': 100} smoke=False
Set_0: AUC=0.9192 Acc=0.8250 Sen=0.8182 Spec=0.8333 F1=0.8372 (best epoch 3, 34 epochs, early_stopping)
Set_1: AUC=0.8906 Acc=0.8000 Sen=0.6875 Spec=0.8750 F1=0.7333 (best epoch 11, 42 epochs, early_stopping)
Set_2: AUC=0.9850 Acc=0.9000 Sen=0.9000 Spec=0.9000 F1=0.9000 (best epoch 3, 34 epochs, early_stopping)
Set_3: AUC=0.8636 Acc=0.7750 Sen=0.7727 Spec=0.7778 F1=0.7907 (best epoch 3, 34 epochs, early_stopping)
{
 "acc": {
  "mean": 0.825,
  "std": 0.05400617248673217
 },
 "auc": {
  "mean": 0.9146133207070707,
  "std": 0.05211953526431692
 },
 "balanced_acc": {
  "mean": 0.8205650252525252,
  "std": 0.05754931699778938
 },
 "sen": {
  "mean": 0.7946022727272728,
  "std": 0.08872070094111124
 },
 "spec": {
  "mean": 0.8465277777777778,
  "std": 0.0534496705691496
 },
 "f1": {
  "mean": 0.8153100775193799,
  "std": 0.0706586064364551
 }
}
