=== roman_features ablation run A2_k (feature_set=base45_k, dim=46, seed=64, device=cpu, folds=['Set_0', 'Set_1', 'Set_2', 'Set_3']) ===
hp={'epochs': 150, 'patience': 30, 'lr': 0.001, 'weight_decay': 0.0001, 'batch_size': 16, 'dropout': 0.3, 'threshold': 0.5, 'seed': 2026} model={'experiment_ref': 'EXP-PROP-001', 'deviation': 'learned', 'comparator': 'mlp', 'pool': 'deepset', 'n_stim': 100} smoke=False
Set_0: AUC=0.9672 Acc=0.9250 Sen=0.9545 Spec=0.8889 F1=0.9333 (best epoch 14, 45 epochs, early_stopping)
Set_1: AUC=0.8516 Acc=0.7500 Sen=0.5625 Spec=0.8750 F1=0.6429 (best epoch 4, 35 epochs, early_stopping)
Set_2: AUC=1.0000 Acc=0.8750 Sen=0.7500 Spec=1.0000 F1=0.8571 (best epoch 71, 102 epochs, early_stopping)
Set_3: AUC=0.8662 Acc=0.7500 Sen=0.6364 Spec=0.8889 F1=0.7368 (best epoch 3, 34 epochs, early_stopping)
{
 "acc": {
  "mean": 0.825,
  "std": 0.08897565210026095
 },
 "auc": {
  "mean": 0.9212239583333333,
  "std": 0.07348796179307347
 },
 "balanced_acc": {
  "mean": 0.8195233585858586,
  "std": 0.09471674000974431
 },
 "sen": {
  "mean": 0.7258522727272727,
  "std": 0.17085653356539654
 },
 "spec": {
  "mean": 0.9131944444444444,
  "std": 0.058239563080597814
 },
 "f1": {
  "mean": 0.7925438596491228,
  "std": 0.12845687344151635
 }
}
