=== roman_features ablation run A1_freq20 (feature_set=base45_freq20, dim=63, seed=42, device=cpu, folds=['Set_0', 'Set_1', 'Set_2', 'Set_3']) ===
hp={'epochs': 150, 'patience': 30, 'lr': 0.001, 'weight_decay': 0.0001, 'batch_size': 16, 'dropout': 0.3, 'threshold': 0.5, 'seed': 2026} model={'experiment_ref': 'EXP-PROP-001', 'deviation': 'learned', 'comparator': 'mlp', 'pool': 'deepset', 'n_stim': 100} smoke=False
Set_0: AUC=0.9848 Acc=0.9000 Sen=0.8182 Spec=1.0000 F1=0.9000 (best epoch 7, 38 epochs, early_stopping)
Set_1: AUC=0.9505 Acc=0.8750 Sen=0.9375 Spec=0.8333 F1=0.8571 (best epoch 27, 58 epochs, early_stopping)
Set_2: AUC=0.9650 Acc=0.9000 Sen=0.8000 Spec=1.0000 F1=0.8889 (best epoch 3, 34 epochs, early_stopping)
Set_3: AUC=0.8965 Acc=0.7750 Sen=0.6818 Spec=0.8889 F1=0.7692 (best epoch 10, 41 epochs, early_stopping)
{
 "acc": {
  "mean": 0.8624999999999999,
  "std": 0.05951190357119041
 },
 "auc": {
  "mean": 0.9492084911616162,
  "std": 0.03787354528245505
 },
 "balanced_acc": {
  "mean": 0.8699652777777778,
  "std": 0.057244481362192415
 },
 "sen": {
  "mean": 0.809375,
  "std": 0.10464576462389202
 },
 "spec": {
  "mean": 0.9305555555555556,
  "std": 0.08333333333333333
 },
 "f1": {
  "mean": 0.8538156288156288,
  "std": 0.059241873235052915
 }
}
