=== roman_features ablation run A1_freq20 (feature_set=base45_freq20, dim=63, seed=1234, device=cpu, folds=['Set_0', 'Set_1', 'Set_2', 'Set_3']) ===
hp={'epochs': 150, 'patience': 30, 'lr': 0.001, 'weight_decay': 0.0001, 'batch_size': 16, 'dropout': 0.3, 'threshold': 0.5, 'seed': 2026} model={'experiment_ref': 'EXP-PROP-001', 'deviation': 'learned', 'comparator': 'mlp', 'pool': 'deepset', 'n_stim': 100} smoke=False
Set_0: AUC=0.9874 Acc=0.9500 Sen=0.9545 Spec=0.9444 F1=0.9545 (best epoch 19, 50 epochs, early_stopping)
Set_1: AUC=0.9062 Acc=0.6750 Sen=1.0000 Spec=0.4583 F1=0.7111 (best epoch 4, 35 epochs, early_stopping)
Set_2: AUC=0.9625 Acc=0.7500 Sen=1.0000 Spec=0.5000 F1=0.8000 (best epoch 2, 33 epochs, early_stopping)
Set_3: AUC=0.8965 Acc=0.8250 Sen=0.7727 Spec=0.8889 F1=0.8293 (best epoch 20, 51 epochs, early_stopping)
{
 "acc": {
  "mean": 0.8,
  "std": 0.1172603939955857
 },
 "auc": {
  "mean": 0.938147095959596,
  "std": 0.043860299005943376
 },
 "balanced_acc": {
  "mean": 0.8148674242424242,
  "std": 0.09988506338832474
 },
 "sen": {
  "mean": 0.9318181818181819,
  "std": 0.10820346103852804
 },
 "spec": {
  "mean": 0.6979166666666666,
  "std": 0.25417678587425374
 },
 "f1": {
  "mean": 0.8237312145848732,
  "std": 0.10064704476940307
 }
}
