=== roman_features ablation run A3_freq20_k (feature_set=base45_freq20_k, dim=64, seed=13, device=cpu, folds=['Set_0', 'Set_1', 'Set_2', 'Set_3']) ===
hp={'epochs': 150, 'patience': 30, 'lr': 0.001, 'weight_decay': 0.0001, 'batch_size': 16, 'dropout': 0.3, 'threshold': 0.5, 'seed': 2026} model={'experiment_ref': 'EXP-PROP-001', 'deviation': 'learned', 'comparator': 'mlp', 'pool': 'deepset', 'n_stim': 100} smoke=False
Set_0: AUC=0.9697 Acc=0.9250 Sen=0.9545 Spec=0.8889 F1=0.9333 (best epoch 37, 68 epochs, early_stopping)
Set_1: AUC=0.8568 Acc=0.7750 Sen=0.6875 Spec=0.8333 F1=0.7097 (best epoch 7, 38 epochs, early_stopping)
Set_2: AUC=0.9950 Acc=0.8750 Sen=1.0000 Spec=0.7500 F1=0.8889 (best epoch 22, 53 epochs, early_stopping)
Set_3: AUC=0.8636 Acc=0.7500 Sen=0.5455 Spec=1.0000 F1=0.7059 (best epoch 1, 32 epochs, early_stopping)
{
 "acc": {
  "mean": 0.83125,
  "std": 0.08260094833999589
 },
 "auc": {
  "mean": 0.9212760416666668,
  "std": 0.07132802789276826
 },
 "balanced_acc": {
  "mean": 0.8324652777777777,
  "std": 0.07860181248280201
 },
 "sen": {
  "mean": 0.796875,
  "std": 0.21702140712413084
 },
 "spec": {
  "mean": 0.8680555555555556,
  "std": 0.10485881160098262
 },
 "f1": {
  "mean": 0.8094454986295594,
  "std": 0.11879736617524528
 }
}
