=== roman_features ablation run A3_freq20_k (feature_set=base45_freq20_k, dim=64, seed=100, device=cpu, folds=['Set_0', 'Set_1', 'Set_2', 'Set_3']) ===
hp={'epochs': 150, 'patience': 30, 'lr': 0.001, 'weight_decay': 0.0001, 'batch_size': 16, 'dropout': 0.3, 'threshold': 0.5, 'seed': 2026} model={'experiment_ref': 'EXP-PROP-001', 'deviation': 'learned', 'comparator': 'mlp', 'pool': 'deepset', 'n_stim': 100} smoke=False
Set_0: AUC=0.9116 Acc=0.8250 Sen=0.8636 Spec=0.7778 F1=0.8444 (best epoch 2, 33 epochs, early_stopping)
Set_1: AUC=0.8177 Acc=0.7250 Sen=0.5625 Spec=0.8333 F1=0.6207 (best epoch 8, 39 epochs, early_stopping)
Set_2: AUC=0.9950 Acc=0.9250 Sen=0.9500 Spec=0.9000 F1=0.9268 (best epoch 12, 43 epochs, early_stopping)
Set_3: AUC=0.8586 Acc=0.7750 Sen=0.6818 Spec=0.8889 F1=0.7692 (best epoch 2, 33 epochs, early_stopping)
{
 "acc": {
  "mean": 0.8124999999999999,
  "std": 0.08539125638299667
 },
 "auc": {
  "mean": 0.8957275883838384,
  "std": 0.07653750870971568
 },
 "balanced_acc": {
  "mean": 0.8072443181818183,
  "std": 0.09394925592161356
 },
 "sen": {
  "mean": 0.7644886363636363,
  "std": 0.1750033820019522
 },
 "spec": {
  "mean": 0.85,
  "std": 0.056291422791002445
 },
 "f1": {
  "mean": 0.7902985342850776,
  "std": 0.13010693488291267
 }
}
