=== roman_features ablation run A1_freq20 (feature_set=base45_freq20, dim=63, seed=100, device=cpu, folds=['Set_0', 'Set_1', 'Set_2', 'Set_3']) ===
hp={'epochs': 150, 'patience': 30, 'lr': 0.001, 'weight_decay': 0.0001, 'batch_size': 16, 'dropout': 0.3, 'threshold': 0.5, 'seed': 2026} model={'experiment_ref': 'EXP-PROP-001', 'deviation': 'learned', 'comparator': 'mlp', 'pool': 'deepset', 'n_stim': 100} smoke=False
Set_0: AUC=0.9747 Acc=0.8500 Sen=0.8182 Spec=0.8889 F1=0.8571 (best epoch 6, 37 epochs, early_stopping)
Set_1: AUC=0.8828 Acc=0.7750 Sen=0.8125 Spec=0.7500 F1=0.7429 (best epoch 24, 55 epochs, early_stopping)
Set_2: AUC=0.9650 Acc=0.9250 Sen=0.9000 Spec=0.9500 F1=0.9231 (best epoch 2, 33 epochs, early_stopping)
Set_3: AUC=0.8788 Acc=0.8000 Sen=0.7273 Spec=0.8889 F1=0.8000 (best epoch 24, 55 epochs, early_stopping)
{
 "acc": {
  "mean": 0.8374999999999999,
  "std": 0.06614378277661477
 },
 "auc": {
  "mean": 0.9253369633838384,
  "std": 0.05160653178825407
 },
 "balanced_acc": {
  "mean": 0.8419665404040404,
  "std": 0.06288384525842954
 },
 "sen": {
  "mean": 0.8144886363636363,
  "std": 0.07056061785451584
 },
 "spec": {
  "mean": 0.8694444444444444,
  "std": 0.08468046937165684
 },
 "f1": {
  "mean": 0.8307692307692307,
  "std": 0.07722598653834102
 }
}
