### EXP-PROP-004-s2026 started 2026-09-23T01:52:03
$ /root/EMS-Projects/.venv/bin/python src/proposal/train.py --experiment EXP-PROP-004 --ablation z_mean --deviation z --pool mean --fold all --seed 2026 --epochs 150 --patience 30 --feature_set full45
Set_0: AUC=0.9697 Acc=0.8750 Sen=0.8182 Spec=0.9444 F1=0.8780 (best epoch 128, 150 epochs, max_epochs)
Set_1: AUC=0.8490 Acc=0.7500 Sen=0.7500 Spec=0.7500 F1=0.7059 (best epoch 54, 85 epochs, early_stopping)
Set_2: AUC=0.9675 Acc=0.8500 Sen=0.9000 Spec=0.8000 F1=0.8571 (best epoch 37, 68 epochs, early_stopping)
Set_3: AUC=0.8460 Acc=0.7000 Sen=0.6364 Spec=0.7778 F1=0.7000 (best epoch 11, 42 epochs, early_stopping)
{
 "acc": {
  "mean": 0.79375,
  "std": 0.08260094833999589
 },
 "auc": {
  "mean": 0.9080287247474748,
  "std": 0.0699563981005757
 },
 "balanced_acc": {
  "mean": 0.7970959595959596,
  "std": 0.08208520980382047
 },
 "sen": {
  "mean": 0.7761363636363636,
  "std": 0.11154901083461843
 },
 "spec": {
  "mean": 0.8180555555555555,
  "std": 0.08670642487858864
 },
 "f1": {
  "mean": 0.7852684976429597,
  "std": 0.09547596748080962
 }
}

### exit=0 duration=16s
