### EXP-PROP-005-s1234 started 2026-09-23T01:52:03
$ /root/EMS-Projects/.venv/bin/python src/proposal/train.py --experiment EXP-PROP-005 --ablation mlp_max --deviation learned --pool max --fold all --seed 1234 --epochs 150 --patience 30 --feature_set full45 --comparator mlp
Set_0: AUC=0.9596 Acc=0.8750 Sen=0.8182 Spec=0.9444 F1=0.8780 (best epoch 16, 47 epochs, early_stopping)
Set_1: AUC=0.9219 Acc=0.8250 Sen=0.8125 Spec=0.8333 F1=0.7879 (best epoch 16, 47 epochs, early_stopping)
Set_2: AUC=1.0000 Acc=0.9000 Sen=1.0000 Spec=0.8000 F1=0.9091 (best epoch 24, 55 epochs, early_stopping)
Set_3: AUC=0.9167 Acc=0.7500 Sen=0.5455 Spec=1.0000 F1=0.7059 (best epoch 68, 99 epochs, early_stopping)
{
 "acc": {
  "mean": 0.8375,
  "std": 0.06614378277661477
 },
 "auc": {
  "mean": 0.9495344065656566,
  "std": 0.03870117167775837
 },
 "balanced_acc": {
  "mean": 0.8442392676767676,
  "std": 0.05788594927281117
 },
 "sen": {
  "mean": 0.7940340909090909,
  "std": 0.18720563440329888
 },
 "spec": {
  "mean": 0.8944444444444444,
  "std": 0.09362388636862619
 },
 "f1": {
  "mean": 0.8202252075996697,
  "std": 0.09194429067519148
 }
}

### exit=0 duration=151s
