### EXP-PROP-002-s42 started 2026-09-23T01:46:24
$ /root/EMS-Projects/.venv/bin/python src/proposal/train.py --experiment EXP-PROP-002 --ablation mlp_mean --deviation learned --pool mean --fold all --seed 42 --epochs 150 --patience 30 --feature_set full45 --comparator mlp
Set_0: AUC=0.9596 Acc=0.9000 Sen=0.9091 Spec=0.8889 F1=0.9091 (best epoch 5, 36 epochs, early_stopping)
Set_1: AUC=0.9401 Acc=0.8000 Sen=1.0000 Spec=0.6667 F1=0.8000 (best epoch 55, 86 epochs, early_stopping)
Set_2: AUC=0.9775 Acc=0.8250 Sen=0.9500 Spec=0.7000 F1=0.8444 (best epoch 3, 34 epochs, early_stopping)
Set_3: AUC=0.9015 Acc=0.8000 Sen=0.7273 Spec=0.8889 F1=0.8000 (best epoch 27, 58 epochs, early_stopping)
{
 "acc": {
  "mean": 0.83125,
  "std": 0.04732423621500227
 },
 "auc": {
  "mean": 0.9446788194444444,
  "std": 0.032576989018364026
 },
 "balanced_acc": {
  "mean": 0.84135101010101,
  "std": 0.039836275457113275
 },
 "sen": {
  "mean": 0.8965909090909092,
  "std": 0.11884284828937615
 },
 "spec": {
  "mean": 0.7861111111111111,
  "std": 0.1194552105397788
 },
 "f1": {
  "mean": 0.8383838383838383,
  "std": 0.051584425595166475
 }
}

### exit=0 duration=119s
