### EXP-PROP-005-s0 started 2026-09-23T01:52:18
$ /root/EMS-Projects/.venv/bin/python src/proposal/train.py --experiment EXP-PROP-005 --ablation mlp_max --deviation learned --pool max --fold all --seed 0 --epochs 150 --patience 30 --feature_set full45 --comparator mlp
Set_0: AUC=0.9369 Acc=0.8500 Sen=0.8636 Spec=0.8333 F1=0.8636 (best epoch 8, 39 epochs, early_stopping)
Set_1: AUC=0.8542 Acc=0.7500 Sen=0.6875 Spec=0.7917 F1=0.6875 (best epoch 8, 39 epochs, early_stopping)
Set_2: AUC=0.9800 Acc=0.6750 Sen=0.3500 Spec=1.0000 F1=0.5185 (best epoch 1, 32 epochs, early_stopping)
Set_3: AUC=0.9545 Acc=0.8500 Sen=0.9091 Spec=0.7778 F1=0.8696 (best epoch 55, 86 epochs, early_stopping)
{
 "acc": {
  "mean": 0.7812500000000001,
  "std": 0.08508574106942554
 },
 "auc": {
  "mean": 0.9313952020202021,
  "std": 0.054444363919750764
 },
 "balanced_acc": {
  "mean": 0.7766256313131312,
  "std": 0.08431498855925844
 },
 "sen": {
  "mean": 0.7025568181818183,
  "std": 0.2537229253153497
 },
 "spec": {
  "mean": 0.8506944444444444,
  "std": 0.10229805460177942
 },
 "f1": {
  "mean": 0.7348050248865466,
  "std": 0.16710819004903513
 }
}

### exit=0 duration=124s
