### EXP-PROP-003-s0 started 2026-09-23T01:48:24
$ /root/EMS-Projects/.venv/bin/python src/proposal/train.py --experiment EXP-PROP-003 --ablation mlp_attn --deviation learned --pool attention --fold all --seed 0 --epochs 150 --patience 30 --feature_set full45 --comparator mlp
Set_0: AUC=0.9747 Acc=0.8500 Sen=0.7727 Spec=0.9444 F1=0.8500 (best epoch 15, 46 epochs, early_stopping)
Set_1: AUC=0.8411 Acc=0.7250 Sen=1.0000 Spec=0.5417 F1=0.7442 (best epoch 10, 41 epochs, early_stopping)
Set_2: AUC=0.9800 Acc=0.9250 Sen=0.8500 Spec=1.0000 F1=0.9189 (best epoch 2, 33 epochs, early_stopping)
Set_3: AUC=0.8939 Acc=0.7750 Sen=0.8182 Spec=0.7222 F1=0.8000 (best epoch 1, 32 epochs, early_stopping)
{
 "acc": {
  "mean": 0.81875,
  "std": 0.08750000000000002
 },
 "auc": {
  "mean": 0.9224581755050506,
  "std": 0.06700808476821137
 },
 "balanced_acc": {
  "mean": 0.831155303030303,
  "std": 0.0750850745112668
 },
 "sen": {
  "mean": 0.8602272727272727,
  "std": 0.098429471610604
 },
 "spec": {
  "mean": 0.8020833333333334,
  "std": 0.2110547561233921
 },
 "f1": {
  "mean": 0.8282762413576368,
  "std": 0.07429383863996902
 }
}

### exit=0 duration=100s
