### EXP-PROP-002-s1234 started 2026-09-23T01:46:07
$ /root/EMS-Projects/.venv/bin/python src/proposal/train.py --experiment EXP-PROP-002 --ablation mlp_mean --deviation learned --pool mean --fold all --seed 1234 --epochs 150 --patience 30 --feature_set full45 --comparator mlp
Set_0: AUC=0.9949 Acc=0.8750 Sen=1.0000 Spec=0.7222 F1=0.8980 (best epoch 17, 48 epochs, early_stopping)
Set_1: AUC=0.9089 Acc=0.7500 Sen=0.6250 Spec=0.8333 F1=0.6667 (best epoch 19, 50 epochs, early_stopping)
Set_2: AUC=0.9750 Acc=0.9250 Sen=0.8500 Spec=1.0000 F1=0.9189 (best epoch 4, 35 epochs, early_stopping)
Set_3: AUC=0.9192 Acc=0.8500 Sen=0.8636 Spec=0.8333 F1=0.8636 (best epoch 20, 51 epochs, early_stopping)
{
 "acc": {
  "mean": 0.85,
  "std": 0.07359800721939874
 },
 "auc": {
  "mean": 0.9494988952020201,
  "std": 0.0419784473109401
 },
 "balanced_acc": {
  "mean": 0.8409406565656566,
  "std": 0.08169691978044263
 },
 "sen": {
  "mean": 0.834659090909091,
  "std": 0.15531642588200492
 },
 "spec": {
  "mean": 0.8472222222222222,
  "std": 0.1145307118227128
 },
 "f1": {
  "mean": 0.8367952832238547,
  "std": 0.11568564305530668
 }
}

### exit=0 duration=115s
