### EXP-PROP-003-s13 started 2026-09-23T01:50:12
$ /root/EMS-Projects/.venv/bin/python src/proposal/train.py --experiment EXP-PROP-003 --ablation mlp_attn --deviation learned --pool attention --fold all --seed 13 --epochs 150 --patience 30 --feature_set full45 --comparator mlp
Set_0: AUC=0.9571 Acc=0.9000 Sen=0.8636 Spec=0.9444 F1=0.9048 (best epoch 6, 37 epochs, early_stopping)
Set_1: AUC=0.8542 Acc=0.7750 Sen=0.7500 Spec=0.7917 F1=0.7273 (best epoch 17, 48 epochs, early_stopping)
Set_2: AUC=0.9775 Acc=0.9000 Sen=0.9500 Spec=0.8500 F1=0.9048 (best epoch 3, 34 epochs, early_stopping)
Set_3: AUC=0.8939 Acc=0.8000 Sen=0.6364 Spec=1.0000 F1=0.7778 (best epoch 32, 63 epochs, early_stopping)
{
 "acc": {
  "mean": 0.84375,
  "std": 0.06574889099191458
 },
 "auc": {
  "mean": 0.9206691919191919,
  "std": 0.056838599025214105
 },
 "balanced_acc": {
  "mean": 0.8482638888888889,
  "std": 0.06503349584897414
 },
 "sen": {
  "mean": 0.7999999999999999,
  "std": 0.13641413206481665
 },
 "spec": {
  "mean": 0.8965277777777778,
  "std": 0.09338664152230135
 },
 "f1": {
  "mean": 0.8286435786435786,
  "std": 0.09027989504402824
 }
}

### exit=0 duration=103s
