### EXP-PROP-004-s3 started 2026-09-23T01:52:03
$ /root/EMS-Projects/.venv/bin/python src/proposal/train.py --experiment EXP-PROP-004 --ablation z_mean --deviation z --pool mean --fold all --seed 3 --epochs 150 --patience 30 --feature_set full45
Set_0: AUC=0.9495 Acc=0.8750 Sen=0.9091 Spec=0.8333 F1=0.8889 (best epoch 90, 121 epochs, early_stopping)
Set_1: AUC=0.8542 Acc=0.7750 Sen=0.8750 Spec=0.7083 F1=0.7568 (best epoch 31, 62 epochs, early_stopping)
Set_2: AUC=0.9775 Acc=0.9000 Sen=0.9000 Spec=0.9000 F1=0.9000 (best epoch 27, 58 epochs, early_stopping)
Set_3: AUC=0.8409 Acc=0.7750 Sen=0.7273 Spec=0.8333 F1=0.7805 (best epoch 74, 105 epochs, early_stopping)
{
 "acc": {
  "mean": 0.8312499999999999,
  "std": 0.06574889099191458
 },
 "auc": {
  "mean": 0.9055176767676768,
  "std": 0.06813381681047939
 },
 "balanced_acc": {
  "mean": 0.8357954545454546,
  "std": 0.05888781142351621
 },
 "sen": {
  "mean": 0.852840909090909,
  "std": 0.08494397359517472
 },
 "spec": {
  "mean": 0.8187500000000001,
  "std": 0.08003905296791061
 },
 "f1": {
  "mean": 0.8315333626309236,
  "std": 0.07342689465792793
 }
}

### exit=0 duration=14s
