### EXP-PROP-005-s123 started 2026-09-23T01:52:19
$ /root/EMS-Projects/.venv/bin/python src/proposal/train.py --experiment EXP-PROP-005 --ablation mlp_max --deviation learned --pool max --fold all --seed 123 --epochs 150 --patience 30 --feature_set full45 --comparator mlp
Set_0: AUC=0.8864 Acc=0.8000 Sen=0.8636 Spec=0.7222 F1=0.8261 (best epoch 4, 35 epochs, early_stopping)
Set_1: AUC=0.8568 Acc=0.7500 Sen=0.8125 Spec=0.7083 F1=0.7222 (best epoch 18, 49 epochs, early_stopping)
Set_2: AUC=0.9900 Acc=0.9500 Sen=0.9500 Spec=0.9500 F1=0.9500 (best epoch 64, 95 epochs, early_stopping)
Set_3: AUC=0.8611 Acc=0.7250 Sen=0.6818 Spec=0.7778 F1=0.7317 (best epoch 32, 63 epochs, early_stopping)
{
 "acc": {
  "mean": 0.80625,
  "std": 0.10077822185373185
 },
 "auc": {
  "mean": 0.8985613952020203,
  "std": 0.06233987115768644
 },
 "balanced_acc": {
  "mean": 0.8082859848484848,
  "std": 0.09792944507325173
 },
 "sen": {
  "mean": 0.8269886363636363,
  "std": 0.11218917498960622
 },
 "spec": {
  "mean": 0.7895833333333333,
  "std": 0.11107348900096607
 },
 "f1": {
  "mean": 0.8075041239542831,
  "std": 0.10593796148796389
 }
}

### exit=0 duration=152s
