### EXP-PROP-001-s13 started 2026-09-23T01:43:52
$ /root/EMS-Projects/.venv/bin/python src/proposal/train.py --experiment EXP-PROP-001 --ablation mlp_deepset --deviation learned --pool deepset --fold all --seed 13 --epochs 150 --patience 30 --feature_set full45 --comparator mlp
Set_0: AUC=0.9293 Acc=0.8500 Sen=0.9545 Spec=0.7222 F1=0.8750 (best epoch 10, 41 epochs, early_stopping)
Set_1: AUC=0.8776 Acc=0.8000 Sen=0.7500 Spec=0.8333 F1=0.7500 (best epoch 15, 46 epochs, early_stopping)
Set_2: AUC=1.0000 Acc=0.9250 Sen=1.0000 Spec=0.8500 F1=0.9302 (best epoch 50, 81 epochs, early_stopping)
Set_3: AUC=0.9040 Acc=0.7750 Sen=0.7727 Spec=0.7778 F1=0.7907 (best epoch 36, 67 epochs, early_stopping)
{
 "acc": {
  "mean": 0.8375,
  "std": 0.06614378277661477
 },
 "auc": {
  "mean": 0.927734375,
  "std": 0.05259655152036178
 },
 "balanced_acc": {
  "mean": 0.8325757575757575,
  "std": 0.06717013491465747
 },
 "sen": {
  "mean": 0.8693181818181819,
  "std": 0.12636990392130515
 },
 "spec": {
  "mean": 0.7958333333333333,
  "std": 0.05797952668316026
 },
 "f1": {
  "mean": 0.8364825581395349,
  "std": 0.08133909323970331
 }
}

### exit=0 duration=149s
