### EXP-PROP-001-s3 started 2026-09-23T01:43:52
$ /root/EMS-Projects/.venv/bin/python src/proposal/train.py --experiment EXP-PROP-001 --ablation mlp_deepset --deviation learned --pool deepset --fold all --seed 3 --epochs 150 --patience 30 --feature_set full45 --comparator mlp
Set_0: AUC=0.9722 Acc=0.8750 Sen=0.8182 Spec=0.9444 F1=0.8780 (best epoch 33, 64 epochs, early_stopping)
Set_1: AUC=0.8802 Acc=0.8750 Sen=0.8125 Spec=0.9167 F1=0.8387 (best epoch 5, 36 epochs, early_stopping)
Set_2: AUC=0.9775 Acc=0.8250 Sen=0.9500 Spec=0.7000 F1=0.8444 (best epoch 9, 40 epochs, early_stopping)
Set_3: AUC=0.9242 Acc=0.8250 Sen=0.8182 Spec=0.8333 F1=0.8372 (best epoch 35, 66 epochs, early_stopping)
{
 "acc": {
  "mean": 0.8500000000000001,
  "std": 0.028867513459481315
 },
 "auc": {
  "mean": 0.9385432449494949,
  "std": 0.045677775997973374
 },
 "balanced_acc": {
  "mean": 0.8491635101010101,
  "std": 0.028302426724515696
 },
 "sen": {
  "mean": 0.8497159090909092,
  "std": 0.06690969176895882
 },
 "spec": {
  "mean": 0.8486111111111111,
  "std": 0.10974859036188006
 },
 "f1": {
  "mean": 0.8496030511692965,
  "std": 0.019218405603834934
 }
}

### exit=0 duration=131s
