### EXP-PROP-005-s64 started 2026-09-23T01:54:21
$ /root/EMS-Projects/.venv/bin/python src/proposal/train.py --experiment EXP-PROP-005 --ablation mlp_max --deviation learned --pool max --fold all --seed 64 --epochs 150 --patience 30 --feature_set full45 --comparator mlp
Set_0: AUC=0.9747 Acc=0.9250 Sen=0.9545 Spec=0.8889 F1=0.9333 (best epoch 15, 46 epochs, early_stopping)
Set_1: AUC=0.8490 Acc=0.7750 Sen=0.6875 Spec=0.8333 F1=0.7097 (best epoch 16, 47 epochs, early_stopping)
Set_2: AUC=0.9925 Acc=0.9000 Sen=0.9500 Spec=0.8500 F1=0.9048 (best epoch 44, 75 epochs, early_stopping)
Set_3: AUC=0.9116 Acc=0.8000 Sen=0.7273 Spec=0.8889 F1=0.8000 (best epoch 14, 45 epochs, early_stopping)
{
 "acc": {
  "mean": 0.8500000000000001,
  "std": 0.07359800721939873
 },
 "auc": {
  "mean": 0.9319554924242424,
  "std": 0.06531719514192519
 },
 "balanced_acc": {
  "mean": 0.8475536616161616,
  "std": 0.07616168480153798
 },
 "sen": {
  "mean": 0.8298295454545455,
  "std": 0.14232661567782404
 },
 "spec": {
  "mean": 0.8652777777777778,
  "std": 0.028099983158321292
 },
 "f1": {
  "mean": 0.8369431643625191,
  "std": 0.10239110226488989
 }
}

### exit=0 duration=95s
