### EXP-PROP-004-s100 started 2026-09-23T01:50:52
$ /root/EMS-Projects/.venv/bin/python src/proposal/train.py --experiment EXP-PROP-004 --ablation z_mean --deviation z --pool mean --fold all --seed 100 --epochs 150 --patience 30 --feature_set full45
Set_0: AUC=0.9697 Acc=0.9500 Sen=0.9091 Spec=1.0000 F1=0.9524 (best epoch 143, 150 epochs, max_epochs)
Set_1: AUC=0.8516 Acc=0.7000 Sen=0.6875 Spec=0.7083 F1=0.6471 (best epoch 39, 70 epochs, early_stopping)
Set_2: AUC=0.9600 Acc=0.8500 Sen=0.9000 Spec=0.8000 F1=0.8571 (best epoch 14, 45 epochs, early_stopping)
Set_3: AUC=0.8434 Acc=0.7500 Sen=0.7273 Spec=0.7778 F1=0.7619 (best epoch 24, 55 epochs, early_stopping)
{
 "acc": {
  "mean": 0.8125,
  "std": 0.11086778913041725
 },
 "auc": {
  "mean": 0.9061734532828283,
  "std": 0.06794872182303623
 },
 "balanced_acc": {
  "mean": 0.8137468434343436,
  "std": 0.11299447375168874
 },
 "sen": {
  "mean": 0.805965909090909,
  "std": 0.115041969674121
 },
 "spec": {
  "mean": 0.8215277777777779,
  "std": 0.12522356550595692
 },
 "f1": {
  "mean": 0.8046218487394958,
  "std": 0.1306931080223595
 }
}

### exit=0 duration=14s
