### EXP-PROP-003-s100 started 2026-09-23T01:48:24
$ /root/EMS-Projects/.venv/bin/python src/proposal/train.py --experiment EXP-PROP-003 --ablation mlp_attn --deviation learned --pool attention --fold all --seed 100 --epochs 150 --patience 30 --feature_set full45 --comparator mlp
Set_0: AUC=0.9545 Acc=0.8500 Sen=0.8636 Spec=0.8333 F1=0.8636 (best epoch 14, 45 epochs, early_stopping)
Set_1: AUC=0.8750 Acc=0.7500 Sen=0.4375 Spec=0.9583 F1=0.5833 (best epoch 6, 37 epochs, early_stopping)
Set_2: AUC=0.9650 Acc=0.8750 Sen=0.9000 Spec=0.8500 F1=0.8780 (best epoch 10, 41 epochs, early_stopping)
Set_3: AUC=0.8939 Acc=0.7500 Sen=0.6364 Spec=0.8889 F1=0.7368 (best epoch 29, 60 epochs, early_stopping)
{
 "acc": {
  "mean": 0.80625,
  "std": 0.06574889099191458
 },
 "auc": {
  "mean": 0.9221212121212122,
  "std": 0.04436419522747843
 },
 "balanced_acc": {
  "mean": 0.7960069444444444,
  "std": 0.08109625094426424
 },
 "sen": {
  "mean": 0.709375,
  "std": 0.2155466954675883
 },
 "spec": {
  "mean": 0.8826388888888889,
  "std": 0.055572913954840444
 },
 "f1": {
  "mean": 0.765465145680165,
  "std": 0.13699627534226197
 }
}

### exit=0 duration=118s
