### EXP-PROP-003-s42 started 2026-09-23T01:50:00
$ /root/EMS-Projects/.venv/bin/python src/proposal/train.py --experiment EXP-PROP-003 --ablation mlp_attn --deviation learned --pool attention --fold all --seed 42 --epochs 150 --patience 30 --feature_set full45 --comparator mlp
Set_0: AUC=0.9621 Acc=0.8500 Sen=1.0000 Spec=0.6667 F1=0.8800 (best epoch 21, 52 epochs, early_stopping)
Set_1: AUC=0.8854 Acc=0.7750 Sen=0.6250 Spec=0.8750 F1=0.6897 (best epoch 22, 53 epochs, early_stopping)
Set_2: AUC=0.9800 Acc=0.9000 Sen=0.9500 Spec=0.8500 F1=0.9048 (best epoch 3, 34 epochs, early_stopping)
Set_3: AUC=0.8990 Acc=0.7500 Sen=0.6364 Spec=0.8889 F1=0.7368 (best epoch 9, 40 epochs, early_stopping)
{
 "acc": {
  "mean": 0.81875,
  "std": 0.06884463184107628
 },
 "auc": {
  "mean": 0.9316319444444445,
  "std": 0.046441430042670144
 },
 "balanced_acc": {
  "mean": 0.811489898989899,
  "std": 0.0694738229867909
 },
 "sen": {
  "mean": 0.8028409090909091,
  "std": 0.19989128415739807
 },
 "spec": {
  "mean": 0.8201388888888889,
  "std": 0.10357237881945644
 },
 "f1": {
  "mean": 0.8028147956097139,
  "std": 0.10568548470921364
 }
}

### exit=0 duration=104s
