### EXP-PROP-005-s2026 started 2026-09-23T01:55:57
$ /root/EMS-Projects/.venv/bin/python src/proposal/train.py --experiment EXP-PROP-005 --ablation mlp_max --deviation learned --pool max --fold all --seed 2026 --epochs 150 --patience 30 --feature_set full45 --comparator mlp
Set_0: AUC=0.9520 Acc=0.8250 Sen=0.9091 Spec=0.7222 F1=0.8511 (best epoch 93, 124 epochs, early_stopping)
Set_1: AUC=0.8906 Acc=0.7500 Sen=0.8750 Spec=0.6667 F1=0.7368 (best epoch 10, 41 epochs, early_stopping)
Set_2: AUC=0.9750 Acc=0.9000 Sen=0.9000 Spec=0.9000 F1=0.9000 (best epoch 10, 41 epochs, early_stopping)
Set_3: AUC=0.8864 Acc=0.8000 Sen=0.7273 Spec=0.8889 F1=0.8000 (best epoch 5, 36 epochs, early_stopping)
{
 "acc": {
  "mean": 0.8187500000000001,
  "std": 0.0625
 },
 "auc": {
  "mean": 0.9260022095959596,
  "std": 0.044348930242479406
 },
 "balanced_acc": {
  "mean": 0.8236426767676767,
  "std": 0.05454422454265374
 },
 "sen": {
  "mean": 0.852840909090909,
  "std": 0.08494397359517472
 },
 "spec": {
  "mean": 0.7944444444444444,
  "std": 0.11776380070803441
 },
 "f1": {
  "mean": 0.8219764837625979,
  "std": 0.06991559441178276
 }
}

### exit=0 duration=101s
