### EXP-PROP-001-s0 started 2026-09-23T01:43:52
$ /root/EMS-Projects/.venv/bin/python src/proposal/train.py --experiment EXP-PROP-001 --ablation mlp_deepset --deviation learned --pool deepset --fold all --seed 0 --epochs 150 --patience 30 --feature_set full45 --comparator mlp
Set_0: AUC=0.9722 Acc=0.8750 Sen=0.9091 Spec=0.8333 F1=0.8889 (best epoch 10, 41 epochs, early_stopping)
Set_1: AUC=0.8516 Acc=0.7500 Sen=0.6250 Spec=0.8333 F1=0.6667 (best epoch 35, 66 epochs, early_stopping)
Set_2: AUC=0.9925 Acc=0.8750 Sen=0.7500 Spec=1.0000 F1=0.8571 (best epoch 37, 68 epochs, early_stopping)
Set_3: AUC=0.9899 Acc=0.9250 Sen=0.9545 Spec=0.8889 F1=0.9333 (best epoch 55, 86 epochs, early_stopping)
{
 "acc": {
  "mean": 0.85625,
  "std": 0.0746519702798705
 },
 "auc": {
  "mean": 0.951545928030303,
  "std": 0.067261649270601
 },
 "balanced_acc": {
  "mean": 0.84927398989899,
  "std": 0.08330044595159813
 },
 "sen": {
  "mean": 0.8096590909090909,
  "std": 0.15114775532370284
 },
 "spec": {
  "mean": 0.888888888888889,
  "std": 0.0785674201318386
 },
 "f1": {
  "mean": 0.8365079365079364,
  "std": 0.11746031746031746
 }
}

### exit=0 duration=165s
