### EXP-PROP-005-s100 started 2026-09-23T01:52:17
$ /root/EMS-Projects/.venv/bin/python src/proposal/train.py --experiment EXP-PROP-005 --ablation mlp_max --deviation learned --pool max --fold all --seed 100 --epochs 150 --patience 30 --feature_set full45 --comparator mlp
Set_0: AUC=0.9470 Acc=0.8250 Sen=0.8636 Spec=0.7778 F1=0.8444 (best epoch 45, 76 epochs, early_stopping)
Set_1: AUC=0.9167 Acc=0.8000 Sen=0.6250 Spec=0.9167 F1=0.7143 (best epoch 29, 60 epochs, early_stopping)
Set_2: AUC=0.9875 Acc=0.9500 Sen=1.0000 Spec=0.9000 F1=0.9524 (best epoch 36, 67 epochs, early_stopping)
Set_3: AUC=0.9394 Acc=0.7750 Sen=0.6364 Spec=0.9444 F1=0.7568 (best epoch 12, 43 epochs, early_stopping)
{
 "acc": {
  "mean": 0.8375,
  "std": 0.07772815877574009
 },
 "auc": {
  "mean": 0.9476325757575759,
  "std": 0.029533108985066978
 },
 "balanced_acc": {
  "mean": 0.8329861111111112,
  "std": 0.08066231164003232
 },
 "sen": {
  "mean": 0.78125,
  "std": 0.18261543954532045
 },
 "spec": {
  "mean": 0.8847222222222222,
  "std": 0.0736154785566702
 },
 "f1": {
  "mean": 0.816966966966967,
  "std": 0.10529429911755792
 }
}

### exit=0 duration=149s
