### EXP-PROP-005-s42 started 2026-09-23T01:52:19
$ /root/EMS-Projects/.venv/bin/python src/proposal/train.py --experiment EXP-PROP-005 --ablation mlp_max --deviation learned --pool max --fold all --seed 42 --epochs 150 --patience 30 --feature_set full45 --comparator mlp
Set_0: AUC=0.9318 Acc=0.8250 Sen=0.9545 Spec=0.6667 F1=0.8571 (best epoch 15, 46 epochs, early_stopping)
Set_1: AUC=0.8359 Acc=0.8000 Sen=0.6250 Spec=0.9167 F1=0.7143 (best epoch 7, 38 epochs, early_stopping)
Set_2: AUC=0.9925 Acc=0.9500 Sen=1.0000 Spec=0.9000 F1=0.9524 (best epoch 27, 58 epochs, early_stopping)
Set_3: AUC=0.9520 Acc=0.8250 Sen=0.7727 Spec=0.8889 F1=0.8293 (best epoch 65, 96 epochs, early_stopping)
{
 "acc": {
  "mean": 0.8500000000000001,
  "std": 0.06770032003863298
 },
 "auc": {
  "mean": 0.928068970959596,
  "std": 0.06640101278285082
 },
 "balanced_acc": {
  "mean": 0.8405618686868687,
  "std": 0.0770957414379852
 },
 "sen": {
  "mean": 0.8380681818181819,
  "std": 0.1726811641009572
 },
 "spec": {
  "mean": 0.8430555555555556,
  "std": 0.11814539065631523
 },
 "f1": {
  "mean": 0.8382694541231126,
  "std": 0.09803167519996554
 }
}

### exit=0 duration=142s
