### EXP-PROP-003-s123 started 2026-09-23T01:50:04
$ /root/EMS-Projects/.venv/bin/python src/proposal/train.py --experiment EXP-PROP-003 --ablation mlp_attn --deviation learned --pool attention --fold all --seed 123 --epochs 150 --patience 30 --feature_set full45 --comparator mlp
Set_0: AUC=0.9848 Acc=0.9500 Sen=0.9545 Spec=0.9444 F1=0.9545 (best epoch 10, 41 epochs, early_stopping)
Set_1: AUC=0.8802 Acc=0.7750 Sen=0.6250 Spec=0.8750 F1=0.6897 (best epoch 7, 38 epochs, early_stopping)
Set_2: AUC=0.9650 Acc=0.9000 Sen=0.9000 Spec=0.9000 F1=0.9000 (best epoch 7, 38 epochs, early_stopping)
Set_3: AUC=0.8889 Acc=0.7500 Sen=0.6818 Spec=0.8333 F1=0.7500 (best epoch 13, 44 epochs, early_stopping)
{
 "acc": {
  "mean": 0.84375,
  "std": 0.09655525188547054
 },
 "auc": {
  "mean": 0.9297364267676768,
  "std": 0.052922622550959086
 },
 "balanced_acc": {
  "mean": 0.8392676767676768,
  "std": 0.10079807292279191
 },
 "sen": {
  "mean": 0.790340909090909,
  "std": 0.1613516320758911
 },
 "spec": {
  "mean": 0.8881944444444445,
  "std": 0.04650185845217555
 },
 "f1": {
  "mean": 0.8235501567398119,
  "std": 0.12428708563350695
 }
}

### exit=0 duration=89s
