### EXP-PROP-001-s123 started 2026-09-23T01:43:52
$ /root/EMS-Projects/.venv/bin/python src/proposal/train.py --experiment EXP-PROP-001 --ablation mlp_deepset --deviation learned --pool deepset --fold all --seed 123 --epochs 150 --patience 30 --feature_set full45 --comparator mlp
Set_0: AUC=0.9672 Acc=0.8500 Sen=0.7727 Spec=0.9444 F1=0.8500 (best epoch 17, 48 epochs, early_stopping)
Set_1: AUC=0.8932 Acc=0.8000 Sen=0.8750 Spec=0.7500 F1=0.7778 (best epoch 18, 49 epochs, early_stopping)
Set_2: AUC=0.9750 Acc=0.9250 Sen=0.8500 Spec=1.0000 F1=0.9189 (best epoch 47, 78 epochs, early_stopping)
Set_3: AUC=0.8889 Acc=0.8000 Sen=0.8182 Spec=0.7778 F1=0.8182 (best epoch 8, 39 epochs, early_stopping)
{
 "acc": {
  "mean": 0.84375,
  "std": 0.0590726953281576
 },
 "auc": {
  "mean": 0.9310724431818181,
  "std": 0.04634779268674016
 },
 "balanced_acc": {
  "mean": 0.8485164141414142,
  "std": 0.05716136305197714
 },
 "sen": {
  "mean": 0.8289772727272727,
  "std": 0.04412350404053861
 },
 "spec": {
  "mean": 0.8680555555555556,
  "std": 0.12292516710510881
 },
 "f1": {
  "mean": 0.8412196287196287,
  "std": 0.05963747083447556
 }
}

### exit=0 duration=134s
