### EXP-PROP-003-s3 started 2026-09-23T01:50:03
$ /root/EMS-Projects/.venv/bin/python src/proposal/train.py --experiment EXP-PROP-003 --ablation mlp_attn --deviation learned --pool attention --fold all --seed 3 --epochs 150 --patience 30 --feature_set full45 --comparator mlp
Set_0: AUC=0.9571 Acc=0.8000 Sen=0.9545 Spec=0.6111 F1=0.8400 (best epoch 11, 42 epochs, early_stopping)
Set_1: AUC=0.8906 Acc=0.8250 Sen=0.7500 Spec=0.8750 F1=0.7742 (best epoch 3, 34 epochs, early_stopping)
Set_2: AUC=0.9675 Acc=0.8250 Sen=0.9500 Spec=0.7000 F1=0.8444 (best epoch 3, 34 epochs, early_stopping)
Set_3: AUC=0.9091 Acc=0.8000 Sen=0.7273 Spec=0.8889 F1=0.8000 (best epoch 10, 41 epochs, early_stopping)
{
 "acc": {
  "mean": 0.8125,
  "std": 0.014433756729740593
 },
 "auc": {
  "mean": 0.931071654040404,
  "std": 0.03706777629974317
 },
 "balanced_acc": {
  "mean": 0.8071022727272728,
  "std": 0.017697911536808025
 },
 "sen": {
  "mean": 0.8454545454545455,
  "std": 0.12370541743606178
 },
 "spec": {
  "mean": 0.7687499999999999,
  "std": 0.13576818099684995
 },
 "f1": {
  "mean": 0.8146594982078853,
  "std": 0.033574186691546465
 }
}

### exit=0 duration=91s
