### EXP-PROP-004-s13 started 2026-09-23T01:43:12
$ /root/EMS-Projects/.venv/bin/python src/proposal/train.py --experiment EXP-PROP-004 --ablation z_mean --deviation z --pool mean --fold all --seed 13 --epochs 150 --patience 30 --feature_set full45
Set_0: AUC=0.9697 Acc=0.9000 Sen=0.9091 Spec=0.8889 F1=0.9091 (best epoch 73, 104 epochs, early_stopping)
Set_1: AUC=0.8438 Acc=0.6250 Sen=0.9375 Spec=0.4167 F1=0.6667 (best epoch 1, 32 epochs, early_stopping)
Set_2: AUC=0.9625 Acc=0.8500 Sen=0.9000 Spec=0.8000 F1=0.8571 (best epoch 19, 50 epochs, early_stopping)
Set_3: AUC=0.8535 Acc=0.7500 Sen=0.7273 Spec=0.7778 F1=0.7619 (best epoch 27, 58 epochs, early_stopping)
{
 "acc": {
  "mean": 0.78125,
  "std": 0.12140668570277888
 },
 "auc": {
  "mean": 0.9073705808080808,
  "std": 0.06799421938721724
 },
 "balanced_acc": {
  "mean": 0.7946496212121212,
  "std": 0.09924188040938288
 },
 "sen": {
  "mean": 0.868465909090909,
  "std": 0.09547427195157444
 },
 "spec": {
  "mean": 0.7208333333333333,
  "std": 0.20838271019800328
 },
 "f1": {
  "mean": 0.7987012987012987,
  "std": 0.10706448370302764
 }
}

### exit=0 duration=8s
