### EXP-PROP-002-s2024 started 2026-09-23T01:46:21
$ /root/EMS-Projects/.venv/bin/python src/proposal/train.py --experiment EXP-PROP-002 --ablation mlp_mean --deviation learned --pool mean --fold all --seed 2024 --epochs 150 --patience 30 --feature_set full45 --comparator mlp
Set_0: AUC=0.9773 Acc=0.9000 Sen=0.9545 Spec=0.8333 F1=0.9130 (best epoch 13, 44 epochs, early_stopping)
Set_1: AUC=0.9036 Acc=0.8500 Sen=0.6875 Spec=0.9583 F1=0.7857 (best epoch 5, 36 epochs, early_stopping)
Set_2: AUC=0.9775 Acc=0.9250 Sen=0.8500 Spec=1.0000 F1=0.9189 (best epoch 3, 34 epochs, early_stopping)
Set_3: AUC=0.8965 Acc=0.7750 Sen=0.6818 Spec=0.8889 F1=0.7692 (best epoch 14, 45 epochs, early_stopping)
{
 "acc": {
  "mean": 0.8624999999999999,
  "std": 0.06614378277661477
 },
 "auc": {
  "mean": 0.9387208017676768,
  "std": 0.04474339149473281
 },
 "balanced_acc": {
  "mean": 0.856802398989899,
  "std": 0.06398763460602162
 },
 "sen": {
  "mean": 0.7934659090909091,
  "std": 0.13271110515374923
 },
 "spec": {
  "mean": 0.920138888888889,
  "std": 0.07382045703287951
 },
 "f1": {
  "mean": 0.8467268630312108,
  "std": 0.08028649852038876
 }
}

### exit=0 duration=97s
