### EXP-PROP-002-s123 started 2026-09-23T01:48:24
$ /root/EMS-Projects/.venv/bin/python src/proposal/train.py --experiment EXP-PROP-002 --ablation mlp_mean --deviation learned --pool mean --fold all --seed 123 --epochs 150 --patience 30 --feature_set full45 --comparator mlp
Set_0: AUC=0.9899 Acc=0.9000 Sen=0.8636 Spec=0.9444 F1=0.9048 (best epoch 17, 48 epochs, early_stopping)
Set_1: AUC=0.8984 Acc=0.8500 Sen=0.7500 Spec=0.9167 F1=0.8000 (best epoch 5, 36 epochs, early_stopping)
Set_2: AUC=0.9700 Acc=0.8750 Sen=0.9500 Spec=0.8000 F1=0.8837 (best epoch 3, 34 epochs, early_stopping)
Set_3: AUC=0.8763 Acc=0.8000 Sen=0.8636 Spec=0.7222 F1=0.8261 (best epoch 0, 31 epochs, early_stopping)
{
 "acc": {
  "mean": 0.85625,
  "std": 0.04269562819149832
 },
 "auc": {
  "mean": 0.933649779040404,
  "std": 0.05482852720127961
 },
 "balanced_acc": {
  "mean": 0.8513257575757575,
  "std": 0.0485564212011128
 },
 "sen": {
  "mean": 0.8568181818181818,
  "std": 0.08202834959781309
 },
 "spec": {
  "mean": 0.8458333333333334,
  "std": 0.10347610606680639
 },
 "f1": {
  "mean": 0.8536424478790505,
  "std": 0.04883554474317449
 }
}

### exit=0 duration=96s
