### EXP-PROP-002-s13 started 2026-09-23T01:48:24
$ /root/EMS-Projects/.venv/bin/python src/proposal/train.py --experiment EXP-PROP-002 --ablation mlp_mean --deviation learned --pool mean --fold all --seed 13 --epochs 150 --patience 30 --feature_set full45 --comparator mlp
Set_0: AUC=0.9722 Acc=0.8500 Sen=0.7273 Spec=1.0000 F1=0.8421 (best epoch 27, 58 epochs, early_stopping)
Set_1: AUC=0.8906 Acc=0.7500 Sen=0.4375 Spec=0.9583 F1=0.5833 (best epoch 54, 85 epochs, early_stopping)
Set_2: AUC=0.9775 Acc=0.9000 Sen=0.8500 Spec=0.9500 F1=0.8947 (best epoch 5, 36 epochs, early_stopping)
Set_3: AUC=0.8864 Acc=0.8000 Sen=0.6818 Spec=0.9444 F1=0.7895 (best epoch 9, 40 epochs, early_stopping)
{
 "acc": {
  "mean": 0.825,
  "std": 0.06454972243679027
 },
 "auc": {
  "mean": 0.9316777146464646,
  "std": 0.04994073153932182
 },
 "balanced_acc": {
  "mean": 0.8186710858585858,
  "std": 0.08803140976814615
 },
 "sen": {
  "mean": 0.6741477272727272,
  "std": 0.17301952697564524
 },
 "spec": {
  "mean": 0.9631944444444445,
  "std": 0.02519216270446814
 },
 "f1": {
  "mean": 0.7774122807017545,
  "std": 0.13633579861727677
 }
}

### exit=0 duration=136s
