### EXP-PROP-002-s3 started 2026-09-23T01:46:37
$ /root/EMS-Projects/.venv/bin/python src/proposal/train.py --experiment EXP-PROP-002 --ablation mlp_mean --deviation learned --pool mean --fold all --seed 3 --epochs 150 --patience 30 --feature_set full45 --comparator mlp
Set_0: AUC=0.9621 Acc=0.8250 Sen=1.0000 Spec=0.6111 F1=0.8627 (best epoch 40, 71 epochs, early_stopping)
Set_1: AUC=0.9089 Acc=0.7750 Sen=0.6250 Spec=0.8750 F1=0.6897 (best epoch 24, 55 epochs, early_stopping)
Set_2: AUC=0.9725 Acc=0.8000 Sen=0.9500 Spec=0.6500 F1=0.8261 (best epoch 3, 34 epochs, early_stopping)
Set_3: AUC=0.8990 Acc=0.7750 Sen=0.8182 Spec=0.7222 F1=0.8000 (best epoch 16, 47 epochs, early_stopping)
{
 "acc": {
  "mean": 0.7937500000000001,
  "std": 0.023935677693908426
 },
 "auc": {
  "mean": 0.9356163194444445,
  "std": 0.0370613128196394
 },
 "balanced_acc": {
  "mean": 0.781439393939394,
  "std": 0.026081918438026836
 },
 "sen": {
  "mean": 0.8482954545454546,
  "std": 0.1674572331406723
 },
 "spec": {
  "mean": 0.7145833333333333,
  "std": 0.1164321938353687
 },
 "f1": {
  "mean": 0.794621806743687,
  "std": 0.07456039554781213
 }
}

### exit=0 duration=104s
