### EXP-PROP-004-s1234 started 2026-09-23T01:50:39
$ /root/EMS-Projects/.venv/bin/python src/proposal/train.py --experiment EXP-PROP-004 --ablation z_mean --deviation z --pool mean --fold all --seed 1234 --epochs 150 --patience 30 --feature_set full45
Set_0: AUC=0.9747 Acc=0.9250 Sen=0.9091 Spec=0.9444 F1=0.9302 (best epoch 96, 127 epochs, early_stopping)
Set_1: AUC=0.8568 Acc=0.7500 Sen=0.6250 Spec=0.8333 F1=0.6667 (best epoch 55, 86 epochs, early_stopping)
Set_2: AUC=0.9550 Acc=0.8500 Sen=0.9000 Spec=0.8000 F1=0.8571 (best epoch 23, 54 epochs, early_stopping)
Set_3: AUC=0.8460 Acc=0.7500 Sen=0.7273 Spec=0.7778 F1=0.7619 (best epoch 42, 73 epochs, early_stopping)
{
 "acc": {
  "mean": 0.81875,
  "std": 0.0850857410694256
 },
 "auc": {
  "mean": 0.9081194760101011,
  "std": 0.06617554316098592
 },
 "balanced_acc": {
  "mean": 0.814614898989899,
  "std": 0.09126312789956392
 },
 "sen": {
  "mean": 0.790340909090909,
  "std": 0.13837375774313537
 },
 "spec": {
  "mean": 0.8388888888888888,
  "std": 0.0739814235386599
 },
 "f1": {
  "mean": 0.8039867109634551,
  "std": 0.11458806628979368
 }
}

### exit=0 duration=14s
