### EXP-PROP-005-s3 started 2026-09-23T01:52:19
$ /root/EMS-Projects/.venv/bin/python src/proposal/train.py --experiment EXP-PROP-005 --ablation mlp_max --deviation learned --pool max --fold all --seed 3 --epochs 150 --patience 30 --feature_set full45 --comparator mlp
Set_0: AUC=0.9722 Acc=0.8750 Sen=0.9545 Spec=0.7778 F1=0.8936 (best epoch 81, 112 epochs, early_stopping)
Set_1: AUC=0.8125 Acc=0.7000 Sen=0.6875 Spec=0.7083 F1=0.6471 (best epoch 3, 34 epochs, early_stopping)
Set_2: AUC=0.9550 Acc=0.8250 Sen=1.0000 Spec=0.6500 F1=0.8511 (best epoch 2, 33 epochs, early_stopping)
Set_3: AUC=0.9242 Acc=0.8250 Sen=0.7727 Spec=0.8889 F1=0.8293 (best epoch 9, 40 epochs, early_stopping)
{
 "acc": {
  "mean": 0.8062499999999999,
  "std": 0.07465197027987051
 },
 "auc": {
  "mean": 0.9159911616161617,
  "std": 0.0717916557744908
 },
 "balanced_acc": {
  "mean": 0.804971590909091,
  "std": 0.07365151588385507
 },
 "sen": {
  "mean": 0.8536931818181819,
  "std": 0.14804562143532243
 },
 "spec": {
  "mean": 0.75625,
  "std": 0.10269954479966115
 },
 "f1": {
  "mean": 0.8052519918190422,
  "std": 0.10879485914593902
 }
}

### exit=0 duration=138s
