### EXP-PROP-002-s0 started 2026-09-23T01:46:21
$ /root/EMS-Projects/.venv/bin/python src/proposal/train.py --experiment EXP-PROP-002 --ablation mlp_mean --deviation learned --pool mean --fold all --seed 0 --epochs 150 --patience 30 --feature_set full45 --comparator mlp
Set_0: AUC=0.9798 Acc=0.8500 Sen=0.7273 Spec=1.0000 F1=0.8421 (best epoch 51, 82 epochs, early_stopping)
Set_1: AUC=0.9036 Acc=0.7750 Sen=0.6250 Spec=0.8750 F1=0.6897 (best epoch 9, 40 epochs, early_stopping)
Set_2: AUC=0.9725 Acc=0.9250 Sen=0.8500 Spec=1.0000 F1=0.9189 (best epoch 2, 33 epochs, early_stopping)
Set_3: AUC=0.9192 Acc=0.8000 Sen=0.7727 Spec=0.8333 F1=0.8095 (best epoch 30, 61 epochs, early_stopping)
{
 "acc": {
  "mean": 0.8374999999999999,
  "std": 0.06614378277661477
 },
 "auc": {
  "mean": 0.9437839330808081,
  "std": 0.03802393219497281
 },
 "balanced_acc": {
  "mean": 0.8354166666666667,
  "std": 0.0756448024259959
 },
 "sen": {
  "mean": 0.7437499999999999,
  "std": 0.09398902037160095
 },
 "spec": {
  "mean": 0.9270833333333334,
  "std": 0.08589803386703458
 },
 "f1": {
  "mean": 0.815050791003604,
  "std": 0.09535047831723904
 }
}

### exit=0 duration=123s
