### EXP-PROP-001-s2024 started 2026-09-23T01:43:52
$ /root/EMS-Projects/.venv/bin/python src/proposal/train.py --experiment EXP-PROP-001 --ablation mlp_deepset --deviation learned --pool deepset --fold all --seed 2024 --epochs 150 --patience 30 --feature_set full45 --comparator mlp
Set_0: AUC=0.9899 Acc=0.7250 Sen=1.0000 Spec=0.3889 F1=0.8000 (best epoch 25, 56 epochs, early_stopping)
Set_1: AUC=0.8984 Acc=0.9000 Sen=0.8125 Spec=0.9583 F1=0.8667 (best epoch 24, 55 epochs, early_stopping)
Set_2: AUC=0.9925 Acc=0.9500 Sen=1.0000 Spec=0.9000 F1=0.9524 (best epoch 51, 82 epochs, early_stopping)
Set_3: AUC=0.9116 Acc=0.7750 Sen=0.7727 Spec=0.7778 F1=0.7907 (best epoch 19, 50 epochs, early_stopping)
{
 "acc": {
  "mean": 0.8375,
  "std": 0.10507933510765409
 },
 "auc": {
  "mean": 0.9481131628787879,
  "std": 0.050053135875781654
 },
 "balanced_acc": {
  "mean": 0.826278409090909,
  "std": 0.11370752045205956
 },
 "sen": {
  "mean": 0.8963068181818181,
  "std": 0.12083051317123146
 },
 "spec": {
  "mean": 0.75625,
  "std": 0.256202632880012
 },
 "f1": {
  "mean": 0.8524363233665558,
  "std": 0.07472763951262101
 }
}

### exit=0 duration=152s
