### EXP-PROP-004-s0 started 2026-09-23T01:52:03
$ /root/EMS-Projects/.venv/bin/python src/proposal/train.py --experiment EXP-PROP-004 --ablation z_mean --deviation z --pool mean --fold all --seed 0 --epochs 150 --patience 30 --feature_set full45
Set_0: AUC=0.9621 Acc=0.9000 Sen=0.8636 Spec=0.9444 F1=0.9048 (best epoch 62, 93 epochs, early_stopping)
Set_1: AUC=0.8438 Acc=0.7500 Sen=0.7500 Spec=0.7500 F1=0.7059 (best epoch 54, 85 epochs, early_stopping)
Set_2: AUC=0.9700 Acc=0.8750 Sen=0.9500 Spec=0.8000 F1=0.8837 (best epoch 22, 53 epochs, early_stopping)
Set_3: AUC=0.8510 Acc=0.7250 Sen=0.7273 Spec=0.7222 F1=0.7442 (best epoch 36, 67 epochs, early_stopping)
{
 "acc": {
  "mean": 0.8125,
  "std": 0.08779711460710617
 },
 "auc": {
  "mean": 0.9067203282828282,
  "std": 0.0686597078582318
 },
 "balanced_acc": {
  "mean": 0.8134469696969697,
  "std": 0.08923576311032773
 },
 "sen": {
  "mean": 0.8227272727272728,
  "std": 0.1037187338795444
 },
 "spec": {
  "mean": 0.8041666666666667,
  "std": 0.09890085237662537
 },
 "f1": {
  "mean": 0.8096378086118169,
  "std": 0.09930765381863689
 }
}

### exit=0 duration=14s
