### EXP-PROP-001-s2026 started 2026-09-23T01:46:03
$ /root/EMS-Projects/.venv/bin/python src/proposal/train.py --experiment EXP-PROP-001 --ablation mlp_deepset --deviation learned --pool deepset --fold all --seed 2026 --epochs 150 --patience 30 --feature_set full45 --comparator mlp
Set_0: AUC=0.9697 Acc=0.9000 Sen=0.8636 Spec=0.9444 F1=0.9048 (best epoch 7, 38 epochs, early_stopping)
Set_1: AUC=0.8776 Acc=0.8250 Sen=0.8125 Spec=0.8333 F1=0.7879 (best epoch 4, 35 epochs, early_stopping)
Set_2: AUC=0.9750 Acc=0.9000 Sen=0.9500 Spec=0.8500 F1=0.9048 (best epoch 5, 36 epochs, early_stopping)
Set_3: AUC=0.8737 Acc=0.7750 Sen=0.6364 Spec=0.9444 F1=0.7568 (best epoch 2, 33 epochs, early_stopping)
{
 "acc": {
  "mean": 0.85,
  "std": 0.061237243569579464
 },
 "auc": {
  "mean": 0.9240096275252525,
  "std": 0.05588117637225051
 },
 "balanced_acc": {
  "mean": 0.8543402777777778,
  "std": 0.05665744602052085
 },
 "sen": {
  "mean": 0.8156249999999999,
  "std": 0.13229529316519129
 },
 "spec": {
  "mean": 0.8930555555555555,
  "std": 0.05972760526988938
 },
 "f1": {
  "mean": 0.8385398385398386,
  "std": 0.07751502785365605
 }
}

### exit=0 duration=91s
