### fnn-s2026 started 2026-09-23T01:58:34
$ /root/EMS-Projects/.venv/bin/python src/baseline/run_experiment.py --method fnn --seed 2026
  Set_0: auc=0.9444 acc=0.8250 sen=0.8636 spec=0.7778 f1=0.8444
  Set_1: auc=0.8542 acc=0.8500 sen=0.9375 spec=0.7917 f1=0.8333
  Set_2: auc=0.9875 acc=0.9250 sen=0.9500 spec=0.9000 f1=0.9268
  Set_3: auc=0.9091 acc=0.8250 sen=0.7727 spec=0.8889 f1=0.8293
{
 "acc": {
  "mean": 0.85625,
  "std": 0.04732423621500232
 },
 "auc": {
  "mean": 0.9238005050505051,
  "std": 0.056418204957508974
 },
 "balanced_acc": {
  "mean": 0.8602746212121212,
  "std": 0.04705248033040888
 },
 "sen": {
  "mean": 0.880965909090909,
  "std": 0.08160417613922022
 },
 "spec": {
  "mean": 0.8395833333333333,
  "std": 0.0637629596284248
 },
 "f1": {
  "mean": 0.8584688346883469,
  "std": 0.04602281132244559
 }
}

### exit=0 duration=12s
