### fnn-s1234 started 2026-09-23T01:58:13
$ /root/EMS-Projects/.venv/bin/python src/baseline/run_experiment.py --method fnn --seed 1234
  Set_0: auc=0.9242 acc=0.7750 sen=0.8636 spec=0.6667 f1=0.8085
  Set_1: auc=0.9062 acc=0.8500 sen=0.8750 spec=0.8333 f1=0.8235
  Set_2: auc=0.9850 acc=0.9000 sen=0.9000 spec=0.9000 f1=0.9000
  Set_3: auc=0.8864 acc=0.8250 sen=0.8182 spec=0.8333 f1=0.8372
{
 "acc": {
  "mean": 0.8374999999999999,
  "std": 0.05204164998665332
 },
 "auc": {
  "mean": 0.9254640151515151,
  "std": 0.042599075795242546
 },
 "balanced_acc": {
  "mean": 0.8362689393939394,
  "std": 0.0564214897708167
 },
 "sen": {
  "mean": 0.8642045454545455,
  "std": 0.03423580319469187
 },
 "spec": {
  "mean": 0.8083333333333333,
  "std": 0.09953596037316068
 },
 "f1": {
  "mean": 0.84231233809704,
  "std": 0.04020472833234894
 }
}

### exit=0 duration=11s
