### fnn-s123 started 2026-09-23T01:58:17
$ /root/EMS-Projects/.venv/bin/python src/baseline/run_experiment.py --method fnn --seed 123
  Set_0: auc=0.9369 acc=0.8250 sen=0.9091 spec=0.7222 f1=0.8511
  Set_1: auc=0.8958 acc=0.8250 sen=0.7500 spec=0.8750 f1=0.7742
  Set_2: auc=1.0000 acc=0.9000 sen=1.0000 spec=0.8000 f1=0.9091
  Set_3: auc=0.8662 acc=0.7750 sen=0.7273 spec=0.8333 f1=0.7805
{
 "acc": {
  "mean": 0.8312499999999999,
  "std": 0.05153882032022076
 },
 "auc": {
  "mean": 0.9247159090909092,
  "std": 0.05796031042752693
 },
 "balanced_acc": {
  "mean": 0.827114898989899,
  "std": 0.05114840393232226
 },
 "sen": {
  "mean": 0.8465909090909092,
  "std": 0.1303932915004432
 },
 "spec": {
  "mean": 0.8076388888888889,
  "std": 0.06468406123441678
 },
 "f1": {
  "mean": 0.8287090230358223,
  "std": 0.06392236918706244
 }
}

### exit=0 duration=13s
