### fnn-s64 started 2026-09-23T01:58:24
$ /root/EMS-Projects/.venv/bin/python src/baseline/run_experiment.py --method fnn --seed 64
  Set_0: auc=0.9268 acc=0.8000 sen=0.8182 spec=0.7778 f1=0.8182
  Set_1: auc=0.8984 acc=0.8250 sen=0.8125 spec=0.8333 f1=0.7879
  Set_2: auc=0.9975 acc=0.9500 sen=1.0000 spec=0.9000 f1=0.9524
  Set_3: auc=0.8636 acc=0.8000 sen=0.7727 spec=0.8333 f1=0.8095
{
 "acc": {
  "mean": 0.84375,
  "std": 0.07180703308172533
 },
 "auc": {
  "mean": 0.9215853851010102,
  "std": 0.05681489996922742
 },
 "balanced_acc": {
  "mean": 0.8434816919191919,
  "std": 0.07182341177069149
 },
 "sen": {
  "mean": 0.8508522727272727,
  "std": 0.10146726171393666
 },
 "spec": {
  "mean": 0.8361111111111111,
  "std": 0.05
 },
 "f1": {
  "mean": 0.8419913419913421,
  "std": 0.07468839419686883
 }
}

### exit=0 duration=10s
