### fnn-s2024 started 2026-09-23T01:58:17
$ /root/EMS-Projects/.venv/bin/python src/baseline/run_experiment.py --method fnn --seed 2024
  Set_0: auc=0.8914 acc=0.7250 sen=0.7727 spec=0.6667 f1=0.7556
  Set_1: auc=0.8776 acc=0.8500 sen=0.8750 spec=0.8333 f1=0.8235
  Set_2: auc=0.9925 acc=0.9500 sen=1.0000 spec=0.9000 f1=0.9524
  Set_3: auc=0.8914 acc=0.8250 sen=0.9091 spec=0.7222 f1=0.8511
{
 "acc": {
  "mean": 0.8374999999999999,
  "std": 0.0924211375534118
 },
 "auc": {
  "mean": 0.9132331123737374,
  "std": 0.05324408021437166
 },
 "balanced_acc": {
  "mean": 0.8348800505050505,
  "std": 0.0953262132693941
 },
 "sen": {
  "mean": 0.8892045454545454,
  "std": 0.09387904341964948
 },
 "spec": {
  "mean": 0.7805555555555556,
  "std": 0.1055555555555556
 },
 "f1": {
  "mean": 0.845632437372112,
  "std": 0.08170502607745984
 }
}

### exit=0 duration=11s
