### fnn-s0 started 2026-09-23T01:58:17
$ /root/EMS-Projects/.venv/bin/python src/baseline/run_experiment.py --method fnn --seed 0
  Set_0: auc=0.9040 acc=0.7750 sen=0.7273 spec=0.8333 f1=0.7805
  Set_1: auc=0.8672 acc=0.8250 sen=0.8125 spec=0.8333 f1=0.7879
  Set_2: auc=0.9975 acc=0.9750 sen=1.0000 spec=0.9500 f1=0.9756
  Set_3: auc=0.9015 acc=0.7500 sen=0.7273 spec=0.7778 f1=0.7619
{
 "acc": {
  "mean": 0.83125,
  "std": 0.10077822185373185
 },
 "auc": {
  "mean": 0.917560763888889,
  "std": 0.05588085239068433
 },
 "balanced_acc": {
  "mean": 0.8326862373737374,
  "std": 0.09919414535736851
 },
 "sen": {
  "mean": 0.8167613636363638,
  "std": 0.12859625338359404
 },
 "spec": {
  "mean": 0.8486111111111111,
  "std": 0.07248882417055491
 },
 "f1": {
  "mean": 0.8264702776897899,
  "std": 0.10002496478387096
 }
}

### exit=0 duration=12s
