### fnn-s42 started 2026-09-23T01:58:17
$ /root/EMS-Projects/.venv/bin/python src/baseline/run_experiment.py --method fnn --seed 42
  Set_0: auc=0.8990 acc=0.8000 sen=0.8636 spec=0.7222 f1=0.8261
  Set_1: auc=0.8854 acc=0.8500 sen=0.8750 spec=0.8333 f1=0.8235
  Set_2: auc=0.9825 acc=0.8750 sen=0.9500 spec=0.8000 f1=0.8837
  Set_3: auc=0.8510 acc=0.7500 sen=0.7273 spec=0.7778 f1=0.7619
{
 "acc": {
  "mean": 0.81875,
  "std": 0.05543389456520862
 },
 "auc": {
  "mean": 0.9044791666666667,
  "std": 0.055796363029893804
 },
 "balanced_acc": {
  "mean": 0.8186553030303031,
  "std": 0.056186573127509236
 },
 "sen": {
  "mean": 0.8539772727272728,
  "std": 0.09275354277314529
 },
 "spec": {
  "mean": 0.7833333333333333,
  "std": 0.046701926714512954
 },
 "f1": {
  "mean": 0.8238105151059413,
  "std": 0.049755540142637764
 }
}

### exit=0 duration=13s
