### fnn-s3 started 2026-09-23T01:58:17
$ /root/EMS-Projects/.venv/bin/python src/baseline/run_experiment.py --method fnn --seed 3
  Set_0: auc=0.8939 acc=0.8000 sen=0.8182 spec=0.7778 f1=0.8182
  Set_1: auc=0.9245 acc=0.8750 sen=0.8750 spec=0.8750 f1=0.8485
  Set_2: auc=0.9950 acc=0.9250 sen=0.9500 spec=0.9000 f1=0.9268
  Set_3: auc=0.8914 acc=0.7250 sen=0.6364 spec=0.8333 f1=0.7179
{
 "acc": {
  "mean": 0.83125,
  "std": 0.08750000000000002
 },
 "auc": {
  "mean": 0.9262081755050505,
  "std": 0.04826041739341029
 },
 "balanced_acc": {
  "mean": 0.8332070707070708,
  "std": 0.08384104595992539
 },
 "sen": {
  "mean": 0.8198863636363637,
  "std": 0.13372928896570388
 },
 "spec": {
  "mean": 0.8465277777777778,
  "std": 0.05344967056914961
 },
 "f1": {
  "mean": 0.827861163227017,
  "std": 0.08639918510700177
 }
}

### exit=0 duration=12s
