### fnn-s100 started 2026-09-23T01:58:17
$ /root/EMS-Projects/.venv/bin/python src/baseline/run_experiment.py --method fnn --seed 100
  Set_0: auc=0.9343 acc=0.8250 sen=0.8636 spec=0.7778 f1=0.8444
  Set_1: auc=0.8594 acc=0.8000 sen=0.7500 spec=0.8333 f1=0.7500
  Set_2: auc=0.9900 acc=0.9250 sen=0.9500 spec=0.9000 f1=0.9268
  Set_3: auc=0.8384 acc=0.7500 sen=0.6364 spec=0.8889 f1=0.7368
{
 "acc": {
  "mean": 0.825,
  "std": 0.07359800721939874
 },
 "auc": {
  "mean": 0.9055255681818182,
  "std": 0.06977173703079453
 },
 "balanced_acc": {
  "mean": 0.8250000000000001,
  "std": 0.07075785814309055
 },
 "sen": {
  "mean": 0.7999999999999999,
  "std": 0.13641413206481665
 },
 "spec": {
  "mean": 0.85,
  "std": 0.056291422791002445
 },
 "f1": {
  "mean": 0.8145289545000713,
  "std": 0.08889231224682688
 }
}

### exit=0 duration=12s
