### fnn_cat-s0 started 2026-09-23T01:58:34
$ /root/EMS-Projects/.venv/bin/python src/baseline/run_experiment.py --method fnn_cat --seed 0
  Set_0: auc=0.9495 acc=0.8750 sen=0.9091 spec=0.8333 f1=0.8889
  Set_1: auc=0.8594 acc=0.7500 sen=0.8125 spec=0.7083 f1=0.7222
  Set_2: auc=0.9775 acc=0.8750 sen=0.9000 spec=0.8500 f1=0.8780
  Set_3: auc=0.8561 acc=0.7250 sen=0.6818 spec=0.7778 f1=0.7317
{
 "acc": {
  "mean": 0.80625,
  "std": 0.08003905296791063
 },
 "auc": {
  "mean": 0.9106076388888888,
  "std": 0.062147601131179585
 },
 "balanced_acc": {
  "mean": 0.8091066919191919,
  "std": 0.07496577613575447
 },
 "sen": {
  "mean": 0.8258522727272727,
  "std": 0.10543664539172357
 },
 "spec": {
  "mean": 0.7923611111111111,
  "std": 0.06396432744260806
 },
 "f1": {
  "mean": 0.8052168021680217,
  "std": 0.09054880794629948
 }
}

### exit=0 duration=12s
