### fnn_cat-s42 started 2026-09-23T01:58:34
$ /root/EMS-Projects/.venv/bin/python src/baseline/run_experiment.py --method fnn_cat --seed 42
  Set_0: auc=0.9722 acc=0.9500 sen=0.9091 spec=1.0000 f1=0.9524
  Set_1: auc=0.8802 acc=0.8250 sen=0.6875 spec=0.9167 f1=0.7586
  Set_2: auc=0.9650 acc=0.9250 sen=0.9000 spec=0.9500 f1=0.9231
  Set_3: auc=0.8510 acc=0.7750 sen=0.6364 spec=0.9444 f1=0.7568
{
 "acc": {
  "mean": 0.86875,
  "std": 0.08260094833999586
 },
 "auc": {
  "mean": 0.9171101641414141,
  "std": 0.060722699729772824
 },
 "balanced_acc": {
  "mean": 0.8680082070707071,
  "std": 0.08387541420288695
 },
 "sen": {
  "mean": 0.7832386363636363,
  "std": 0.1416688188541755
 },
 "spec": {
  "mean": 0.9527777777777777,
  "std": 0.03469443332443556
 },
 "f1": {
  "mean": 0.8477088304674512,
  "std": 0.10463520604960326
 }
}

### exit=0 duration=12s
