### fnn_cat-s123 started 2026-09-23T01:58:34
$ /root/EMS-Projects/.venv/bin/python src/baseline/run_experiment.py --method fnn_cat --seed 123
  Set_0: auc=0.9520 acc=0.9000 sen=0.9091 spec=0.8889 f1=0.9091
  Set_1: auc=0.8438 acc=0.7250 sen=0.5625 spec=0.8333 f1=0.6207
  Set_2: auc=0.9575 acc=0.8750 sen=0.9000 spec=0.8500 f1=0.8780
  Set_3: auc=0.8409 acc=0.7250 sen=0.6818 spec=0.7778 f1=0.7317
{
 "acc": {
  "mean": 0.80625,
  "std": 0.09437293044088439
 },
 "auc": {
  "mean": 0.8985448232323232,
  "std": 0.06496070426986854
 },
 "balanced_acc": {
  "mean": 0.8004261363636364,
  "std": 0.1012794884105662
 },
 "sen": {
  "mean": 0.7633522727272727,
  "std": 0.17019772319081958
 },
 "spec": {
  "mean": 0.8375,
  "std": 0.04612003483486024
 },
 "f1": {
  "mean": 0.7848841654560745,
  "std": 0.1340330494935354
 }
}

### exit=0 duration=11s
