### fnn_cat-s3 started 2026-09-23T01:58:34
$ /root/EMS-Projects/.venv/bin/python src/baseline/run_experiment.py --method fnn_cat --seed 3
  Set_0: auc=0.9596 acc=0.9250 sen=0.9545 spec=0.8889 f1=0.9333
  Set_1: auc=0.8646 acc=0.7750 sen=0.7500 spec=0.7917 f1=0.7273
  Set_2: auc=0.9575 acc=0.8750 sen=0.9000 spec=0.8500 f1=0.8780
  Set_3: auc=0.8434 acc=0.7750 sen=0.6364 spec=0.9444 f1=0.7568
{
 "acc": {
  "mean": 0.8375,
  "std": 0.07500000000000001
 },
 "auc": {
  "mean": 0.9062784090909091,
  "std": 0.06097613876972314
 },
 "balanced_acc": {
  "mean": 0.8394886363636365,
  "std": 0.07105264988819017
 },
 "sen": {
  "mean": 0.8102272727272727,
  "std": 0.14461762063575487
 },
 "spec": {
  "mean": 0.8687499999999999,
  "std": 0.06436517314824293
 },
 "f1": {
  "mean": 0.8238528994626555,
  "std": 0.09789923552110524
 }
}

### exit=0 duration=11s
