### fnn_cat-s2026 started 2026-09-23T01:58:45
$ /root/EMS-Projects/.venv/bin/python src/baseline/run_experiment.py --method fnn_cat --seed 2026
  Set_0: auc=0.9545 acc=0.8500 sen=0.8182 spec=0.8889 f1=0.8571
  Set_1: auc=0.8542 acc=0.7500 sen=0.6250 spec=0.8333 f1=0.6667
  Set_2: auc=0.9425 acc=0.8250 sen=0.8500 spec=0.8000 f1=0.8293
  Set_3: auc=0.8687 acc=0.7500 sen=0.6818 spec=0.8333 f1=0.7500
{
 "acc": {
  "mean": 0.79375,
  "std": 0.051538820320220745
 },
 "auc": {
  "mean": 0.9049747474747475,
  "std": 0.05087131083724261
 },
 "balanced_acc": {
  "mean": 0.7913194444444445,
  "std": 0.05775466317543817
 },
 "sen": {
  "mean": 0.74375,
  "std": 0.10765108864778072
 },
 "spec": {
  "mean": 0.8388888888888889,
  "std": 0.0368513865595044
 },
 "f1": {
  "mean": 0.7757694541231126,
  "std": 0.08573455048934957
 }
}

### exit=0 duration=9s
