### fnn_cat-s13 started 2026-09-23T01:58:44
$ /root/EMS-Projects/.venv/bin/python src/baseline/run_experiment.py --method fnn_cat --seed 13
  Set_0: auc=0.9520 acc=0.9000 sen=0.9091 spec=0.8889 f1=0.9091
  Set_1: auc=0.8776 acc=0.7500 sen=0.6250 spec=0.8333 f1=0.6667
  Set_2: auc=0.9425 acc=0.8500 sen=0.8500 spec=0.8500 f1=0.8500
  Set_3: auc=0.8409 acc=0.7250 sen=0.7727 spec=0.6667 f1=0.7556
{
 "acc": {
  "mean": 0.80625,
  "std": 0.08260094833999589
 },
 "auc": {
  "mean": 0.9032583648989899,
  "std": 0.053113691075049194
 },
 "balanced_acc": {
  "mean": 0.7994633838383839,
  "std": 0.08900147201286668
 },
 "sen": {
  "mean": 0.7892045454545455,
  "std": 0.122886751040408
 },
 "spec": {
  "mean": 0.8097222222222222,
  "std": 0.09816998359484608
 },
 "f1": {
  "mean": 0.7953282828282828,
  "std": 0.10656236530893386
 }
}

### exit=0 duration=9s
