### fnn_cat-s64 started 2026-09-23T01:58:45
$ /root/EMS-Projects/.venv/bin/python src/baseline/run_experiment.py --method fnn_cat --seed 64
  Set_0: auc=0.9621 acc=0.9000 sen=0.9091 spec=0.8889 f1=0.9091
  Set_1: auc=0.8516 acc=0.7000 sen=0.5000 spec=0.8333 f1=0.5714
  Set_2: auc=0.9500 acc=0.8250 sen=0.8500 spec=0.8000 f1=0.8293
  Set_3: auc=0.8561 acc=0.7750 sen=0.6818 spec=0.8889 f1=0.7692
{
 "acc": {
  "mean": 0.7999999999999999,
  "std": 0.08416254115301733
 },
 "auc": {
  "mean": 0.9049360795454545,
  "std": 0.05926901162300483
 },
 "balanced_acc": {
  "mean": 0.7940025252525253,
  "std": 0.09707800642277652
 },
 "sen": {
  "mean": 0.7352272727272727,
  "std": 0.18401607158221525
 },
 "spec": {
  "mean": 0.8527777777777777,
  "std": 0.043861923267877766
 },
 "f1": {
  "mean": 0.7697546356082942,
  "std": 0.14409484683756044
 }
}

### exit=0 duration=10s
