### fnn_cat-s1234 started 2026-09-23T01:58:34
$ /root/EMS-Projects/.venv/bin/python src/baseline/run_experiment.py --method fnn_cat --seed 1234
  Set_0: auc=0.9520 acc=0.8250 sen=0.8182 spec=0.8333 f1=0.8372
  Set_1: auc=0.8568 acc=0.8250 sen=0.6875 spec=0.9167 f1=0.7586
  Set_2: auc=0.9475 acc=0.8250 sen=0.8500 spec=0.8000 f1=0.8293
  Set_3: auc=0.8359 acc=0.7500 sen=0.7273 spec=0.7778 f1=0.7619
{
 "acc": {
  "mean": 0.8062499999999999,
  "std": 0.03749999999999998
 },
 "auc": {
  "mean": 0.8980374053030302,
  "std": 0.060359550929407396
 },
 "balanced_acc": {
  "mean": 0.8013415404040405,
  "std": 0.03434843864405569
 },
 "sen": {
  "mean": 0.7707386363636364,
  "std": 0.07605080561332181
 },
 "spec": {
  "mean": 0.8319444444444444,
  "std": 0.06092142277628139
 },
 "f1": {
  "mean": 0.7967507616421106,
  "std": 0.04227855810632977
 }
}

### exit=0 duration=11s
