### fnn_cat-s2024 started 2026-09-23T01:58:34
$ /root/EMS-Projects/.venv/bin/python src/baseline/run_experiment.py --method fnn_cat --seed 2024
  Set_0: auc=0.9545 acc=0.9000 sen=0.9091 spec=0.8889 f1=0.9091
  Set_1: auc=0.8490 acc=0.7500 sen=0.5625 spec=0.8750 f1=0.6429
  Set_2: auc=0.9425 acc=0.8500 sen=0.9000 spec=0.8000 f1=0.8571
  Set_3: auc=0.8813 acc=0.7750 sen=0.6818 spec=0.8889 f1=0.7692
{
 "acc": {
  "mean": 0.81875,
  "std": 0.06884463184107628
 },
 "auc": {
  "mean": 0.9068292297979796,
  "std": 0.050164243209903925
 },
 "balanced_acc": {
  "mean": 0.8132733585858587,
  "std": 0.07833763109360961
 },
 "sen": {
  "mean": 0.7633522727272727,
  "std": 0.17019772319081958
 },
 "spec": {
  "mean": 0.8631944444444445,
  "std": 0.04263534488830661
 },
 "f1": {
  "mean": 0.7945804195804196,
  "std": 0.11646067759002512
 }
}

### exit=0 duration=12s
