### gnb-s2026 started 2026-09-23T01:58:03
$ /root/EMS-Projects/.venv/bin/python src/baseline/run_experiment.py --method gnb --seed 2026
  Set_0: auc=0.7955 acc=0.6750 sen=0.7273 spec=0.6111 f1=0.7111
  Set_1: auc=0.7812 acc=0.7000 sen=0.4375 spec=0.8750 f1=0.5385
  Set_2: auc=0.8463 acc=0.7500 sen=0.7500 spec=0.7500 f1=0.7500
  Set_3: auc=0.7424 acc=0.7250 sen=0.5909 spec=0.8889 f1=0.7027
{
 "acc": {
  "mean": 0.7125,
  "std": 0.03227486121839513
 },
 "auc": {
  "mean": 0.7913446969696969,
  "std": 0.042920845499833424
 },
 "balanced_acc": {
  "mean": 0.7038352272727273,
  "std": 0.04794543379406442
 },
 "sen": {
  "mean": 0.6264204545454546,
  "std": 0.1442163653011029
 },
 "spec": {
  "mean": 0.78125,
  "std": 0.12948487287913882
 },
 "f1": {
  "mean": 0.675568838068838,
  "std": 0.09369793532945653
 }
}

### exit=0 duration=5s
