### knn-s1234 started 2026-09-23T01:58:08
$ /root/EMS-Projects/.venv/bin/python src/baseline/run_experiment.py --method knn --seed 1234
  Set_0: auc=0.8043 acc=0.7500 sen=0.7273 spec=0.7778 f1=0.7619
  Set_1: auc=0.7943 acc=0.7250 sen=0.6250 spec=0.7917 f1=0.6452
  Set_2: auc=0.9450 acc=0.8750 sen=0.9500 spec=0.8000 f1=0.8837
  Set_3: auc=0.7045 acc=0.5750 sen=0.4545 spec=0.7222 f1=0.5405
{
 "acc": {
  "mean": 0.73125,
  "std": 0.12311072252245132
 },
 "auc": {
  "mean": 0.8120273042929292,
  "std": 0.09934652929069972
 },
 "balanced_acc": {
  "mean": 0.731060606060606,
  "std": 0.11839548011615209
 },
 "sen": {
  "mean": 0.6892045454545455,
  "std": 0.20708337144076228
 },
 "spec": {
  "mean": 0.7729166666666667,
  "std": 0.03501726499509387
 },
 "f1": {
  "mean": 0.7078318807501103,
  "std": 0.14807073716960792
 }
}

### exit=0 duration=5s
