### lr-s2024 started 2026-09-23T01:58:03
$ /root/EMS-Projects/.venv/bin/python src/baseline/run_experiment.py --method lr --seed 2024
  Set_0: auc=0.8485 acc=0.7500 sen=0.8182 spec=0.6667 f1=0.7826
  Set_1: auc=0.8099 acc=0.7750 sen=0.8125 spec=0.7500 f1=0.7429
  Set_2: auc=0.9875 acc=0.9000 sen=0.8500 spec=0.9500 f1=0.8947
  Set_3: auc=0.8384 acc=0.8000 sen=0.7727 spec=0.8333 f1=0.8095
{
 "acc": {
  "mean": 0.8062499999999999,
  "std": 0.0657488909919146
 },
 "auc": {
  "mean": 0.8710661300505049,
  "std": 0.0793235940890545
 },
 "balanced_acc": {
  "mean": 0.8066761363636363,
  "std": 0.06707565358084949
 },
 "sen": {
  "mean": 0.8133522727272728,
  "std": 0.031714862012182723
 },
 "spec": {
  "mean": 0.7999999999999999,
  "std": 0.12095300587265134
 },
 "f1": {
  "mean": 0.8074316225345974,
  "std": 0.06432371189357806
 }
}

### exit=0 duration=5s
