### lr_l1-s0 started 2026-09-23T01:58:45
$ /root/EMS-Projects/.venv/bin/python src/baseline/run_experiment.py --method lr_l1 --seed 0
/root/EMS-Projects/.venv/lib/python3.12/site-packages/sklearn/linear_model/_logistic.py:1403: FutureWarning: 'penalty' was deprecated in version 1.8 and will be removed in 1.10. To avoid this warning, leave 'penalty' set to its default value and use 'l1_ratio' or 'C' instead. Use l1_ratio=0 instead of penalty='l2', l1_ratio=1 instead of penalty='l1', l1_ratio set to a float between 0 and 1 instead of penalty='elasticnet', and C=np.inf instead of penalty=None.
  warnings.warn(
/root/EMS-Projects/.venv/lib/python3.12/site-packages/sklearn/linear_model/_logistic.py:1429: UserWarning: Inconsistent values: penalty=l1 with l1_ratio=0.0. penalty is deprecated. Please use l1_ratio only.
  warnings.warn(
  Set_0: auc=0.7601 acc=0.7500 sen=0.8182 spec=0.6667 f1=0.7826
/root/EMS-Projects/.venv/lib/python3.12/site-packages/sklearn/linear_model/_logistic.py:1403: FutureWarning: 'penalty' was deprecated in version 1.8 and will be removed in 1.10. To avoid this warning, leave 'penalty' set to its default value and use 'l1_ratio' or 'C' instead. Use l1_ratio=0 instead of penalty='l2', l1_ratio=1 instead of penalty='l1', l1_ratio set to a float between 0 and 1 instead of penalty='elasticnet', and C=np.inf instead of penalty=None.
  warnings.warn(
/root/EMS-Projects/.venv/lib/python3.12/site-packages/sklearn/linear_model/_logistic.py:1429: UserWarning: Inconsistent values: penalty=l1 with l1_ratio=0.0. penalty is deprecated. Please use l1_ratio only.
  warnings.warn(
  Set_1: auc=0.6068 acc=0.6000 sen=0.5625 spec=0.6250 f1=0.5294
/root/EMS-Projects/.venv/lib/python3.12/site-packages/sklearn/linear_model/_logistic.py:1403: FutureWarning: 'penalty' was deprecated in version 1.8 and will be removed in 1.10. To avoid this warning, leave 'penalty' set to its default value and use 'l1_ratio' or 'C' instead. Use l1_ratio=0 instead of penalty='l2', l1_ratio=1 instead of penalty='l1', l1_ratio set to a float between 0 and 1 instead of penalty='elasticnet', and C=np.inf instead of penalty=None.
  warnings.warn(
/root/EMS-Projects/.venv/lib/python3.12/site-packages/sklearn/linear_model/_logistic.py:1429: UserWarning: Inconsistent values: penalty=l1 with l1_ratio=0.0. penalty is deprecated. Please use l1_ratio only.
  warnings.warn(
  Set_2: auc=0.8075 acc=0.7250 sen=0.9000 spec=0.5500 f1=0.7660
/root/EMS-Projects/.venv/lib/python3.12/site-packages/sklearn/linear_model/_logistic.py:1403: FutureWarning: 'penalty' was deprecated in version 1.8 and will be removed in 1.10. To avoid this warning, leave 'penalty' set to its default value and use 'l1_ratio' or 'C' instead. Use l1_ratio=0 instead of penalty='l2', l1_ratio=1 instead of penalty='l1', l1_ratio set to a float between 0 and 1 instead of penalty='elasticnet', and C=np.inf instead of penalty=None.
  warnings.warn(
/root/EMS-Projects/.venv/lib/python3.12/site-packages/sklearn/linear_model/_logistic.py:1429: UserWarning: Inconsistent values: penalty=l1 with l1_ratio=0.0. penalty is deprecated. Please use l1_ratio only.
  warnings.warn(
  Set_3: auc=0.7904 acc=0.7000 sen=0.5455 spec=0.8889 f1=0.6667
{
 "acc": {
  "mean": 0.6937500000000001,
  "std": 0.0657488909919146
 },
 "auc": {
  "mean": 0.741193970959596,
  "std": 0.09173362974797931
 },
 "balanced_acc": {
  "mean": 0.69458648989899,
  "std": 0.06804783207284268
 },
 "sen": {
  "mean": 0.7065340909090909,
  "std": 0.17943124244251005
 },
 "spec": {
  "mean": 0.6826388888888888,
  "std": 0.14572747480684703
 },
 "f1": {
  "mean": 0.6861611434583083,
  "std": 0.11636148090784063
 }
}

### exit=0 duration=5s
