### lr_l1-s2026 started 2026-09-23T01:58:55
$ /root/EMS-Projects/.venv/bin/python src/baseline/run_experiment.py --method lr_l1 --seed 2026
/root/EMS-Projects/.venv/lib/python3.12/site-packages/sklearn/linear_model/_logistic.py:1403: FutureWarning: 'penalty' was deprecated in version 1.8 and will be removed in 1.10. To avoid this warning, leave 'penalty' set to its default value and use 'l1_ratio' or 'C' instead. Use l1_ratio=0 instead of penalty='l2', l1_ratio=1 instead of penalty='l1', l1_ratio set to a float between 0 and 1 instead of penalty='elasticnet', and C=np.inf instead of penalty=None.
  warnings.warn(
/root/EMS-Projects/.venv/lib/python3.12/site-packages/sklearn/linear_model/_logistic.py:1429: UserWarning: Inconsistent values: penalty=l1 with l1_ratio=0.0. penalty is deprecated. Please use l1_ratio only.
  warnings.warn(
  Set_0: auc=0.7525 acc=0.7250 sen=0.7727 spec=0.6667 f1=0.7556
/root/EMS-Projects/.venv/lib/python3.12/site-packages/sklearn/linear_model/_logistic.py:1403: FutureWarning: 'penalty' was deprecated in version 1.8 and will be removed in 1.10. To avoid this warning, leave 'penalty' set to its default value and use 'l1_ratio' or 'C' instead. Use l1_ratio=0 instead of penalty='l2', l1_ratio=1 instead of penalty='l1', l1_ratio set to a float between 0 and 1 instead of penalty='elasticnet', and C=np.inf instead of penalty=None.
  warnings.warn(
/root/EMS-Projects/.venv/lib/python3.12/site-packages/sklearn/linear_model/_logistic.py:1429: UserWarning: Inconsistent values: penalty=l1 with l1_ratio=0.0. penalty is deprecated. Please use l1_ratio only.
  warnings.warn(
  Set_1: auc=0.5885 acc=0.5750 sen=0.5625 spec=0.5833 f1=0.5143
/root/EMS-Projects/.venv/lib/python3.12/site-packages/sklearn/linear_model/_logistic.py:1403: FutureWarning: 'penalty' was deprecated in version 1.8 and will be removed in 1.10. To avoid this warning, leave 'penalty' set to its default value and use 'l1_ratio' or 'C' instead. Use l1_ratio=0 instead of penalty='l2', l1_ratio=1 instead of penalty='l1', l1_ratio set to a float between 0 and 1 instead of penalty='elasticnet', and C=np.inf instead of penalty=None.
  warnings.warn(
/root/EMS-Projects/.venv/lib/python3.12/site-packages/sklearn/linear_model/_logistic.py:1429: UserWarning: Inconsistent values: penalty=l1 with l1_ratio=0.0. penalty is deprecated. Please use l1_ratio only.
  warnings.warn(
  Set_2: auc=0.8000 acc=0.7000 sen=0.8500 spec=0.5500 f1=0.7391
/root/EMS-Projects/.venv/lib/python3.12/site-packages/sklearn/linear_model/_logistic.py:1403: FutureWarning: 'penalty' was deprecated in version 1.8 and will be removed in 1.10. To avoid this warning, leave 'penalty' set to its default value and use 'l1_ratio' or 'C' instead. Use l1_ratio=0 instead of penalty='l2', l1_ratio=1 instead of penalty='l1', l1_ratio set to a float between 0 and 1 instead of penalty='elasticnet', and C=np.inf instead of penalty=None.
  warnings.warn(
/root/EMS-Projects/.venv/lib/python3.12/site-packages/sklearn/linear_model/_logistic.py:1429: UserWarning: Inconsistent values: penalty=l1 with l1_ratio=0.0. penalty is deprecated. Please use l1_ratio only.
  warnings.warn(
  Set_3: auc=0.7904 acc=0.7000 sen=0.5455 spec=0.8889 f1=0.6667
{
 "acc": {
  "mean": 0.6749999999999999,
  "std": 0.06770032003863301
 },
 "auc": {
  "mean": 0.73286773989899,
  "std": 0.0983761479211141
 },
 "balanced_acc": {
  "mean": 0.6774463383838384,
  "std": 0.07023375610012277
 },
 "sen": {
  "mean": 0.6826704545454545,
  "std": 0.15207295522913078
 },
 "spec": {
  "mean": 0.6722222222222223,
  "std": 0.15255033575273308
 },
 "f1": {
  "mean": 0.6689095928226363,
  "std": 0.11007885663623725
 }
}

### exit=0 duration=4s
