### qda-s13 started 2026-09-23T01:57:53
$ /root/EMS-Projects/.venv/bin/python src/baseline/run_experiment.py --method qda --seed 13
  Set_0: auc=0.7500 acc=0.6000 sen=0.6364 spec=0.5556 f1=0.6364
  Set_1: auc=0.8464 acc=0.7500 sen=0.8750 spec=0.6667 f1=0.7368
  Set_2: auc=0.9350 acc=0.8500 sen=0.8500 spec=0.8500 f1=0.8500
  Set_3: auc=0.7601 acc=0.6500 sen=0.6364 spec=0.6667 f1=0.6667
{
 "acc": {
  "mean": 0.7125,
  "std": 0.11086778913041725
 },
 "auc": {
  "mean": 0.8228637941919191,
  "std": 0.08636092060440123
 },
 "balanced_acc": {
  "mean": 0.7170770202020201,
  "std": 0.11478392576297358
 },
 "sen": {
  "mean": 0.7494318181818181,
  "std": 0.13095820574859968
 },
 "spec": {
  "mean": 0.6847222222222222,
  "std": 0.12200106253332081
 },
 "f1": {
  "mean": 0.7224681020733652,
  "std": 0.09486617972188612
 }
}

### exit=0 duration=5s
