### rf-s100 started 2026-09-23T01:57:37
$ /root/EMS-Projects/.venv/bin/python src/baseline/run_experiment.py --method rf --seed 100
  Set_0: auc=0.8270 acc=0.7250 sen=0.8182 spec=0.6111 f1=0.7660
  Set_1: auc=0.8646 acc=0.8500 sen=0.7500 spec=0.9167 f1=0.8000
  Set_2: auc=0.9387 acc=0.9000 sen=0.9500 spec=0.8500 f1=0.9048
  Set_3: auc=0.7828 acc=0.7500 sen=0.6364 spec=0.8889 f1=0.7368
{
 "acc": {
  "mean": 0.80625,
  "std": 0.08260094833999589
 },
 "auc": {
  "mean": 0.8532954545454545,
  "std": 0.06604520353882871
 },
 "balanced_acc": {
  "mean": 0.8026515151515151,
  "std": 0.08116857196260246
 },
 "sen": {
  "mean": 0.7886363636363637,
  "std": 0.13113721705515063
 },
 "spec": {
  "mean": 0.8166666666666667,
  "std": 0.13973814429565537
 },
 "f1": {
  "mean": 0.8018903642083933,
  "std": 0.07327704933416809
 }
}

### exit=0 duration=9s
