### rf-s13 started 2026-09-23T01:57:42
$ /root/EMS-Projects/.venv/bin/python src/baseline/run_experiment.py --method rf --seed 13
  Set_0: auc=0.8321 acc=0.7500 sen=0.8182 spec=0.6667 f1=0.7826
  Set_1: auc=0.8646 acc=0.8500 sen=0.7500 spec=0.9167 f1=0.8000
  Set_2: auc=0.9450 acc=0.9000 sen=0.9500 spec=0.8500 f1=0.9048
  Set_3: auc=0.7980 acc=0.7750 sen=0.6818 spec=0.8889 f1=0.7692
{
 "acc": {
  "mean": 0.81875,
  "std": 0.06884463184107628
 },
 "auc": {
  "mean": 0.8599084595959595,
  "std": 0.06290872829748155
 },
 "balanced_acc": {
  "mean": 0.8152777777777778,
  "std": 0.06759426978392227
 },
 "sen": {
  "mean": 0.8,
  "std": 0.11445162101831065
 },
 "spec": {
  "mean": 0.8305555555555555,
  "std": 0.11262852740396274
 },
 "f1": {
  "mean": 0.8141503424112119,
  "std": 0.06170718747162041
 }
}

### exit=0 duration=9s
