### rf-s2026 started 2026-09-23T01:57:46
$ /root/EMS-Projects/.venv/bin/python src/baseline/run_experiment.py --method rf --seed 2026
  Set_0: auc=0.8270 acc=0.7750 sen=0.8182 spec=0.7222 f1=0.8000
  Set_1: auc=0.8646 acc=0.8000 sen=0.6875 spec=0.8750 f1=0.7333
  Set_2: auc=0.9450 acc=0.9000 sen=0.9500 spec=0.8500 f1=0.9048
  Set_3: auc=0.7929 acc=0.7500 sen=0.6364 spec=0.8889 f1=0.7368
{
 "acc": {
  "mean": 0.80625,
  "std": 0.06574889099191458
 },
 "auc": {
  "mean": 0.857383207070707,
  "std": 0.0653318792659401
 },
 "balanced_acc": {
  "mean": 0.8035195707070707,
  "std": 0.06477326823485548
 },
 "sen": {
  "mean": 0.7730113636363637,
  "std": 0.14065340622188352
 },
 "spec": {
  "mean": 0.8340277777777778,
  "std": 0.07625408981813217
 },
 "f1": {
  "mean": 0.7937343358395991,
  "std": 0.0801069839067172
 }
}

### exit=0 duration=7s
