### rf-s42 started 2026-09-23T01:57:42
$ /root/EMS-Projects/.venv/bin/python src/baseline/run_experiment.py --method rf --seed 42
  Set_0: auc=0.8258 acc=0.7250 sen=0.8182 spec=0.6111 f1=0.7660
  Set_1: auc=0.8581 acc=0.8250 sen=0.6875 spec=0.9167 f1=0.7586
  Set_2: auc=0.9325 acc=0.9000 sen=0.9500 spec=0.8500 f1=0.9048
  Set_3: auc=0.7942 acc=0.7250 sen=0.5909 spec=0.8889 f1=0.7027
{
 "acc": {
  "mean": 0.79375,
  "std": 0.0850857410694256
 },
 "auc": {
  "mean": 0.8526306029040404,
  "std": 0.05929018669106182
 },
 "balanced_acc": {
  "mean": 0.7891571969696969,
  "std": 0.08252561658877176
 },
 "sen": {
  "mean": 0.7616477272727273,
  "std": 0.15633537612397166
 },
 "spec": {
  "mean": 0.8166666666666667,
  "std": 0.13973814429565537
 },
 "f1": {
  "mean": 0.7830106859820727,
  "std": 0.08594264820198604
 }
}

### exit=0 duration=8s
