### rf-s3 started 2026-09-23T01:57:42
$ /root/EMS-Projects/.venv/bin/python src/baseline/run_experiment.py --method rf --seed 3
  Set_0: auc=0.8384 acc=0.7250 sen=0.8182 spec=0.6111 f1=0.7660
  Set_1: auc=0.8685 acc=0.8250 sen=0.7500 spec=0.8750 f1=0.7742
  Set_2: auc=0.9475 acc=0.9000 sen=0.9500 spec=0.8500 f1=0.9048
  Set_3: auc=0.7904 acc=0.7500 sen=0.6364 spec=0.8889 f1=0.7368
{
 "acc": {
  "mean": 0.7999999999999999,
  "std": 0.0790569415042095
 },
 "auc": {
  "mean": 0.8611943655303029,
  "std": 0.06591275300018996
 },
 "balanced_acc": {
  "mean": 0.7974431818181819,
  "std": 0.07918779991423083
 },
 "sen": {
  "mean": 0.7886363636363637,
  "std": 0.13113721705515063
 },
 "spec": {
  "mean": 0.80625,
  "std": 0.13108393864693493
 },
 "f1": {
  "mean": 0.7954387513051676,
  "std": 0.07462266137251802
 }
}

### exit=0 duration=9s
