### rf-s2024 started 2026-09-23T01:57:42
$ /root/EMS-Projects/.venv/bin/python src/baseline/run_experiment.py --method rf --seed 2024
  Set_0: auc=0.8295 acc=0.7250 sen=0.8182 spec=0.6111 f1=0.7660
  Set_1: auc=0.8646 acc=0.8250 sen=0.6875 spec=0.9167 f1=0.7586
  Set_2: auc=0.9350 acc=0.9000 sen=0.9500 spec=0.8500 f1=0.9048
  Set_3: auc=0.8068 acc=0.7500 sen=0.6364 spec=0.8889 f1=0.7368
{
 "acc": {
  "mean": 0.7999999999999999,
  "std": 0.0790569415042095
 },
 "auc": {
  "mean": 0.8589867424242426,
  "std": 0.05596929308335673
 },
 "balanced_acc": {
  "mean": 0.7948390151515151,
  "std": 0.07869735163265426
 },
 "sen": {
  "mean": 0.7730113636363637,
  "std": 0.14065340622188352
 },
 "spec": {
  "mean": 0.8166666666666667,
  "std": 0.13973814429565537
 },
 "f1": {
  "mean": 0.7915455366221864,
  "std": 0.07648356534862943
 }
}

### exit=0 duration=9s
