### rf-s0 started 2026-09-23T01:57:37
$ /root/EMS-Projects/.venv/bin/python src/baseline/run_experiment.py --method rf --seed 0
  Set_0: auc=0.8447 acc=0.7500 sen=0.8182 spec=0.6667 f1=0.7826
  Set_1: auc=0.8776 acc=0.8000 sen=0.6875 spec=0.8750 f1=0.7333
  Set_2: auc=0.9425 acc=0.9000 sen=0.9500 spec=0.8500 f1=0.9048
  Set_3: auc=0.7879 acc=0.7750 sen=0.6818 spec=0.8889 f1=0.7692
{
 "acc": {
  "mean": 0.80625,
  "std": 0.06574889099191458
 },
 "auc": {
  "mean": 0.8631699810606062,
  "std": 0.06457970150291731
 },
 "balanced_acc": {
  "mean": 0.8022569444444445,
  "std": 0.06797223475842004
 },
 "sen": {
  "mean": 0.784375,
  "std": 0.1271183282892453
 },
 "spec": {
  "mean": 0.8201388888888889,
  "std": 0.10357237881945644
 },
 "f1": {
  "mean": 0.7974836757445453,
  "std": 0.0744835028978484
 }
}

### exit=0 duration=8s
