### rf-s64 started 2026-09-23T01:57:46
$ /root/EMS-Projects/.venv/bin/python src/baseline/run_experiment.py --method rf --seed 64
  Set_0: auc=0.8346 acc=0.7500 sen=0.8636 spec=0.6111 f1=0.7917
  Set_1: auc=0.8646 acc=0.8500 sen=0.7500 spec=0.9167 f1=0.8000
  Set_2: auc=0.9525 acc=0.9000 sen=0.9500 spec=0.8500 f1=0.9048
  Set_3: auc=0.7929 acc=0.7500 sen=0.6364 spec=0.8889 f1=0.7368
{
 "acc": {
  "mean": 0.8125,
  "std": 0.07500000000000001
 },
 "auc": {
  "mean": 0.8611521464646466,
  "std": 0.06761605379975764
 },
 "balanced_acc": {
  "mean": 0.8083333333333332,
  "std": 0.07337615041494074
 },
 "sen": {
  "mean": 0.7999999999999999,
  "std": 0.13641413206481665
 },
 "spec": {
  "mean": 0.8166666666666667,
  "std": 0.13973814429565537
 },
 "f1": {
  "mean": 0.8083176691729324,
  "std": 0.07013483756188382
 }
}

### exit=0 duration=8s
