### rf-s1234 started 2026-09-23T01:57:37
$ /root/EMS-Projects/.venv/bin/python src/baseline/run_experiment.py --method rf --seed 1234
  Set_0: auc=0.8434 acc=0.7750 sen=0.8636 spec=0.6667 f1=0.8085
  Set_1: auc=0.8542 acc=0.8500 sen=0.7500 spec=0.9167 f1=0.8000
  Set_2: auc=0.9500 acc=0.9000 sen=0.9500 spec=0.8500 f1=0.9048
  Set_3: auc=0.7929 acc=0.7750 sen=0.6818 spec=0.8889 f1=0.7692
{
 "acc": {
  "mean": 0.825,
  "std": 0.06123724356957945
 },
 "auc": {
  "mean": 0.8601325757575757,
  "std": 0.06559181401381237
 },
 "balanced_acc": {
  "mean": 0.8209595959595959,
  "std": 0.05995228181042063
 },
 "sen": {
  "mean": 0.8113636363636363,
  "std": 0.11902380714238084
 },
 "spec": {
  "mean": 0.8305555555555555,
  "std": 0.11262852740396274
 },
 "f1": {
  "mean": 0.8206258280726365,
  "std": 0.05857341285652259
 }
}

### exit=0 duration=8s
