### rf-s123 started 2026-09-23T01:57:42
$ /root/EMS-Projects/.venv/bin/python src/baseline/run_experiment.py --method rf --seed 123
  Set_0: auc=0.8283 acc=0.7250 sen=0.8182 spec=0.6111 f1=0.7660
  Set_1: auc=0.8802 acc=0.8250 sen=0.6875 spec=0.9167 f1=0.7586
  Set_2: auc=0.9275 acc=0.9000 sen=0.9500 spec=0.8500 f1=0.9048
  Set_3: auc=0.7765 acc=0.7250 sen=0.6364 spec=0.8333 f1=0.7179
{
 "acc": {
  "mean": 0.79375,
  "std": 0.0850857410694256
 },
 "auc": {
  "mean": 0.8531265782828283,
  "std": 0.0651954751496795
 },
 "balanced_acc": {
  "mean": 0.7878945707070707,
  "std": 0.08356259236484273
 },
 "sen": {
  "mean": 0.7730113636363637,
  "std": 0.14065340622188352
 },
 "spec": {
  "mean": 0.8027777777777778,
  "std": 0.1327533682816502
 },
 "f1": {
  "mean": 0.7868221897935764,
  "std": 0.08141251664755303
 }
}

### exit=0 duration=9s
