### svm_linear-s64 started 2026-09-23T01:57:37
$ /root/EMS-Projects/.venv/bin/python src/baseline/run_experiment.py --method svm_linear --seed 64
/root/EMS-Projects/.venv/lib/python3.12/site-packages/sklearn/svm/_base.py:239: FutureWarning: The `probability` parameter was deprecated in 1.9 and will be removed in version 1.11. Use `CalibratedClassifierCV(SVC(), ensemble=False)` instead of `SVC(probability=True)`
  warnings.warn(
  Set_0: auc=0.8005 acc=0.6750 sen=0.6818 spec=0.6667 f1=0.6977
/root/EMS-Projects/.venv/lib/python3.12/site-packages/sklearn/svm/_base.py:239: FutureWarning: The `probability` parameter was deprecated in 1.9 and will be removed in version 1.11. Use `CalibratedClassifierCV(SVC(), ensemble=False)` instead of `SVC(probability=True)`
  warnings.warn(
  Set_1: auc=0.7370 acc=0.7000 sen=0.7500 spec=0.6667 f1=0.6667
/root/EMS-Projects/.venv/lib/python3.12/site-packages/sklearn/svm/_base.py:239: FutureWarning: The `probability` parameter was deprecated in 1.9 and will be removed in version 1.11. Use `CalibratedClassifierCV(SVC(), ensemble=False)` instead of `SVC(probability=True)`
  warnings.warn(
  Set_2: auc=0.9200 acc=0.8500 sen=0.8000 spec=0.9000 f1=0.8421
/root/EMS-Projects/.venv/lib/python3.12/site-packages/sklearn/svm/_base.py:239: FutureWarning: The `probability` parameter was deprecated in 1.9 and will be removed in version 1.11. Use `CalibratedClassifierCV(SVC(), ensemble=False)` instead of `SVC(probability=True)`
  warnings.warn(
  Set_3: auc=0.8182 acc=0.7750 sen=0.7727 spec=0.7778 f1=0.7907
{
 "acc": {
  "mean": 0.75,
  "std": 0.07905694150420947
 },
 "auc": {
  "mean": 0.8189165088383838,
  "std": 0.07587516457073096
 },
 "balanced_acc": {
  "mean": 0.7519570707070706,
  "std": 0.07766957989757102
 },
 "sen": {
  "mean": 0.7511363636363635,
  "std": 0.050530927714097895
 },
 "spec": {
  "mean": 0.7527777777777778,
  "std": 0.11124991330278218
 },
 "f1": {
  "mean": 0.7492860057119543,
  "std": 0.08128151074280894
 }
}

### exit=0 duration=5s
