### svm_linear-s3 started 2026-09-23T01:57:37
$ /root/EMS-Projects/.venv/bin/python src/baseline/run_experiment.py --method svm_linear --seed 3
/root/EMS-Projects/.venv/lib/python3.12/site-packages/sklearn/svm/_base.py:239: FutureWarning: The `probability` parameter was deprecated in 1.9 and will be removed in version 1.11. Use `CalibratedClassifierCV(SVC(), ensemble=False)` instead of `SVC(probability=True)`
  warnings.warn(
  Set_0: auc=0.8005 acc=0.6750 sen=0.6818 spec=0.6667 f1=0.6977
/root/EMS-Projects/.venv/lib/python3.12/site-packages/sklearn/svm/_base.py:239: FutureWarning: The `probability` parameter was deprecated in 1.9 and will be removed in version 1.11. Use `CalibratedClassifierCV(SVC(), ensemble=False)` instead of `SVC(probability=True)`
  warnings.warn(
  Set_1: auc=0.7370 acc=0.7000 sen=0.7500 spec=0.6667 f1=0.6667
/root/EMS-Projects/.venv/lib/python3.12/site-packages/sklearn/svm/_base.py:239: FutureWarning: The `probability` parameter was deprecated in 1.9 and will be removed in version 1.11. Use `CalibratedClassifierCV(SVC(), ensemble=False)` instead of `SVC(probability=True)`
  warnings.warn(
  Set_2: auc=0.9200 acc=0.8250 sen=0.7500 spec=0.9000 f1=0.8108
/root/EMS-Projects/.venv/lib/python3.12/site-packages/sklearn/svm/_base.py:239: FutureWarning: The `probability` parameter was deprecated in 1.9 and will be removed in version 1.11. Use `CalibratedClassifierCV(SVC(), ensemble=False)` instead of `SVC(probability=True)`
  warnings.warn(
  Set_3: auc=0.8182 acc=0.7750 sen=0.7727 spec=0.7778 f1=0.7907
{
 "acc": {
  "mean": 0.74375,
  "std": 0.06884463184107625
 },
 "auc": {
  "mean": 0.8189165088383838,
  "std": 0.07587516457073096
 },
 "balanced_acc": {
  "mean": 0.7457070707070705,
  "std": 0.0674889977693871
 },
 "sen": {
  "mean": 0.7386363636363635,
  "std": 0.039364791081110864
 },
 "spec": {
  "mean": 0.7527777777777778,
  "std": 0.11124991330278218
 },
 "f1": {
  "mean": 0.7414623926251832,
  "std": 0.07010730672478822
 }
}

### exit=0 duration=5s
