### svm_linear-s100 started 2026-09-23T01:56:01
$ /root/EMS-Projects/.venv/bin/python src/baseline/run_experiment.py --method svm_linear --seed 100
/root/EMS-Projects/.venv/lib/python3.12/site-packages/sklearn/svm/_base.py:239: FutureWarning: The `probability` parameter was deprecated in 1.9 and will be removed in version 1.11. Use `CalibratedClassifierCV(SVC(), ensemble=False)` instead of `SVC(probability=True)`
  warnings.warn(
  Set_0: auc=0.7992 acc=0.6500 sen=0.7273 spec=0.5556 f1=0.6957
/root/EMS-Projects/.venv/lib/python3.12/site-packages/sklearn/svm/_base.py:239: FutureWarning: The `probability` parameter was deprecated in 1.9 and will be removed in version 1.11. Use `CalibratedClassifierCV(SVC(), ensemble=False)` instead of `SVC(probability=True)`
  warnings.warn(
  Set_1: auc=0.7370 acc=0.7000 sen=0.7500 spec=0.6667 f1=0.6667
/root/EMS-Projects/.venv/lib/python3.12/site-packages/sklearn/svm/_base.py:239: FutureWarning: The `probability` parameter was deprecated in 1.9 and will be removed in version 1.11. Use `CalibratedClassifierCV(SVC(), ensemble=False)` instead of `SVC(probability=True)`
  warnings.warn(
  Set_2: auc=0.9200 acc=0.8500 sen=0.8000 spec=0.9000 f1=0.8421
/root/EMS-Projects/.venv/lib/python3.12/site-packages/sklearn/svm/_base.py:239: FutureWarning: The `probability` parameter was deprecated in 1.9 and will be removed in version 1.11. Use `CalibratedClassifierCV(SVC(), ensemble=False)` instead of `SVC(probability=True)`
  warnings.warn(
  Set_3: auc=0.8182 acc=0.7750 sen=0.7727 spec=0.7778 f1=0.7907
{
 "acc": {
  "mean": 0.74375,
  "std": 0.0875
 },
 "auc": {
  "mean": 0.8186008522727273,
  "std": 0.07597984611365845
 },
 "balanced_acc": {
  "mean": 0.7437499999999999,
  "std": 0.08945844440775959
 },
 "sen": {
  "mean": 0.7625,
  "std": 0.03113442816368867
 },
 "spec": {
  "mean": 0.725,
  "std": 0.14778891631650942
 },
 "f1": {
  "mean": 0.7487804445390523,
  "std": 0.08171466940356349
 }
}

### exit=0 duration=5s
