=== roman_features ablation run A1_freq20 (feature_set=base45_freq20, dim=63, seed=2024, device=cpu, folds=['Set_0', 'Set_1', 'Set_2', 'Set_3']) ===
hp={'epochs': 150, 'patience': 30, 'lr': 0.001, 'weight_decay': 0.0001, 'batch_size': 16, 'dropout': 0.3, 'threshold': 0.5, 'seed': 2026} model={'experiment_ref': 'EXP-PROP-001', 'deviation': 'learned', 'comparator': 'mlp', 'pool': 'deepset', 'n_stim': 100} smoke=False
Set_0: AUC=0.9571 Acc=0.7500 Sen=0.5455 Spec=1.0000 F1=0.7059 (best epoch 31, 62 epochs, early_stopping)
Set_1: AUC=0.7995 Acc=0.7000 Sen=0.8125 Spec=0.6250 F1=0.6842 (best epoch 14, 45 epochs, early_stopping)
Set_2: AUC=0.9650 Acc=0.6000 Sen=1.0000 Spec=0.2000 F1=0.7143 (best epoch 0, 31 epochs, early_stopping)
Set_3: AUC=0.8712 Acc=0.8250 Sen=0.7727 Spec=0.8889 F1=0.8293 (best epoch 32, 63 epochs, early_stopping)
{
 "acc": {
  "mean": 0.71875,
  "std": 0.09437293044088436
 },
 "auc": {
  "mean": 0.8981904987373737,
  "std": 0.07832017263644155
 },
 "balanced_acc": {
  "mean": 0.7305713383838384,
  "std": 0.09834148968555761
 },
 "sen": {
  "mean": 0.7826704545454546,
  "std": 0.18662992569967624
 },
 "spec": {
  "mean": 0.6784722222222221,
  "std": 0.3556450625185553
 },
 "f1": {
  "mean": 0.7334117215564018,
  "std": 0.06514831829937683
 }
}
