=== roman_features ablation run A2_k (feature_set=base45_k, dim=46, seed=2026, device=cpu, folds=['Set_0', 'Set_1', 'Set_2', 'Set_3']) ===
hp={'epochs': 150, 'patience': 30, 'lr': 0.001, 'weight_decay': 0.0001, 'batch_size': 16, 'dropout': 0.3, 'threshold': 0.5, 'seed': 2026} model={'experiment_ref': 'EXP-PROP-001', 'deviation': 'learned', 'comparator': 'mlp', 'pool': 'deepset', 'n_stim': 100} smoke=False
Set_0: AUC=0.9646 Acc=0.9000 Sen=0.8182 Spec=1.0000 F1=0.9000 (best epoch 3, 34 epochs, early_stopping)
Set_1: AUC=0.8672 Acc=0.7250 Sen=0.6250 Spec=0.7917 F1=0.6452 (best epoch 18, 49 epochs, early_stopping)
Set_2: AUC=0.9675 Acc=0.8750 Sen=0.9000 Spec=0.8500 F1=0.8780 (best epoch 15, 46 epochs, early_stopping)
Set_3: AUC=0.8838 Acc=0.7500 Sen=0.8182 Spec=0.6667 F1=0.7826 (best epoch 13, 44 epochs, early_stopping)
{
 "acc": {
  "mean": 0.8125,
  "std": 0.08779711460710617
 },
 "auc": {
  "mean": 0.9207930871212122,
  "std": 0.05273791645603362
 },
 "balanced_acc": {
  "mean": 0.8087121212121211,
  "std": 0.09821739129845664
 },
 "sen": {
  "mean": 0.7903409090909091,
  "std": 0.11678037060515646
 },
 "spec": {
  "mean": 0.8270833333333333,
  "std": 0.13833918996973157
 },
 "f1": {
  "mean": 0.8014546916156398,
  "std": 0.11598941202588847
 }
}
