=== roman_features ablation run A0_base45 (feature_set=base45, dim=45, seed=2026, device=cpu, folds=['Set_0']) ===
hp={'epochs': 2, 'patience': 5, 'lr': 0.001, 'weight_decay': 0.0001, 'batch_size': 16, 'dropout': 0.3, 'threshold': 0.5, 'seed': 2026} model={'experiment_ref': 'EXP-PROP-001', 'deviation': 'learned', 'comparator': 'mlp', 'pool': 'deepset', 'n_stim': 100} smoke=True
Set_0: AUC=0.8788 Acc=0.7000 Sen=0.6364 Spec=0.7778 F1=0.7000 (best epoch 1, 2 epochs, max_epochs)
{
 "acc": {
  "mean": 0.7,
  "std": NaN
 },
 "auc": {
  "mean": 0.8787878787878789,
  "std": NaN
 },
 "balanced_acc": {
  "mean": 0.7070707070707071,
  "std": NaN
 },
 "sen": {
  "mean": 0.6363636363636364,
  "std": NaN
 },
 "spec": {
  "mean": 0.7777777777777778,
  "std": NaN
 },
 "f1": {
  "mean": 0.7000000000000001,
  "std": NaN
 }
}
