=== roman_features ablation run A3_freq20_k (feature_set=base45_freq20_k, dim=64, seed=3, device=cpu, folds=['Set_0', 'Set_1', 'Set_2', 'Set_3']) ===
hp={'epochs': 150, 'patience': 30, 'lr': 0.001, 'weight_decay': 0.0001, 'batch_size': 16, 'dropout': 0.3, 'threshold': 0.5, 'seed': 2026} model={'experiment_ref': 'EXP-PROP-001', 'deviation': 'learned', 'comparator': 'mlp', 'pool': 'deepset', 'n_stim': 100} smoke=False
Set_0: AUC=0.9621 Acc=0.7500 Sen=1.0000 Spec=0.4444 F1=0.8148 (best epoch 35, 66 epochs, early_stopping)
Set_1: AUC=0.9375 Acc=0.7000 Sen=0.3125 Spec=0.9583 F1=0.4545 (best epoch 3, 34 epochs, early_stopping)
Set_2: AUC=0.9850 Acc=0.8750 Sen=0.9000 Spec=0.8500 F1=0.8780 (best epoch 25, 56 epochs, early_stopping)
Set_3: AUC=0.8889 Acc=0.7750 Sen=0.7727 Spec=0.7778 F1=0.7907 (best epoch 20, 51 epochs, early_stopping)
{
 "acc": {
  "mean": 0.775,
  "std": 0.07359800721939874
 },
 "auc": {
  "mean": 0.9433775252525253,
  "std": 0.041179740153778815
 },
 "balanced_acc": {
  "mean": 0.7519728535353536,
  "std": 0.10024647399184168
 },
 "sen": {
  "mean": 0.7463068181818182,
  "std": 0.30379171623435863
 },
 "spec": {
  "mean": 0.7576388888888889,
  "std": 0.22158908648899842
 },
 "f1": {
  "mean": 0.7345266810666696,
  "std": 0.1902537298289465
 }
}
