=== roman_features ablation run A4_freq10 (feature_set=base45_freq10, dim=81, seed=3, device=cpu, folds=['Set_0', 'Set_1', 'Set_2', 'Set_3']) ===
hp={'epochs': 150, 'patience': 30, 'lr': 0.001, 'weight_decay': 0.0001, 'batch_size': 16, 'dropout': 0.3, 'threshold': 0.5, 'seed': 2026} model={'experiment_ref': 'EXP-PROP-001', 'deviation': 'learned', 'comparator': 'mlp', 'pool': 'deepset', 'n_stim': 100} smoke=False
Set_0: AUC=0.9444 Acc=0.8250 Sen=0.8636 Spec=0.7778 F1=0.8444 (best epoch 31, 62 epochs, early_stopping)
Set_1: AUC=0.8724 Acc=0.8000 Sen=0.7500 Spec=0.8333 F1=0.7500 (best epoch 3, 34 epochs, early_stopping)
Set_2: AUC=0.9550 Acc=0.9000 Sen=0.9000 Spec=0.9000 F1=0.9000 (best epoch 4, 35 epochs, early_stopping)
Set_3: AUC=0.9091 Acc=0.8500 Sen=0.7727 Spec=0.9444 F1=0.8500 (best epoch 41, 72 epochs, early_stopping)
{
 "acc": {
  "mean": 0.84375,
  "std": 0.04269562819149833
 },
 "auc": {
  "mean": 0.9202327967171717,
  "std": 0.03744987332173514
 },
 "balanced_acc": {
  "mean": 0.842739898989899,
  "std": 0.04698841766963149
 },
 "sen": {
  "mean": 0.821590909090909,
  "std": 0.0717140595426598
 },
 "spec": {
  "mean": 0.8638888888888889,
  "std": 0.07335297155680873
 },
 "f1": {
  "mean": 0.8361111111111111,
  "std": 0.06260793149769248
 }
}
