=== roman_features ablation run A1_freq20 (feature_set=base45_freq20, dim=63, seed=3, device=cpu, folds=['Set_0', 'Set_1', 'Set_2', 'Set_3']) ===
hp={'epochs': 150, 'patience': 30, 'lr': 0.001, 'weight_decay': 0.0001, 'batch_size': 16, 'dropout': 0.3, 'threshold': 0.5, 'seed': 2026} model={'experiment_ref': 'EXP-PROP-001', 'deviation': 'learned', 'comparator': 'mlp', 'pool': 'deepset', 'n_stim': 100} smoke=False
Set_0: AUC=0.9470 Acc=0.8500 Sen=0.8636 Spec=0.8333 F1=0.8636 (best epoch 5, 36 epochs, early_stopping)
Set_1: AUC=0.8464 Acc=0.7250 Sen=0.7500 Spec=0.7083 F1=0.6857 (best epoch 3, 34 epochs, early_stopping)
Set_2: AUC=0.9825 Acc=0.8500 Sen=1.0000 Spec=0.7000 F1=0.8696 (best epoch 30, 61 epochs, early_stopping)
Set_3: AUC=0.8535 Acc=0.7000 Sen=0.5909 Spec=0.8333 F1=0.6842 (best epoch 9, 40 epochs, early_stopping)
{
 "acc": {
  "mean": 0.78125,
  "std": 0.08003905296791063
 },
 "auc": {
  "mean": 0.9073398042929293,
  "std": 0.06790618609597486
 },
 "balanced_acc": {
  "mean": 0.7849431818181818,
  "std": 0.0745743296041238
 },
 "sen": {
  "mean": 0.8011363636363636,
  "std": 0.17345838093720167
 },
 "spec": {
  "mean": 0.76875,
  "std": 0.07465197027987051
 },
 "f1": {
  "mean": 0.7757815982644358,
  "std": 0.10489869561140185
 }
}
