=== roman_features ablation run A1_freq20 (feature_set=base45_freq20, dim=63, seed=123, device=cpu, folds=['Set_0', 'Set_1', 'Set_2', 'Set_3']) ===
hp={'epochs': 150, 'patience': 30, 'lr': 0.001, 'weight_decay': 0.0001, 'batch_size': 16, 'dropout': 0.3, 'threshold': 0.5, 'seed': 2026} model={'experiment_ref': 'EXP-PROP-001', 'deviation': 'learned', 'comparator': 'mlp', 'pool': 'deepset', 'n_stim': 100} smoke=False
Set_0: AUC=0.9217 Acc=0.8750 Sen=0.8636 Spec=0.8889 F1=0.8837 (best epoch 4, 35 epochs, early_stopping)
Set_1: AUC=0.8802 Acc=0.8250 Sen=0.8750 Spec=0.7917 F1=0.8000 (best epoch 21, 52 epochs, early_stopping)
Set_2: AUC=0.9825 Acc=0.9250 Sen=0.8500 Spec=1.0000 F1=0.9189 (best epoch 20, 51 epochs, early_stopping)
Set_3: AUC=0.9192 Acc=0.8000 Sen=0.7727 Spec=0.8333 F1=0.8095 (best epoch 12, 43 epochs, early_stopping)
{
 "acc": {
  "mean": 0.85625,
  "std": 0.05543389456520864
 },
 "auc": {
  "mean": 0.9259043560606062,
  "std": 0.04224445812745971
 },
 "balanced_acc": {
  "mean": 0.8594065656565657,
  "std": 0.05305569978682221
 },
 "sen": {
  "mean": 0.8403409090909091,
  "std": 0.04621988260704875
 },
 "spec": {
  "mean": 0.8784722222222222,
  "std": 0.09027777777777778
 },
 "f1": {
  "mean": 0.8530409146688216,
  "std": 0.05770110301682343
 }
}
