=== roman_features ablation run A4_freq10 (feature_set=base45_freq10, dim=81, seed=2026, device=cpu, folds=['Set_0', 'Set_1', 'Set_2', 'Set_3']) ===
hp={'epochs': 150, 'patience': 30, 'lr': 0.001, 'weight_decay': 0.0001, 'batch_size': 16, 'dropout': 0.3, 'threshold': 0.5, 'seed': 2026} model={'experiment_ref': 'EXP-PROP-001', 'deviation': 'learned', 'comparator': 'mlp', 'pool': 'deepset', 'n_stim': 100} smoke=False
Set_0: AUC=0.9520 Acc=0.9000 Sen=0.9091 Spec=0.8889 F1=0.9091 (best epoch 8, 39 epochs, early_stopping)
Set_1: AUC=0.8255 Acc=0.7500 Sen=0.5625 Spec=0.8750 F1=0.6429 (best epoch 6, 37 epochs, early_stopping)
Set_2: AUC=0.9800 Acc=0.9000 Sen=0.9000 Spec=0.9000 F1=0.9000 (best epoch 43, 74 epochs, early_stopping)
Set_3: AUC=0.8561 Acc=0.8000 Sen=0.7273 Spec=0.8889 F1=0.8000 (best epoch 11, 42 epochs, early_stopping)
{
 "acc": {
  "mean": 0.8374999999999999,
  "std": 0.07500000000000001
 },
 "auc": {
  "mean": 0.9034004103535354,
  "std": 0.07424658659506463
 },
 "balanced_acc": {
  "mean": 0.8314551767676768,
  "std": 0.08661822263882295
 },
 "sen": {
  "mean": 0.774715909090909,
  "std": 0.16435651455725891
 },
 "spec": {
  "mean": 0.8881944444444444,
  "std": 0.010237659438655554
 },
 "f1": {
  "mean": 0.8129870129870129,
  "std": 0.12372018694349762
 }
}
