=== roman_features ablation run A3_freq20_k (feature_set=base45_freq20_k, dim=64, seed=42, device=cpu, folds=['Set_0', 'Set_1', 'Set_2', 'Set_3']) ===
hp={'epochs': 150, 'patience': 30, 'lr': 0.001, 'weight_decay': 0.0001, 'batch_size': 16, 'dropout': 0.3, 'threshold': 0.5, 'seed': 2026} model={'experiment_ref': 'EXP-PROP-001', 'deviation': 'learned', 'comparator': 'mlp', 'pool': 'deepset', 'n_stim': 100} smoke=False
Set_0: AUC=0.9596 Acc=0.8000 Sen=0.6818 Spec=0.9444 F1=0.7895 (best epoch 5, 36 epochs, early_stopping)
Set_1: AUC=0.8359 Acc=0.7500 Sen=0.6250 Spec=0.8333 F1=0.6667 (best epoch 1, 32 epochs, early_stopping)
Set_2: AUC=0.9750 Acc=0.8250 Sen=1.0000 Spec=0.6500 F1=0.8511 (best epoch 8, 39 epochs, early_stopping)
Set_3: AUC=0.8535 Acc=0.7500 Sen=0.6364 Spec=0.8889 F1=0.7368 (best epoch 6, 37 epochs, early_stopping)
{
 "acc": {
  "mean": 0.78125,
  "std": 0.03749999999999999
 },
 "auc": {
  "mean": 0.9060172032828284,
  "std": 0.07140219122713795
 },
 "balanced_acc": {
  "mean": 0.7824810606060606,
  "std": 0.04466145165199593
 },
 "sen": {
  "mean": 0.7357954545454545,
  "std": 0.1778387912546954
 },
 "spec": {
  "mean": 0.8291666666666666,
  "std": 0.12776771296914669
 },
 "f1": {
  "mean": 0.7610115714818962,
  "std": 0.07832544339434452
 }
}
