=== roman_features ablation run A1_freq20 (feature_set=base45_freq20, dim=63, seed=2026, device=cpu, folds=['Set_0']) ===
hp={'epochs': 2, 'patience': 5, 'lr': 0.001, 'weight_decay': 0.0001, 'batch_size': 16, 'dropout': 0.3, 'threshold': 0.5, 'seed': 2026} model={'experiment_ref': 'EXP-PROP-001', 'deviation': 'learned', 'comparator': 'mlp', 'pool': 'deepset', 'n_stim': 100} smoke=True
Set_0: AUC=0.8914 Acc=0.7500 Sen=0.6364 Spec=0.8889 F1=0.7368 (best epoch 1, 2 epochs, max_epochs)
{
 "acc": {
  "mean": 0.75,
  "std": NaN
 },
 "auc": {
  "mean": 0.8914141414141414,
  "std": NaN
 },
 "balanced_acc": {
  "mean": 0.7626262626262625,
  "std": NaN
 },
 "sen": {
  "mean": 0.6363636363636364,
  "std": NaN
 },
 "spec": {
  "mean": 0.8888888888888888,
  "std": NaN
 },
 "f1": {
  "mean": 0.7368421052631579,
  "std": NaN
 }
}
