=== roman_features ablation run A1_freq20 (feature_set=base45_freq20, dim=63, seed=13, device=cpu, folds=['Set_0', 'Set_1', 'Set_2', 'Set_3']) ===
hp={'epochs': 150, 'patience': 30, 'lr': 0.001, 'weight_decay': 0.0001, 'batch_size': 16, 'dropout': 0.3, 'threshold': 0.5, 'seed': 2026} model={'experiment_ref': 'EXP-PROP-001', 'deviation': 'learned', 'comparator': 'mlp', 'pool': 'deepset', 'n_stim': 100} smoke=False
Set_0: AUC=0.9773 Acc=0.9000 Sen=1.0000 Spec=0.7778 F1=0.9167 (best epoch 26, 57 epochs, early_stopping)
Set_1: AUC=0.9531 Acc=0.8750 Sen=0.7500 Spec=0.9583 F1=0.8276 (best epoch 36, 67 epochs, early_stopping)
Set_2: AUC=0.9675 Acc=0.8500 Sen=0.9000 Spec=0.8000 F1=0.8571 (best epoch 6, 37 epochs, early_stopping)
Set_3: AUC=0.8990 Acc=0.7750 Sen=0.6364 Spec=0.9444 F1=0.7568 (best epoch 26, 57 epochs, early_stopping)
{
 "acc": {
  "mean": 0.85,
  "std": 0.05400617248673217
 },
 "auc": {
  "mean": 0.9492219065656565,
  "std": 0.03492575919185823
 },
 "balanced_acc": {
  "mean": 0.8458648989898991,
  "std": 0.040877821814246026
 },
 "sen": {
  "mean": 0.821590909090909,
  "std": 0.1606364322340407
 },
 "spec": {
  "mean": 0.870138888888889,
  "std": 0.09442742221327245
 },
 "f1": {
  "mean": 0.8395381218657081,
  "std": 0.06646889449966656
 }
}
