=== roman_features ablation run A3_freq20_k (feature_set=base45_freq20_k, dim=64, seed=1234, device=cpu, folds=['Set_0', 'Set_1', 'Set_2', 'Set_3']) ===
hp={'epochs': 150, 'patience': 30, 'lr': 0.001, 'weight_decay': 0.0001, 'batch_size': 16, 'dropout': 0.3, 'threshold': 0.5, 'seed': 2026} model={'experiment_ref': 'EXP-PROP-001', 'deviation': 'learned', 'comparator': 'mlp', 'pool': 'deepset', 'n_stim': 100} smoke=False
Set_0: AUC=0.9823 Acc=0.6750 Sen=1.0000 Spec=0.2778 F1=0.7719 (best epoch 49, 80 epochs, early_stopping)
Set_1: AUC=0.8542 Acc=0.8250 Sen=0.7500 Spec=0.8750 F1=0.7742 (best epoch 19, 50 epochs, early_stopping)
Set_2: AUC=0.9650 Acc=0.7750 Sen=1.0000 Spec=0.5500 F1=0.8163 (best epoch 3, 34 epochs, early_stopping)
Set_3: AUC=0.9040 Acc=0.7500 Sen=0.6364 Spec=0.8889 F1=0.7368 (best epoch 20, 51 epochs, early_stopping)
{
 "acc": {
  "mean": 0.75625,
  "std": 0.062499999999999965
 },
 "auc": {
  "mean": 0.9263825757575759,
  "std": 0.05869404477168638
 },
 "balanced_acc": {
  "mean": 0.7472537878787878,
  "std": 0.07529095739461739
 },
 "sen": {
  "mean": 0.8465909090909091,
  "std": 0.18311563583745183
 },
 "spec": {
  "mean": 0.6479166666666667,
  "std": 0.292246997611898
 },
 "f1": {
  "mean": 0.7748230022059758,
  "std": 0.03252618479391693
 }
}
